
> build
> next build

node.exe :  ΓÜá Warning: Next.js inferred your workspace root, but it may not be correct.
At C:\Program Files\nodejs\npm.ps1:29 char:3
+   & $NODE_EXE $NPM_CLI_JS $args
+   ~~~~~~~~~~~~~~~~~~~~~~~~~~~~~
    + CategoryInfo          : NotSpecified: ( ΓÜá Warning: N...not be correct.:String) [], RemoteException
    + FullyQualifiedErrorId : NativeCommandError
 
 We detected multiple lockfiles and selected the directory of 
C:\GIT_Repo\Projects\ETLA\ETLA-Platform\package-lock.json as the root directory.
 To silence this warning, set `outputFileTracingRoot` in your Next.js config, or consider removing one of the 
lockfiles if it's not needed.
   See https://nextjs.org/docs/app/api-reference/config/next-config-js/output#caveats for more information.
 Detected additional lockfiles: 
   * C:\GIT_Repo\Projects\ETLA\ETLA-Platform\frontend\package-lock.json

   Γû▓ Next.js 15.5.4

   Creating an optimized production build ...
Failed to compile.

./src/app/reporting/ReportingClient.tsx
Error: 

Caused by:
    0: Failed to read source code from 
C:\GIT_Repo\Projects\ETLA\ETLA-Platform\frontend\src\app\reporting\ReportingClient.tsx
    1: stream did not contain valid UTF-8

Import trace for requested module:
./src/app/reporting/ReportingClient.tsx
./src/app/reporting/page.tsx


> Build failed because of webpack errors
