src/app/project-management/page-schema-compatible.tsx(696,17): error TS2322: Type '{ type: "text"; placeholder: string; value: string; onChange: (e: ChangeEvent<HTMLInputElement>) => void; className: string; icon: Element; }' is not assignable to type 'IntrinsicAttributes & InputProps & RefAttributes<HTMLInputElement>'.
  Property 'icon' does not exist on type 'IntrinsicAttributes & InputProps & RefAttributes<HTMLInputElement>'.
src/app/project-management/page-schema-compatible.tsx(804,113): error TS2304: Cannot find name 'getStatusBadge'.
src/app/project-management/page-schema-compatible.tsx(804,128): error TS2304: Cannot find name 'risk'.
src/app/project-management/page-schema-compatible.tsx(804,143): error TS2304: Cannot find name 'risk'.
src/app/project-management/page-schema-compatible.tsx(805,104): error TS2322: Type 'Element' is not assignable to type '"secondary" | "success" | "default" | "destructive" | "outline" | "warning" | null | undefined'.
src/app/project-management/page-schema-compatible.tsx(884,113): error TS2304: Cannot find name 'getStatusBadge'.
src/app/project-management/page-schema-compatible.tsx(885,104): error TS2322: Type 'Element' is not assignable to type '"secondary" | "success" | "default" | "destructive" | "outline" | "warning" | null | undefined'.
src/app/project-management/page-schema-compatible.tsx(893,37): error TS2304: Cannot find name 'setSelectedWorkRequest'.
src/app/project-management/page-schema-compatible.tsx(894,37): error TS2304: Cannot find name 'setShowApprovalModal'.
src/app/project-management/page-schema-compatible.tsx(913,34): error TS2304: Cannot find name 'getStatusBadge'.
src/app/project-management/page-schema-compatible.tsx(927,35): error TS2304: Cannot find name 'setSelectedWorkRequest'.
src/app/project-management/page-schema-compatible.tsx(928,35): error TS2304: Cannot find name 'setShowApprovalModal'.
src/app/project-management/page-schema-compatible.tsx(963,104): error TS2322: Type 'Element' is not assignable to type '"secondary" | "success" | "default" | "destructive" | "outline" | "warning" | null | undefined'.
src/app/project-management/page-schema-compatible.tsx(964,110): error TS2304: Cannot find name 'getStatusBadge'.
src/app/project-management/page-schema-compatible.tsx(993,34): error TS2304: Cannot find name 'getStatusBadge'.
src/app/project-management/page-schema-compatible.tsx(1256,8): error TS2304: Cannot find name 'showApprovalModal'.
src/app/project-management/page-schema-compatible.tsx(1256,29): error TS2304: Cannot find name 'selectedWorkRequest'.
src/app/project-management/page-schema-compatible.tsx(1266,113): error TS2304: Cannot find name 'selectedWorkRequest'.
src/app/project-management/page-schema-compatible.tsx(1268,56): error TS2304: Cannot find name 'setShowApprovalModal'.
src/app/project-management/page-schema-compatible.tsx(1269,38): error TS2304: Cannot find name 'handleApproveWorkRequest'.
src/app/project-management/page-schema-compatible.tsx(1269,63): error TS2304: Cannot find name 'selectedWorkRequest'.
src/app/project-management/page-with-views.tsx(177,26): error TS2339: Property 'id' does not exist on type 'string'.
src/app/project-management/page-with-views.tsx(187,70): error TS2339: Property 'id' does not exist on type 'string'.
src/app/project-management/page-with-views.tsx(187,89): error TS2339: Property 'name' does not exist on type 'string'.
src/app/project-management/page-with-views.tsx(190,64): error TS2304: Cannot find name 'supabase'.
src/app/project-management/page-with-views.tsx(193,41): error TS2339: Property 'id' does not exist on type 'string'.
src/app/project-management/page-with-views.tsx(203,72): error TS2304: Cannot find name 'supabase'.
src/app/project-management/page-with-views.tsx(206,41): error TS2339: Property 'id' does not exist on type 'string'.
src/app/project-management/page-with-views.tsx(216,58): error TS2304: Cannot find name 'supabase'.
src/app/project-management/page-with-views.tsx(219,41): error TS2339: Property 'id' does not exist on type 'string'.
src/app/project-management/page-with-views.tsx(358,26): error TS2339: Property 'id' does not exist on type 'string'.
src/app/project-management/page-with-views.tsx(363,35): error TS2339: Property 'id' does not exist on type 'string'.
src/app/project-management/page-with-views.tsx(368,37): error TS2304: Cannot find name 'supabase'.
src/app/project-management/page-with-views.tsx(423,37): error TS2304: Cannot find name 'supabase'.
src/app/project-management/page-with-views.tsx(453,31): error TS2304: Cannot find name 'supabase'.
src/app/project-management/page-with-views.tsx(506,37): error TS2304: Cannot find name 'supabase'.
src/app/project-management/page-with-views.tsx(1105,87): error TS2339: Property 'name' does not exist on type 'string'.
src/app/project-management/projects/[id]/page.tsx(24,24): error TS1149: File name 'C:/GIT_Repo/Projects/ETLA/ETLA-Platform/frontend/src/components/ui/Button.tsx' differs from already included file name 'C:/GIT_Repo/Projects/ETLA/ETLA-Platform/frontend/src/components/ui/button.tsx' only in casing.
  The file is in the program because:
    Imported via "@/components/ui/button" from file 'C:/GIT_Repo/Projects/ETLA/ETLA-Platform/frontend/src/app/accept-invite/page.tsx'
    Imported via "@/components/ui/button" from file 'C:/GIT_Repo/Projects/ETLA/ETLA-Platform/frontend/src/components/RBACTestPanel.tsx'
    Imported via '@/components/ui/button' from file 'C:/GIT_Repo/Projects/ETLA/ETLA-Platform/frontend/src/app/admin/access-control/AccessControlClient.tsx'
    Imported via '@/components/ui/button' from file 'C:/GIT_Repo/Projects/ETLA/ETLA-Platform/frontend/src/components/rbac/RolesPermissionsTab.tsx'
    Imported via '@/components/ui/button' from file 'C:/GIT_Repo/Projects/ETLA/ETLA-Platform/frontend/src/components/layout/DashboardLayout.tsx'
    Imported via "@/components/ui/button" from file 'C:/GIT_Repo/Projects/ETLA/ETLA-Platform/frontend/src/app/admin/tenant-management/TenantManagementClient.tsx'
    Imported via '@/components/ui/button' from file 'C:/GIT_Repo/Projects/ETLA/ETLA-Platform/frontend/src/components/admin/TimecardRecalculationTool.tsx'
    Imported via '@/components/ui/button' from file 'C:/GIT_Repo/Projects/ETLA/ETLA-Platform/frontend/src/app/audit/page.tsx'
    Imported via '@/components/ui/button' from file 'C:/GIT_Repo/Projects/ETLA/ETLA-Platform/frontend/src/app/benefits/page.tsx'
    Imported via '@/components/ui/button' from file 'C:/GIT_Repo/Projects/ETLA/ETLA-Platform/frontend/src/app/client/dashboard/page.tsx'
    Imported via '@/components/ui/button' from file 'C:/GIT_Repo/Projects/ETLA/ETLA-Platform/frontend/src/app/employees/page.tsx'
    Imported via '@/components/ui/button' from file 'C:/GIT_Repo/Projects/ETLA/ETLA-Platform/frontend/src/app/hr-analytics/page.tsx'
    Imported via "@/components/ui/button" from file 'C:/GIT_Repo/Projects/ETLA/ETLA-Platform/frontend/src/app/job-details/page.tsx'
    Imported via '@/components/ui/button' from file 'C:/GIT_Repo/Projects/ETLA/ETLA-Platform/frontend/src/app/jobs/page.tsx'
    Imported via '@/components/ui/button' from file 'C:/GIT_Repo/Projects/ETLA/ETLA-Platform/frontend/src/app/jobs-enhanced/page.tsx'
    Imported via '@/components/ui/button' from file 'C:/GIT_Repo/Projects/ETLA/ETLA-Platform/frontend/src/app/login/page.tsx'
    Imported via '@/components/ui/button' from file 'C:/GIT_Repo/Projects/ETLA/ETLA-Platform/frontend/src/app/payroll/page.tsx'
    Imported via '@/components/ui/button' from file 'C:/GIT_Repo/Projects/ETLA/ETLA-Platform/frontend/src/app/profile/page.tsx'
    Imported via '@/components/ui/button' from file 'C:/GIT_Repo/Projects/ETLA/ETLA-Platform/frontend/src/app/project-management/page-auth-stable.tsx'
    Imported via '@/components/ui/button' from file 'C:/GIT_Repo/Projects/ETLA/ETLA-Platform/frontend/src/components/WorkRequestApprovalModal.tsx'
    Imported via '@/components/ui/button' from file 'C:/GIT_Repo/Projects/ETLA/ETLA-Platform/frontend/src/components/MissingCustomerModal.tsx'
    Imported via '@/components/ui/button' from file 'C:/GIT_Repo/Projects/ETLA/ETLA-Platform/frontend/src/app/project-management/page-cleaned.tsx'
    Imported via '@/components/ui/button' from file 'C:/GIT_Repo/Projects/ETLA/ETLA-Platform/frontend/src/app/project-management/page-complete-pmbok.tsx'
    Imported via '@/components/ui/button' from file 'C:/GIT_Repo/Projects/ETLA/ETLA-Platform/frontend/src/app/project-management/page-complete-working.tsx'
    Imported via '@/components/ui/button' from file 'C:/GIT_Repo/Projects/ETLA/ETLA-Platform/frontend/src/app/project-management/page-database-aligned.tsx'
    Imported via '@/components/ui/button' from file 'C:/GIT_Repo/Projects/ETLA/ETLA-Platform/frontend/src/app/project-management/page-enhanced-with-approval.tsx'
    Imported via '@/components/ui/button' from file 'C:/GIT_Repo/Projects/ETLA/ETLA-Platform/frontend/src/app/project-management/page-enhanced.tsx'
    Imported via '@/components/ui/button' from file 'C:/GIT_Repo/Projects/ETLA/ETLA-Platform/frontend/src/app/project-management/page-fixed-imports.tsx'
    Imported via '@/components/ui/button' from file 'C:/GIT_Repo/Projects/ETLA/ETLA-Platform/frontend/src/app/project-management/page-fixed.tsx'
    Imported via '@/components/ui/button' from file 'C:/GIT_Repo/Projects/ETLA/ETLA-Platform/frontend/src/app/project-management/page-full-pmbok.tsx'
    Imported via '@/components/ui/button' from file 'C:/GIT_Repo/Projects/ETLA/ETLA-Platform/frontend/src/app/project-management/page-minimal-fields.tsx'
    Imported via '@/components/ui/button' from file 'C:/GIT_Repo/Projects/ETLA/ETLA-Platform/frontend/src/app/project-management/page-query-fixed.tsx'
    Imported via '@/components/ui/button' from file 'C:/GIT_Repo/Projects/ETLA/ETLA-Platform/frontend/src/app/project-management/page-schema-compatible.tsx'
    Imported via '@/components/ui/button' from file 'C:/GIT_Repo/Projects/ETLA/ETLA-Platform/frontend/src/app/project-management/page-with-customer-fix.tsx'
    Imported via '@/components/ui/button' from file 'C:/GIT_Repo/Projects/ETLA/ETLA-Platform/frontend/src/app/project-management/page-with-views.tsx'
    Imported via '@/components/ui/Button' from file 'C:/GIT_Repo/Projects/ETLA/ETLA-Platform/frontend/src/app/project-management/projects/[id]/page.tsx'
    Imported via '@/components/ui/Button' from file 'C:/GIT_Repo/Projects/ETLA/ETLA-Platform/frontend/src/app/project-management/requests/[id]/page.tsx'
    Imported via '@/components/ui/button' from file 'C:/GIT_Repo/Projects/ETLA/ETLA-Platform/frontend/src/app/project-management/resources/page.tsx'
    Imported via '@/components/ui/button' from file 'C:/GIT_Repo/Projects/ETLA/ETLA-Platform/frontend/src/app/project-management/schedule/page.tsx'
    Imported via '@/components/ui/button' from file 'C:/GIT_Repo/Projects/ETLA/ETLA-Platform/frontend/src/app/projects/page.tsx'
    Imported via '@/components/ui/button' from file 'C:/GIT_Repo/Projects/ETLA/ETLA-Platform/frontend/src/app/questionnaires/page.tsx'
    Imported via '@/components/ui/button' from file 'C:/GIT_Repo/Projects/ETLA/ETLA-Platform/frontend/src/app/questionnaires/active/page.tsx'
    Imported via '@/components/ui/button' from file 'C:/GIT_Repo/Projects/ETLA/ETLA-Platform/frontend/src/app/questionnaires/analytics/page.tsx'
    Imported via '@/components/ui/Button' from file 'C:/GIT_Repo/Projects/ETLA/ETLA-Platform/frontend/src/app/questionnaires/analytics/[id]/page.tsx'
    Imported via '@/components/ui/button' from file 'C:/GIT_Repo/Projects/ETLA/ETLA-Platform/frontend/src/app/questionnaires/builder/page.tsx'
    Imported via '@/components/ui/Button' from file 'C:/GIT_Repo/Projects/ETLA/ETLA-Platform/frontend/src/app/questionnaires/respond/[id]/page.tsx'
    Imported via "@/components/ui/button" from file 'C:/GIT_Repo/Projects/ETLA/ETLA-Platform/frontend/src/app/reporting/ReportingClient.tsx'
    Imported via '@/components/ui/button' from file 'C:/GIT_Repo/Projects/ETLA/ETLA-Platform/frontend/src/app/reporting/page-enhanced-views.tsx'
    Imported via '@/components/ui/button' from file 'C:/GIT_Repo/Projects/ETLA/ETLA-Platform/frontend/src/components/dashboard/ComprehensiveDashboard.tsx'
    Imported via '@/components/ui/button' from file 'C:/GIT_Repo/Projects/ETLA/ETLA-Platform/frontend/src/app/reporting/page-enhanced.tsx'
    Imported via '@/components/ui/button' from file 'C:/GIT_Repo/Projects/ETLA/ETLA-Platform/frontend/src/app/reporting/page-sticky-header.tsx'
    Imported via '@/components/ui/button' from file 'C:/GIT_Repo/Projects/ETLA/ETLA-Platform/frontend/src/app/reporting/page-with-search-indicators.tsx'
    Imported via '@/components/ui/button' from file 'C:/GIT_Repo/Projects/ETLA/ETLA-Platform/frontend/src/components/reporting/EnhancedTaxRecordsWithLocalTax.tsx'
    Imported via '@/components/ui/button' from file 'C:/GIT_Repo/Projects/ETLA/ETLA-Platform/frontend/src/components/timecard/TimecardDailyReport.tsx'
    Imported via '@/components/ui/button' from file 'C:/GIT_Repo/Projects/ETLA/ETLA-Platform/frontend/src/components/timecard/CorrectionModal.tsx'
    Imported via '@/components/ui/button' from file 'C:/GIT_Repo/Projects/ETLA/ETLA-Platform/frontend/src/app/reset-password/page.tsx'
    Imported via '@/components/ui/button' from file 'C:/GIT_Repo/Projects/ETLA/ETLA-Platform/frontend/src/app/settings/page.tsx'
    Imported via '@/components/ui/button' from file 'C:/GIT_Repo/Projects/ETLA/ETLA-Platform/frontend/src/app/talent/page.tsx'
    Imported via '@/components/ui/button' from file 'C:/GIT_Repo/Projects/ETLA/ETLA-Platform/frontend/src/app/talent/candidates/page.tsx'
    Imported via '@/components/ui/button' from file 'C:/GIT_Repo/Projects/ETLA/ETLA-Platform/frontend/src/app/talent/interviews/page.tsx'
    Imported via '@/components/ui/button' from file 'C:/GIT_Repo/Projects/ETLA/ETLA-Platform/frontend/src/app/talent/jobs/page.tsx'
    Imported via '@/components/ui/button' from file 'C:/GIT_Repo/Projects/ETLA/ETLA-Platform/frontend/src/app/talent/offers/page.tsx'
    Imported via '@/components/ui/button' from file 'C:/GIT_Repo/Projects/ETLA/ETLA-Platform/frontend/src/app/talent/pipeline/page.tsx'
    Imported via '@/components/ui/button' from file 'C:/GIT_Repo/Projects/ETLA/ETLA-Platform/frontend/src/app/upload/page.tsx'
    Imported via '@/components/ui/button' from file 'C:/GIT_Repo/Projects/ETLA/ETLA-Platform/frontend/src/app/validation/page.tsx'
    Imported via '@/components/ui/button' from file 'C:/GIT_Repo/Projects/ETLA/ETLA-Platform/frontend/src/app/validation-rules/page.tsx'
    Imported via "@/components/ui/button" from file 'C:/GIT_Repo/Projects/ETLA/ETLA-Platform/frontend/src/app/work-requests/page-broken.tsx'
    Imported via '@/components/ui/button' from file 'C:/GIT_Repo/Projects/ETLA/ETLA-Platform/frontend/src/components/TenantSelector.tsx'
    Imported via '@/components/ui/button' from file 'C:/GIT_Repo/Projects/ETLA/ETLA-Platform/frontend/src/app/work-requests/page-cleaned.tsx'
    Imported via '@/components/ui/button' from file 'C:/GIT_Repo/Projects/ETLA/ETLA-Platform/frontend/src/app/work-requests/page-schema-fixed.tsx'
    Imported via '@/components/ui/button' from file 'C:/GIT_Repo/Projects/ETLA/ETLA-Platform/frontend/src/app/work-requests/page-with-modals.tsx'
    Imported via '@/components/ui/button' from file 'C:/GIT_Repo/Projects/ETLA/ETLA-Platform/frontend/src/app/work-requests/page.tsx'
    Imported via '@/components/ui/Button' from file 'C:/GIT_Repo/Projects/ETLA/ETLA-Platform/frontend/src/app/work-requests/[id]/page-fixed.tsx'
    Imported via '@/components/ui/Button' from file 'C:/GIT_Repo/Projects/ETLA/ETLA-Platform/frontend/src/app/work-requests/[id]/page-integrated.tsx'
    Imported via '@/components/ui/Button' from file 'C:/GIT_Repo/Projects/ETLA/ETLA-Platform/frontend/src/app/work-requests/[id]/page-nextjs15-fixed.tsx'
    Imported via '@/components/ui/Button' from file 'C:/GIT_Repo/Projects/ETLA/ETLA-Platform/frontend/src/app/work-requests/[id]/page.tsx'
    Imported via '@/components/ui/Button' from file 'C:/GIT_Repo/Projects/ETLA/ETLA-Platform/frontend/src/app/work-requests/[id]/edit/page.tsx'
    Imported via '@/components/ui/button' from file 'C:/GIT_Repo/Projects/ETLA/ETLA-Platform/frontend/src/app/work-requests/new/page.tsx'
    Imported via '@/components/ui/button' from file 'C:/GIT_Repo/Projects/ETLA/ETLA-Platform/frontend/src/components/MFASetup.tsx'
    Imported via '@/components/ui/button' from file 'C:/GIT_Repo/Projects/ETLA/ETLA-Platform/frontend/src/components/MFAVerification.tsx'
    Imported via '@/components/ui/button' from file 'C:/GIT_Repo/Projects/ETLA/ETLA-Platform/frontend/src/components/PasswordResetModal.tsx'
    Imported via '@/components/ui/button' from file 'C:/GIT_Repo/Projects/ETLA/ETLA-Platform/frontend/src/components/UserCleanupModal.tsx'
    Imported via '@/components/ui/button' from file 'C:/GIT_Repo/Projects/ETLA/ETLA-Platform/frontend/src/components/UserCreationModal-supabase.tsx'
    Imported via '@/components/ui/button' from file 'C:/GIT_Repo/Projects/ETLA/ETLA-Platform/frontend/src/components/UserCreationModal.tsx'
    Imported via '@/components/ui/button' from file 'C:/GIT_Repo/Projects/ETLA/ETLA-Platform/frontend/src/components/UserEditModal.tsx'
    Imported via '@/components/ui/button' from file 'C:/GIT_Repo/Projects/ETLA/ETLA-Platform/frontend/src/components/UserInviteModal-supabase.tsx'
    Imported via '@/components/ui/button' from file 'C:/GIT_Repo/Projects/ETLA/ETLA-Platform/frontend/src/components/UserInviteModal.tsx'
    Imported via '@/components/ui/button' from file 'C:/GIT_Repo/Projects/ETLA/ETLA-Platform/frontend/src/components/UserSwitcher.tsx'
    Imported via '@/components/ui/button' from file 'C:/GIT_Repo/Projects/ETLA/ETLA-Platform/frontend/src/components/ats/CandidatesManagement.tsx'
    Imported via '@/components/ui/button' from file 'C:/GIT_Repo/Projects/ETLA/ETLA-Platform/frontend/src/components/ats/PipelineKanban.tsx'
    Imported via '@/components/ui/button' from file 'C:/GIT_Repo/Projects/ETLA/ETLA-Platform/frontend/src/components/questionnaires/QuestionnaireBuilder.tsx'
    Imported via '@/components/ui/button' from file 'C:/GIT_Repo/Projects/ETLA/ETLA-Platform/frontend/src/components/reporting/EmployeeDocuments.tsx'
    Imported via '@/components/ui/button' from file 'C:/GIT_Repo/Projects/ETLA/ETLA-Platform/frontend/src/components/reporting/EnhancedEmployeeDocuments.tsx'
    Imported via '@/components/ui/button' from file 'C:/GIT_Repo/Projects/ETLA/ETLA-Platform/frontend/src/components/reporting/EnhancedTaxRecords.tsx'
    Imported via '@/components/ui/button' from file 'C:/GIT_Repo/Projects/ETLA/ETLA-Platform/frontend/src/components/reporting/EnhancedTimecardGrid.tsx'
    Imported via '@/components/ui/button' from file 'C:/GIT_Repo/Projects/ETLA/ETLA-Platform/frontend/src/components/reporting/SimpleTimecardGrid.tsx'
    Imported via '@/components/ui/button' from file 'C:/GIT_Repo/Projects/ETLA/ETLA-Platform/frontend/src/components/reporting/TimecardGrid.tsx'
    Matched by include pattern '**/*.tsx' in 'C:/GIT_Repo/Projects/ETLA/ETLA-Platform/frontend/tsconfig.json'
    Imported via '@/components/ui/button' from file 'C:/GIT_Repo/Projects/ETLA/ETLA-Platform/frontend/src/components/work-requests/WorkRequestForm.tsx'
src/app/project-management/requests/[id]/page.tsx(19,24): error TS1149: File name 'C:/GIT_Repo/Projects/ETLA/ETLA-Platform/frontend/src/components/ui/Button.tsx' differs from already included file name 'C:/GIT_Repo/Projects/ETLA/ETLA-Platform/frontend/src/components/ui/button.tsx' only in casing.
  The file is in the program because:
    Imported via "@/components/ui/button" from file 'C:/GIT_Repo/Projects/ETLA/ETLA-Platform/frontend/src/app/accept-invite/page.tsx'
    Imported via "@/components/ui/button" from file 'C:/GIT_Repo/Projects/ETLA/ETLA-Platform/frontend/src/components/RBACTestPanel.tsx'
    Imported via '@/components/ui/button' from file 'C:/GIT_Repo/Projects/ETLA/ETLA-Platform/frontend/src/app/admin/access-control/AccessControlClient.tsx'
    Imported via '@/components/ui/button' from file 'C:/GIT_Repo/Projects/ETLA/ETLA-Platform/frontend/src/components/rbac/RolesPermissionsTab.tsx'
    Imported via '@/components/ui/button' from file 'C:/GIT_Repo/Projects/ETLA/ETLA-Platform/frontend/src/components/layout/DashboardLayout.tsx'
    Imported via "@/components/ui/button" from file 'C:/GIT_Repo/Projects/ETLA/ETLA-Platform/frontend/src/app/admin/tenant-management/TenantManagementClient.tsx'
    Imported via '@/components/ui/button' from file 'C:/GIT_Repo/Projects/ETLA/ETLA-Platform/frontend/src/components/admin/TimecardRecalculationTool.tsx'
    Imported via '@/components/ui/button' from file 'C:/GIT_Repo/Projects/ETLA/ETLA-Platform/frontend/src/app/audit/page.tsx'
    Imported via '@/components/ui/button' from file 'C:/GIT_Repo/Projects/ETLA/ETLA-Platform/frontend/src/app/benefits/page.tsx'
    Imported via '@/components/ui/button' from file 'C:/GIT_Repo/Projects/ETLA/ETLA-Platform/frontend/src/app/client/dashboard/page.tsx'
    Imported via '@/components/ui/button' from file 'C:/GIT_Repo/Projects/ETLA/ETLA-Platform/frontend/src/app/employees/page.tsx'
    Imported via '@/components/ui/button' from file 'C:/GIT_Repo/Projects/ETLA/ETLA-Platform/frontend/src/app/hr-analytics/page.tsx'
    Imported via "@/components/ui/button" from file 'C:/GIT_Repo/Projects/ETLA/ETLA-Platform/frontend/src/app/job-details/page.tsx'
    Imported via '@/components/ui/button' from file 'C:/GIT_Repo/Projects/ETLA/ETLA-Platform/frontend/src/app/jobs/page.tsx'
    Imported via '@/components/ui/button' from file 'C:/GIT_Repo/Projects/ETLA/ETLA-Platform/frontend/src/app/jobs-enhanced/page.tsx'
    Imported via '@/components/ui/button' from file 'C:/GIT_Repo/Projects/ETLA/ETLA-Platform/frontend/src/app/login/page.tsx'
    Imported via '@/components/ui/button' from file 'C:/GIT_Repo/Projects/ETLA/ETLA-Platform/frontend/src/app/payroll/page.tsx'
    Imported via '@/components/ui/button' from file 'C:/GIT_Repo/Projects/ETLA/ETLA-Platform/frontend/src/app/profile/page.tsx'
    Imported via '@/components/ui/button' from file 'C:/GIT_Repo/Projects/ETLA/ETLA-Platform/frontend/src/app/project-management/page-auth-stable.tsx'
    Imported via '@/components/ui/button' from file 'C:/GIT_Repo/Projects/ETLA/ETLA-Platform/frontend/src/components/WorkRequestApprovalModal.tsx'
    Imported via '@/components/ui/button' from file 'C:/GIT_Repo/Projects/ETLA/ETLA-Platform/frontend/src/components/MissingCustomerModal.tsx'
    Imported via '@/components/ui/button' from file 'C:/GIT_Repo/Projects/ETLA/ETLA-Platform/frontend/src/app/project-management/page-cleaned.tsx'
    Imported via '@/components/ui/button' from file 'C:/GIT_Repo/Projects/ETLA/ETLA-Platform/frontend/src/app/project-management/page-complete-pmbok.tsx'
    Imported via '@/components/ui/button' from file 'C:/GIT_Repo/Projects/ETLA/ETLA-Platform/frontend/src/app/project-management/page-complete-working.tsx'
    Imported via '@/components/ui/button' from file 'C:/GIT_Repo/Projects/ETLA/ETLA-Platform/frontend/src/app/project-management/page-database-aligned.tsx'
    Imported via '@/components/ui/button' from file 'C:/GIT_Repo/Projects/ETLA/ETLA-Platform/frontend/src/app/project-management/page-enhanced-with-approval.tsx'
    Imported via '@/components/ui/button' from file 'C:/GIT_Repo/Projects/ETLA/ETLA-Platform/frontend/src/app/project-management/page-enhanced.tsx'
    Imported via '@/components/ui/button' from file 'C:/GIT_Repo/Projects/ETLA/ETLA-Platform/frontend/src/app/project-management/page-fixed-imports.tsx'
    Imported via '@/components/ui/button' from file 'C:/GIT_Repo/Projects/ETLA/ETLA-Platform/frontend/src/app/project-management/page-fixed.tsx'
    Imported via '@/components/ui/button' from file 'C:/GIT_Repo/Projects/ETLA/ETLA-Platform/frontend/src/app/project-management/page-full-pmbok.tsx'
    Imported via '@/components/ui/button' from file 'C:/GIT_Repo/Projects/ETLA/ETLA-Platform/frontend/src/app/project-management/page-minimal-fields.tsx'
    Imported via '@/components/ui/button' from file 'C:/GIT_Repo/Projects/ETLA/ETLA-Platform/frontend/src/app/project-management/page-query-fixed.tsx'
    Imported via '@/components/ui/button' from file 'C:/GIT_Repo/Projects/ETLA/ETLA-Platform/frontend/src/app/project-management/page-schema-compatible.tsx'
    Imported via '@/components/ui/button' from file 'C:/GIT_Repo/Projects/ETLA/ETLA-Platform/frontend/src/app/project-management/page-with-customer-fix.tsx'
    Imported via '@/components/ui/button' from file 'C:/GIT_Repo/Projects/ETLA/ETLA-Platform/frontend/src/app/project-management/page-with-views.tsx'
    Imported via '@/components/ui/Button' from file 'C:/GIT_Repo/Projects/ETLA/ETLA-Platform/frontend/src/app/project-management/projects/[id]/page.tsx'
    Imported via '@/components/ui/Button' from file 'C:/GIT_Repo/Projects/ETLA/ETLA-Platform/frontend/src/app/project-management/requests/[id]/page.tsx'
    Imported via '@/components/ui/button' from file 'C:/GIT_Repo/Projects/ETLA/ETLA-Platform/frontend/src/app/project-management/resources/page.tsx'
    Imported via '@/components/ui/button' from file 'C:/GIT_Repo/Projects/ETLA/ETLA-Platform/frontend/src/app/project-management/schedule/page.tsx'
    Imported via '@/components/ui/button' from file 'C:/GIT_Repo/Projects/ETLA/ETLA-Platform/frontend/src/app/projects/page.tsx'
    Imported via '@/components/ui/button' from file 'C:/GIT_Repo/Projects/ETLA/ETLA-Platform/frontend/src/app/questionnaires/page.tsx'
    Imported via '@/components/ui/button' from file 'C:/GIT_Repo/Projects/ETLA/ETLA-Platform/frontend/src/app/questionnaires/active/page.tsx'
    Imported via '@/components/ui/button' from file 'C:/GIT_Repo/Projects/ETLA/ETLA-Platform/frontend/src/app/questionnaires/analytics/page.tsx'
    Imported via '@/components/ui/Button' from file 'C:/GIT_Repo/Projects/ETLA/ETLA-Platform/frontend/src/app/questionnaires/analytics/[id]/page.tsx'
    Imported via '@/components/ui/button' from file 'C:/GIT_Repo/Projects/ETLA/ETLA-Platform/frontend/src/app/questionnaires/builder/page.tsx'
    Imported via '@/components/ui/Button' from file 'C:/GIT_Repo/Projects/ETLA/ETLA-Platform/frontend/src/app/questionnaires/respond/[id]/page.tsx'
    Imported via "@/components/ui/button" from file 'C:/GIT_Repo/Projects/ETLA/ETLA-Platform/frontend/src/app/reporting/ReportingClient.tsx'
    Imported via '@/components/ui/button' from file 'C:/GIT_Repo/Projects/ETLA/ETLA-Platform/frontend/src/app/reporting/page-enhanced-views.tsx'
    Imported via '@/components/ui/button' from file 'C:/GIT_Repo/Projects/ETLA/ETLA-Platform/frontend/src/components/dashboard/ComprehensiveDashboard.tsx'
    Imported via '@/components/ui/button' from file 'C:/GIT_Repo/Projects/ETLA/ETLA-Platform/frontend/src/app/reporting/page-enhanced.tsx'
    Imported via '@/components/ui/button' from file 'C:/GIT_Repo/Projects/ETLA/ETLA-Platform/frontend/src/app/reporting/page-sticky-header.tsx'
    Imported via '@/components/ui/button' from file 'C:/GIT_Repo/Projects/ETLA/ETLA-Platform/frontend/src/app/reporting/page-with-search-indicators.tsx'
    Imported via '@/components/ui/button' from file 'C:/GIT_Repo/Projects/ETLA/ETLA-Platform/frontend/src/components/reporting/EnhancedTaxRecordsWithLocalTax.tsx'
    Imported via '@/components/ui/button' from file 'C:/GIT_Repo/Projects/ETLA/ETLA-Platform/frontend/src/components/timecard/TimecardDailyReport.tsx'
    Imported via '@/components/ui/button' from file 'C:/GIT_Repo/Projects/ETLA/ETLA-Platform/frontend/src/components/timecard/CorrectionModal.tsx'
    Imported via '@/components/ui/button' from file 'C:/GIT_Repo/Projects/ETLA/ETLA-Platform/frontend/src/app/reset-password/page.tsx'
    Imported via '@/components/ui/button' from file 'C:/GIT_Repo/Projects/ETLA/ETLA-Platform/frontend/src/app/settings/page.tsx'
    Imported via '@/components/ui/button' from file 'C:/GIT_Repo/Projects/ETLA/ETLA-Platform/frontend/src/app/talent/page.tsx'
    Imported via '@/components/ui/button' from file 'C:/GIT_Repo/Projects/ETLA/ETLA-Platform/frontend/src/app/talent/candidates/page.tsx'
    Imported via '@/components/ui/button' from file 'C:/GIT_Repo/Projects/ETLA/ETLA-Platform/frontend/src/app/talent/interviews/page.tsx'
    Imported via '@/components/ui/button' from file 'C:/GIT_Repo/Projects/ETLA/ETLA-Platform/frontend/src/app/talent/jobs/page.tsx'
    Imported via '@/components/ui/button' from file 'C:/GIT_Repo/Projects/ETLA/ETLA-Platform/frontend/src/app/talent/offers/page.tsx'
    Imported via '@/components/ui/button' from file 'C:/GIT_Repo/Projects/ETLA/ETLA-Platform/frontend/src/app/talent/pipeline/page.tsx'
    Imported via '@/components/ui/button' from file 'C:/GIT_Repo/Projects/ETLA/ETLA-Platform/frontend/src/app/upload/page.tsx'
    Imported via '@/components/ui/button' from file 'C:/GIT_Repo/Projects/ETLA/ETLA-Platform/frontend/src/app/validation/page.tsx'
    Imported via '@/components/ui/button' from file 'C:/GIT_Repo/Projects/ETLA/ETLA-Platform/frontend/src/app/validation-rules/page.tsx'
    Imported via "@/components/ui/button" from file 'C:/GIT_Repo/Projects/ETLA/ETLA-Platform/frontend/src/app/work-requests/page-broken.tsx'
    Imported via '@/components/ui/button' from file 'C:/GIT_Repo/Projects/ETLA/ETLA-Platform/frontend/src/components/TenantSelector.tsx'
    Imported via '@/components/ui/button' from file 'C:/GIT_Repo/Projects/ETLA/ETLA-Platform/frontend/src/app/work-requests/page-cleaned.tsx'
    Imported via '@/components/ui/button' from file 'C:/GIT_Repo/Projects/ETLA/ETLA-Platform/frontend/src/app/work-requests/page-schema-fixed.tsx'
    Imported via '@/components/ui/button' from file 'C:/GIT_Repo/Projects/ETLA/ETLA-Platform/frontend/src/app/work-requests/page-with-modals.tsx'
    Imported via '@/components/ui/button' from file 'C:/GIT_Repo/Projects/ETLA/ETLA-Platform/frontend/src/app/work-requests/page.tsx'
    Imported via '@/components/ui/Button' from file 'C:/GIT_Repo/Projects/ETLA/ETLA-Platform/frontend/src/app/work-requests/[id]/page-fixed.tsx'
    Imported via '@/components/ui/Button' from file 'C:/GIT_Repo/Projects/ETLA/ETLA-Platform/frontend/src/app/work-requests/[id]/page-integrated.tsx'
    Imported via '@/components/ui/Button' from file 'C:/GIT_Repo/Projects/ETLA/ETLA-Platform/frontend/src/app/work-requests/[id]/page-nextjs15-fixed.tsx'
    Imported via '@/components/ui/Button' from file 'C:/GIT_Repo/Projects/ETLA/ETLA-Platform/frontend/src/app/work-requests/[id]/page.tsx'
    Imported via '@/components/ui/Button' from file 'C:/GIT_Repo/Projects/ETLA/ETLA-Platform/frontend/src/app/work-requests/[id]/edit/page.tsx'
    Imported via '@/components/ui/button' from file 'C:/GIT_Repo/Projects/ETLA/ETLA-Platform/frontend/src/app/work-requests/new/page.tsx'
    Imported via '@/components/ui/button' from file 'C:/GIT_Repo/Projects/ETLA/ETLA-Platform/frontend/src/components/MFASetup.tsx'
    Imported via '@/components/ui/button' from file 'C:/GIT_Repo/Projects/ETLA/ETLA-Platform/frontend/src/components/MFAVerification.tsx'
    Imported via '@/components/ui/button' from file 'C:/GIT_Repo/Projects/ETLA/ETLA-Platform/frontend/src/components/PasswordResetModal.tsx'
    Imported via '@/components/ui/button' from file 'C:/GIT_Repo/Projects/ETLA/ETLA-Platform/frontend/src/components/UserCleanupModal.tsx'
    Imported via '@/components/ui/button' from file 'C:/GIT_Repo/Projects/ETLA/ETLA-Platform/frontend/src/components/UserCreationModal-supabase.tsx'
    Imported via '@/components/ui/button' from file 'C:/GIT_Repo/Projects/ETLA/ETLA-Platform/frontend/src/components/UserCreationModal.tsx'
    Imported via '@/components/ui/button' from file 'C:/GIT_Repo/Projects/ETLA/ETLA-Platform/frontend/src/components/UserEditModal.tsx'
    Imported via '@/components/ui/button' from file 'C:/GIT_Repo/Projects/ETLA/ETLA-Platform/frontend/src/components/UserInviteModal-supabase.tsx'
    Imported via '@/components/ui/button' from file 'C:/GIT_Repo/Projects/ETLA/ETLA-Platform/frontend/src/components/UserInviteModal.tsx'
    Imported via '@/components/ui/button' from file 'C:/GIT_Repo/Projects/ETLA/ETLA-Platform/frontend/src/components/UserSwitcher.tsx'
    Imported via '@/components/ui/button' from file 'C:/GIT_Repo/Projects/ETLA/ETLA-Platform/frontend/src/components/ats/CandidatesManagement.tsx'
    Imported via '@/components/ui/button' from file 'C:/GIT_Repo/Projects/ETLA/ETLA-Platform/frontend/src/components/ats/PipelineKanban.tsx'
    Imported via '@/components/ui/button' from file 'C:/GIT_Repo/Projects/ETLA/ETLA-Platform/frontend/src/components/questionnaires/QuestionnaireBuilder.tsx'
    Imported via '@/components/ui/button' from file 'C:/GIT_Repo/Projects/ETLA/ETLA-Platform/frontend/src/components/reporting/EmployeeDocuments.tsx'
    Imported via '@/components/ui/button' from file 'C:/GIT_Repo/Projects/ETLA/ETLA-Platform/frontend/src/components/reporting/EnhancedEmployeeDocuments.tsx'
    Imported via '@/components/ui/button' from file 'C:/GIT_Repo/Projects/ETLA/ETLA-Platform/frontend/src/components/reporting/EnhancedTaxRecords.tsx'
    Imported via '@/components/ui/button' from file 'C:/GIT_Repo/Projects/ETLA/ETLA-Platform/frontend/src/components/reporting/EnhancedTimecardGrid.tsx'
    Imported via '@/components/ui/button' from file 'C:/GIT_Repo/Projects/ETLA/ETLA-Platform/frontend/src/components/reporting/SimpleTimecardGrid.tsx'
    Imported via '@/components/ui/button' from file 'C:/GIT_Repo/Projects/ETLA/ETLA-Platform/frontend/src/components/reporting/TimecardGrid.tsx'
    Matched by include pattern '**/*.tsx' in 'C:/GIT_Repo/Projects/ETLA/ETLA-Platform/frontend/tsconfig.json'
    Imported via '@/components/ui/button' from file 'C:/GIT_Repo/Projects/ETLA/ETLA-Platform/frontend/src/components/work-requests/WorkRequestForm.tsx'
src/app/questionnaires/analytics/[id]/page.tsx(4,58): error TS1149: File name 'C:/GIT_Repo/Projects/ETLA/ETLA-Platform/frontend/src/components/ui/Card.tsx' differs from already included file name 'C:/GIT_Repo/Projects/ETLA/ETLA-Platform/frontend/src/components/ui/card.tsx' only in casing.
  The file is in the program because:
    Imported via "@/components/ui/card" from file 'C:/GIT_Repo/Projects/ETLA/ETLA-Platform/frontend/src/app/accept-invite/page.tsx'
    Imported via "@/components/ui/card" from file 'C:/GIT_Repo/Projects/ETLA/ETLA-Platform/frontend/src/components/RBACTestPanel.tsx'
    Imported via '@/components/ui/card' from file 'C:/GIT_Repo/Projects/ETLA/ETLA-Platform/frontend/src/app/admin/access-control/AccessControlClient.tsx'
    Imported via '@/components/ui/card' from file 'C:/GIT_Repo/Projects/ETLA/ETLA-Platform/frontend/src/components/rbac/RolesPermissionsTab.tsx'
    Imported via "@/components/ui/card" from file 'C:/GIT_Repo/Projects/ETLA/ETLA-Platform/frontend/src/app/admin/tenant-management/TenantManagementClient.tsx'
    Imported via '@/components/ui/card' from file 'C:/GIT_Repo/Projects/ETLA/ETLA-Platform/frontend/src/components/admin/TimecardRecalculationTool.tsx'
    Imported via '@/components/ui/card' from file 'C:/GIT_Repo/Projects/ETLA/ETLA-Platform/frontend/src/app/audit/page.tsx'
    Imported via '@/components/ui/card' from file 'C:/GIT_Repo/Projects/ETLA/ETLA-Platform/frontend/src/app/benefits/page.tsx'
    Imported via '@/components/ui/card' from file 'C:/GIT_Repo/Projects/ETLA/ETLA-Platform/frontend/src/app/employees/page.tsx'
    Imported via '@/components/ui/card' from file 'C:/GIT_Repo/Projects/ETLA/ETLA-Platform/frontend/src/app/hr-analytics/page.tsx'
    Imported via "@/components/ui/card" from file 'C:/GIT_Repo/Projects/ETLA/ETLA-Platform/frontend/src/app/job-details/page.tsx'
    Imported via '@/components/ui/card' from file 'C:/GIT_Repo/Projects/ETLA/ETLA-Platform/frontend/src/app/jobs/page.tsx'
    Imported via '@/components/ui/card' from file 'C:/GIT_Repo/Projects/ETLA/ETLA-Platform/frontend/src/app/jobs-enhanced/page.tsx'
    Imported via '@/components/ui/card' from file 'C:/GIT_Repo/Projects/ETLA/ETLA-Platform/frontend/src/app/login/page.tsx'
    Imported via '@/components/ui/card' from file 'C:/GIT_Repo/Projects/ETLA/ETLA-Platform/frontend/src/app/payroll/page.tsx'
    Imported via '@/components/ui/card' from file 'C:/GIT_Repo/Projects/ETLA/ETLA-Platform/frontend/src/app/profile/page.tsx'
    Imported via '@/components/ui/card' from file 'C:/GIT_Repo/Projects/ETLA/ETLA-Platform/frontend/src/app/project-management/page-auth-stable.tsx'
    Imported via '@/components/ui/card' from file 'C:/GIT_Repo/Projects/ETLA/ETLA-Platform/frontend/src/components/WorkRequestApprovalModal.tsx'
    Imported via '@/components/ui/card' from file 'C:/GIT_Repo/Projects/ETLA/ETLA-Platform/frontend/src/components/MissingCustomerModal.tsx'
    Imported via '@/components/ui/card' from file 'C:/GIT_Repo/Projects/ETLA/ETLA-Platform/frontend/src/app/project-management/page-cleaned.tsx'
    Imported via '@/components/ui/card' from file 'C:/GIT_Repo/Projects/ETLA/ETLA-Platform/frontend/src/app/project-management/page-complete-pmbok.tsx'
    Imported via '@/components/ui/card' from file 'C:/GIT_Repo/Projects/ETLA/ETLA-Platform/frontend/src/app/project-management/page-complete-working.tsx'
    Imported via '@/components/ui/card' from file 'C:/GIT_Repo/Projects/ETLA/ETLA-Platform/frontend/src/app/project-management/page-database-aligned.tsx'
    Imported via '@/components/ui/card' from file 'C:/GIT_Repo/Projects/ETLA/ETLA-Platform/frontend/src/app/project-management/page-enhanced-with-approval.tsx'
    Imported via '@/components/ui/card' from file 'C:/GIT_Repo/Projects/ETLA/ETLA-Platform/frontend/src/app/project-management/page-enhanced.tsx'
    Imported via '@/components/ui/card' from file 'C:/GIT_Repo/Projects/ETLA/ETLA-Platform/frontend/src/app/project-management/page-fixed-imports.tsx'
    Imported via '@/components/ui/card' from file 'C:/GIT_Repo/Projects/ETLA/ETLA-Platform/frontend/src/app/project-management/page-fixed.tsx'
    Imported via '@/components/ui/card' from file 'C:/GIT_Repo/Projects/ETLA/ETLA-Platform/frontend/src/app/project-management/page-full-pmbok.tsx'
    Imported via '@/components/ui/card' from file 'C:/GIT_Repo/Projects/ETLA/ETLA-Platform/frontend/src/app/project-management/page-minimal-fields.tsx'
    Imported via '@/components/ui/card' from file 'C:/GIT_Repo/Projects/ETLA/ETLA-Platform/frontend/src/app/project-management/page-query-fixed.tsx'
    Imported via '@/components/ui/card' from file 'C:/GIT_Repo/Projects/ETLA/ETLA-Platform/frontend/src/app/project-management/page-schema-compatible.tsx'
    Imported via '@/components/ui/card' from file 'C:/GIT_Repo/Projects/ETLA/ETLA-Platform/frontend/src/app/project-management/page-with-customer-fix.tsx'
    Imported via '@/components/ui/card' from file 'C:/GIT_Repo/Projects/ETLA/ETLA-Platform/frontend/src/app/project-management/page-with-views.tsx'
    Imported via '@/components/ui/card' from file 'C:/GIT_Repo/Projects/ETLA/ETLA-Platform/frontend/src/app/questionnaires/page.tsx'
    Imported via '@/components/ui/card' from file 'C:/GIT_Repo/Projects/ETLA/ETLA-Platform/frontend/src/app/questionnaires/active/page.tsx'
    Imported via '@/components/ui/card' from file 'C:/GIT_Repo/Projects/ETLA/ETLA-Platform/frontend/src/app/questionnaires/analytics/page.tsx'
    Imported via '@/components/ui/Card' from file 'C:/GIT_Repo/Projects/ETLA/ETLA-Platform/frontend/src/app/questionnaires/analytics/[id]/page.tsx'
    Imported via '@/components/ui/card' from file 'C:/GIT_Repo/Projects/ETLA/ETLA-Platform/frontend/src/app/questionnaires/builder/page.tsx'
    Imported via '@/components/ui/Card' from file 'C:/GIT_Repo/Projects/ETLA/ETLA-Platform/frontend/src/app/questionnaires/respond/[id]/page.tsx'
    Imported via "@/components/ui/card" from file 'C:/GIT_Repo/Projects/ETLA/ETLA-Platform/frontend/src/app/rbac-test/page.tsx'
    Imported via "@/components/ui/card" from file 'C:/GIT_Repo/Projects/ETLA/ETLA-Platform/frontend/src/app/reporting/ReportingClient.tsx'
    Imported via '@/components/ui/card' from file 'C:/GIT_Repo/Projects/ETLA/ETLA-Platform/frontend/src/app/reporting/page-enhanced-views.tsx'
    Imported via '@/components/ui/card' from file 'C:/GIT_Repo/Projects/ETLA/ETLA-Platform/frontend/src/components/dashboard/ComprehensiveDashboard.tsx'
    Imported via '@/components/ui/card' from file 'C:/GIT_Repo/Projects/ETLA/ETLA-Platform/frontend/src/app/reporting/page-enhanced.tsx'
    Imported via '@/components/ui/card' from file 'C:/GIT_Repo/Projects/ETLA/ETLA-Platform/frontend/src/app/reporting/page-sticky-header.tsx'
    Imported via '@/components/ui/card' from file 'C:/GIT_Repo/Projects/ETLA/ETLA-Platform/frontend/src/app/reporting/page-with-search-indicators.tsx'
    Imported via '@/components/ui/card' from file 'C:/GIT_Repo/Projects/ETLA/ETLA-Platform/frontend/src/components/reporting/EnhancedTaxRecordsWithLocalTax.tsx'
    Imported via '@/components/ui/card' from file 'C:/GIT_Repo/Projects/ETLA/ETLA-Platform/frontend/src/components/timecard/TimecardDailyReport.tsx'
    Imported via '@/components/ui/card' from file 'C:/GIT_Repo/Projects/ETLA/ETLA-Platform/frontend/src/components/timecard/CorrectionModal.tsx'
    Imported via '@/components/ui/card' from file 'C:/GIT_Repo/Projects/ETLA/ETLA-Platform/frontend/src/app/reset-password/page.tsx'
    Imported via '@/components/ui/card' from file 'C:/GIT_Repo/Projects/ETLA/ETLA-Platform/frontend/src/app/settings/page.tsx'
    Imported via '@/components/ui/card' from file 'C:/GIT_Repo/Projects/ETLA/ETLA-Platform/frontend/src/app/talent/page.tsx'
    Imported via '@/components/ui/card' from file 'C:/GIT_Repo/Projects/ETLA/ETLA-Platform/frontend/src/app/talent/candidates/page.tsx'
    Imported via '@/components/ui/card' from file 'C:/GIT_Repo/Projects/ETLA/ETLA-Platform/frontend/src/app/talent/interviews/page.tsx'
    Imported via '@/components/ui/card' from file 'C:/GIT_Repo/Projects/ETLA/ETLA-Platform/frontend/src/app/talent/jobs/page.tsx'
    Imported via '@/components/ui/card' from file 'C:/GIT_Repo/Projects/ETLA/ETLA-Platform/frontend/src/app/talent/offers/page.tsx'
    Imported via '@/components/ui/card' from file 'C:/GIT_Repo/Projects/ETLA/ETLA-Platform/frontend/src/app/talent/pipeline/page.tsx'
    Imported via '@/components/ui/card' from file 'C:/GIT_Repo/Projects/ETLA/ETLA-Platform/frontend/src/app/upload/page.tsx'
    Imported via '@/components/ui/card' from file 'C:/GIT_Repo/Projects/ETLA/ETLA-Platform/frontend/src/app/validation/page.tsx'
    Imported via '@/components/ui/card' from file 'C:/GIT_Repo/Projects/ETLA/ETLA-Platform/frontend/src/app/validation-rules/page.tsx'
    Imported via "@/components/ui/card" from file 'C:/GIT_Repo/Projects/ETLA/ETLA-Platform/frontend/src/app/work-requests/page-broken.tsx'
    Imported via '@/components/ui/card' from file 'C:/GIT_Repo/Projects/ETLA/ETLA-Platform/frontend/src/app/work-requests/page-cleaned.tsx'
    Imported via '@/components/ui/card' from file 'C:/GIT_Repo/Projects/ETLA/ETLA-Platform/frontend/src/app/work-requests/page-schema-fixed.tsx'
    Imported via '@/components/ui/card' from file 'C:/GIT_Repo/Projects/ETLA/ETLA-Platform/frontend/src/app/work-requests/page-with-modals.tsx'
    Imported via '@/components/ui/Card' from file 'C:/GIT_Repo/Projects/ETLA/ETLA-Platform/frontend/src/app/work-requests/[id]/page-fixed.tsx'
    Imported via '@/components/ui/Card' from file 'C:/GIT_Repo/Projects/ETLA/ETLA-Platform/frontend/src/app/work-requests/[id]/page-integrated.tsx'
    Imported via '@/components/ui/Card' from file 'C:/GIT_Repo/Projects/ETLA/ETLA-Platform/frontend/src/app/work-requests/[id]/page-nextjs15-fixed.tsx'
    Imported via '@/components/ui/Card' from file 'C:/GIT_Repo/Projects/ETLA/ETLA-Platform/frontend/src/app/work-requests/[id]/page.tsx'
    Imported via '@/components/ui/card' from file 'C:/GIT_Repo/Projects/ETLA/ETLA-Platform/frontend/src/components/MFASetup.tsx'
    Imported via '@/components/ui/card' from file 'C:/GIT_Repo/Projects/ETLA/ETLA-Platform/frontend/src/components/MFAVerification.tsx'
    Imported via '@/components/ui/card' from file 'C:/GIT_Repo/Projects/ETLA/ETLA-Platform/frontend/src/components/PasswordResetModal.tsx'
    Imported via '@/components/ui/card' from file 'C:/GIT_Repo/Projects/ETLA/ETLA-Platform/frontend/src/components/UserCleanupModal.tsx'
    Imported via '@/components/ui/card' from file 'C:/GIT_Repo/Projects/ETLA/ETLA-Platform/frontend/src/components/UserCreationModal-supabase.tsx'
    Imported via '@/components/ui/card' from file 'C:/GIT_Repo/Projects/ETLA/ETLA-Platform/frontend/src/components/UserCreationModal.tsx'
    Imported via '@/components/ui/card' from file 'C:/GIT_Repo/Projects/ETLA/ETLA-Platform/frontend/src/components/UserEditModal.tsx'
    Imported via '@/components/ui/card' from file 'C:/GIT_Repo/Projects/ETLA/ETLA-Platform/frontend/src/components/UserInviteModal-supabase.tsx'
    Imported via '@/components/ui/card' from file 'C:/GIT_Repo/Projects/ETLA/ETLA-Platform/frontend/src/components/UserInviteModal.tsx'
    Imported via '@/components/ui/card' from file 'C:/GIT_Repo/Projects/ETLA/ETLA-Platform/frontend/src/components/UserSwitcher.tsx'
    Imported via '@/components/ui/card' from file 'C:/GIT_Repo/Projects/ETLA/ETLA-Platform/frontend/src/components/ats/CandidatesManagement.tsx'
    Imported via '@/components/ui/card' from file 'C:/GIT_Repo/Projects/ETLA/ETLA-Platform/frontend/src/components/ats/PipelineKanban.tsx'
    Imported via '@/components/ui/card' from file 'C:/GIT_Repo/Projects/ETLA/ETLA-Platform/frontend/src/components/questionnaires/QuestionnaireBuilder.tsx'
    Imported via '@/components/ui/card' from file 'C:/GIT_Repo/Projects/ETLA/ETLA-Platform/frontend/src/components/reporting/EmployeeDocuments.tsx'
    Imported via '@/components/ui/card' from file 'C:/GIT_Repo/Projects/ETLA/ETLA-Platform/frontend/src/components/reporting/EnhancedEmployeeDocuments.tsx'
    Imported via '@/components/ui/card' from file 'C:/GIT_Repo/Projects/ETLA/ETLA-Platform/frontend/src/components/reporting/EnhancedTaxRecords.tsx'
    Imported via '@/components/ui/card' from file 'C:/GIT_Repo/Projects/ETLA/ETLA-Platform/frontend/src/components/reporting/EnhancedTimecardGrid.tsx'
    Imported via '@/components/ui/card' from file 'C:/GIT_Repo/Projects/ETLA/ETLA-Platform/frontend/src/components/reporting/SimpleTimecardGrid.tsx'
    Imported via '@/components/ui/card' from file 'C:/GIT_Repo/Projects/ETLA/ETLA-Platform/frontend/src/components/reporting/TimecardGrid.tsx'
    Matched by include pattern '**/*.tsx' in 'C:/GIT_Repo/Projects/ETLA/ETLA-Platform/frontend/tsconfig.json'
src/app/questionnaires/analytics/[id]/page.tsx(5,24): error TS1149: File name 'C:/GIT_Repo/Projects/ETLA/ETLA-Platform/frontend/src/components/ui/Button.tsx' differs from already included file name 'C:/GIT_Repo/Projects/ETLA/ETLA-Platform/frontend/src/components/ui/button.tsx' only in casing.
  The file is in the program because:
    Imported via "@/components/ui/button" from file 'C:/GIT_Repo/Projects/ETLA/ETLA-Platform/frontend/src/app/accept-invite/page.tsx'
    Imported via "@/components/ui/button" from file 'C:/GIT_Repo/Projects/ETLA/ETLA-Platform/frontend/src/components/RBACTestPanel.tsx'
    Imported via '@/components/ui/button' from file 'C:/GIT_Repo/Projects/ETLA/ETLA-Platform/frontend/src/app/admin/access-control/AccessControlClient.tsx'
    Imported via '@/components/ui/button' from file 'C:/GIT_Repo/Projects/ETLA/ETLA-Platform/frontend/src/components/rbac/RolesPermissionsTab.tsx'
    Imported via '@/components/ui/button' from file 'C:/GIT_Repo/Projects/ETLA/ETLA-Platform/frontend/src/components/layout/DashboardLayout.tsx'
    Imported via "@/components/ui/button" from file 'C:/GIT_Repo/Projects/ETLA/ETLA-Platform/frontend/src/app/admin/tenant-management/TenantManagementClient.tsx'
    Imported via '@/components/ui/button' from file 'C:/GIT_Repo/Projects/ETLA/ETLA-Platform/frontend/src/components/admin/TimecardRecalculationTool.tsx'
    Imported via '@/components/ui/button' from file 'C:/GIT_Repo/Projects/ETLA/ETLA-Platform/frontend/src/app/audit/page.tsx'
    Imported via '@/components/ui/button' from file 'C:/GIT_Repo/Projects/ETLA/ETLA-Platform/frontend/src/app/benefits/page.tsx'
    Imported via '@/components/ui/button' from file 'C:/GIT_Repo/Projects/ETLA/ETLA-Platform/frontend/src/app/client/dashboard/page.tsx'
    Imported via '@/components/ui/button' from file 'C:/GIT_Repo/Projects/ETLA/ETLA-Platform/frontend/src/app/employees/page.tsx'
    Imported via '@/components/ui/button' from file 'C:/GIT_Repo/Projects/ETLA/ETLA-Platform/frontend/src/app/hr-analytics/page.tsx'
    Imported via "@/components/ui/button" from file 'C:/GIT_Repo/Projects/ETLA/ETLA-Platform/frontend/src/app/job-details/page.tsx'
    Imported via '@/components/ui/button' from file 'C:/GIT_Repo/Projects/ETLA/ETLA-Platform/frontend/src/app/jobs/page.tsx'
    Imported via '@/components/ui/button' from file 'C:/GIT_Repo/Projects/ETLA/ETLA-Platform/frontend/src/app/jobs-enhanced/page.tsx'
    Imported via '@/components/ui/button' from file 'C:/GIT_Repo/Projects/ETLA/ETLA-Platform/frontend/src/app/login/page.tsx'
    Imported via '@/components/ui/button' from file 'C:/GIT_Repo/Projects/ETLA/ETLA-Platform/frontend/src/app/payroll/page.tsx'
    Imported via '@/components/ui/button' from file 'C:/GIT_Repo/Projects/ETLA/ETLA-Platform/frontend/src/app/profile/page.tsx'
    Imported via '@/components/ui/button' from file 'C:/GIT_Repo/Projects/ETLA/ETLA-Platform/frontend/src/app/project-management/page-auth-stable.tsx'
    Imported via '@/components/ui/button' from file 'C:/GIT_Repo/Projects/ETLA/ETLA-Platform/frontend/src/components/WorkRequestApprovalModal.tsx'
    Imported via '@/components/ui/button' from file 'C:/GIT_Repo/Projects/ETLA/ETLA-Platform/frontend/src/components/MissingCustomerModal.tsx'
    Imported via '@/components/ui/button' from file 'C:/GIT_Repo/Projects/ETLA/ETLA-Platform/frontend/src/app/project-management/page-cleaned.tsx'
    Imported via '@/components/ui/button' from file 'C:/GIT_Repo/Projects/ETLA/ETLA-Platform/frontend/src/app/project-management/page-complete-pmbok.tsx'
    Imported via '@/components/ui/button' from file 'C:/GIT_Repo/Projects/ETLA/ETLA-Platform/frontend/src/app/project-management/page-complete-working.tsx'
    Imported via '@/components/ui/button' from file 'C:/GIT_Repo/Projects/ETLA/ETLA-Platform/frontend/src/app/project-management/page-database-aligned.tsx'
    Imported via '@/components/ui/button' from file 'C:/GIT_Repo/Projects/ETLA/ETLA-Platform/frontend/src/app/project-management/page-enhanced-with-approval.tsx'
    Imported via '@/components/ui/button' from file 'C:/GIT_Repo/Projects/ETLA/ETLA-Platform/frontend/src/app/project-management/page-enhanced.tsx'
    Imported via '@/components/ui/button' from file 'C:/GIT_Repo/Projects/ETLA/ETLA-Platform/frontend/src/app/project-management/page-fixed-imports.tsx'
    Imported via '@/components/ui/button' from file 'C:/GIT_Repo/Projects/ETLA/ETLA-Platform/frontend/src/app/project-management/page-fixed.tsx'
    Imported via '@/components/ui/button' from file 'C:/GIT_Repo/Projects/ETLA/ETLA-Platform/frontend/src/app/project-management/page-full-pmbok.tsx'
    Imported via '@/components/ui/button' from file 'C:/GIT_Repo/Projects/ETLA/ETLA-Platform/frontend/src/app/project-management/page-minimal-fields.tsx'
    Imported via '@/components/ui/button' from file 'C:/GIT_Repo/Projects/ETLA/ETLA-Platform/frontend/src/app/project-management/page-query-fixed.tsx'
    Imported via '@/components/ui/button' from file 'C:/GIT_Repo/Projects/ETLA/ETLA-Platform/frontend/src/app/project-management/page-schema-compatible.tsx'
    Imported via '@/components/ui/button' from file 'C:/GIT_Repo/Projects/ETLA/ETLA-Platform/frontend/src/app/project-management/page-with-customer-fix.tsx'
    Imported via '@/components/ui/button' from file 'C:/GIT_Repo/Projects/ETLA/ETLA-Platform/frontend/src/app/project-management/page-with-views.tsx'
    Imported via '@/components/ui/Button' from file 'C:/GIT_Repo/Projects/ETLA/ETLA-Platform/frontend/src/app/project-management/projects/[id]/page.tsx'
    Imported via '@/components/ui/Button' from file 'C:/GIT_Repo/Projects/ETLA/ETLA-Platform/frontend/src/app/project-management/requests/[id]/page.tsx'
    Imported via '@/components/ui/button' from file 'C:/GIT_Repo/Projects/ETLA/ETLA-Platform/frontend/src/app/project-management/resources/page.tsx'
    Imported via '@/components/ui/button' from file 'C:/GIT_Repo/Projects/ETLA/ETLA-Platform/frontend/src/app/project-management/schedule/page.tsx'
    Imported via '@/components/ui/button' from file 'C:/GIT_Repo/Projects/ETLA/ETLA-Platform/frontend/src/app/projects/page.tsx'
    Imported via '@/components/ui/button' from file 'C:/GIT_Repo/Projects/ETLA/ETLA-Platform/frontend/src/app/questionnaires/page.tsx'
    Imported via '@/components/ui/button' from file 'C:/GIT_Repo/Projects/ETLA/ETLA-Platform/frontend/src/app/questionnaires/active/page.tsx'
    Imported via '@/components/ui/button' from file 'C:/GIT_Repo/Projects/ETLA/ETLA-Platform/frontend/src/app/questionnaires/analytics/page.tsx'
    Imported via '@/components/ui/Button' from file 'C:/GIT_Repo/Projects/ETLA/ETLA-Platform/frontend/src/app/questionnaires/analytics/[id]/page.tsx'
    Imported via '@/components/ui/button' from file 'C:/GIT_Repo/Projects/ETLA/ETLA-Platform/frontend/src/app/questionnaires/builder/page.tsx'
    Imported via '@/components/ui/Button' from file 'C:/GIT_Repo/Projects/ETLA/ETLA-Platform/frontend/src/app/questionnaires/respond/[id]/page.tsx'
    Imported via "@/components/ui/button" from file 'C:/GIT_Repo/Projects/ETLA/ETLA-Platform/frontend/src/app/reporting/ReportingClient.tsx'
    Imported via '@/components/ui/button' from file 'C:/GIT_Repo/Projects/ETLA/ETLA-Platform/frontend/src/app/reporting/page-enhanced-views.tsx'
    Imported via '@/components/ui/button' from file 'C:/GIT_Repo/Projects/ETLA/ETLA-Platform/frontend/src/components/dashboard/ComprehensiveDashboard.tsx'
    Imported via '@/components/ui/button' from file 'C:/GIT_Repo/Projects/ETLA/ETLA-Platform/frontend/src/app/reporting/page-enhanced.tsx'
    Imported via '@/components/ui/button' from file 'C:/GIT_Repo/Projects/ETLA/ETLA-Platform/frontend/src/app/reporting/page-sticky-header.tsx'
    Imported via '@/components/ui/button' from file 'C:/GIT_Repo/Projects/ETLA/ETLA-Platform/frontend/src/app/reporting/page-with-search-indicators.tsx'
    Imported via '@/components/ui/button' from file 'C:/GIT_Repo/Projects/ETLA/ETLA-Platform/frontend/src/components/reporting/EnhancedTaxRecordsWithLocalTax.tsx'
    Imported via '@/components/ui/button' from file 'C:/GIT_Repo/Projects/ETLA/ETLA-Platform/frontend/src/components/timecard/TimecardDailyReport.tsx'
    Imported via '@/components/ui/button' from file 'C:/GIT_Repo/Projects/ETLA/ETLA-Platform/frontend/src/components/timecard/CorrectionModal.tsx'
    Imported via '@/components/ui/button' from file 'C:/GIT_Repo/Projects/ETLA/ETLA-Platform/frontend/src/app/reset-password/page.tsx'
    Imported via '@/components/ui/button' from file 'C:/GIT_Repo/Projects/ETLA/ETLA-Platform/frontend/src/app/settings/page.tsx'
    Imported via '@/components/ui/button' from file 'C:/GIT_Repo/Projects/ETLA/ETLA-Platform/frontend/src/app/talent/page.tsx'
    Imported via '@/components/ui/button' from file 'C:/GIT_Repo/Projects/ETLA/ETLA-Platform/frontend/src/app/talent/candidates/page.tsx'
    Imported via '@/components/ui/button' from file 'C:/GIT_Repo/Projects/ETLA/ETLA-Platform/frontend/src/app/talent/interviews/page.tsx'
    Imported via '@/components/ui/button' from file 'C:/GIT_Repo/Projects/ETLA/ETLA-Platform/frontend/src/app/talent/jobs/page.tsx'
    Imported via '@/components/ui/button' from file 'C:/GIT_Repo/Projects/ETLA/ETLA-Platform/frontend/src/app/talent/offers/page.tsx'
    Imported via '@/components/ui/button' from file 'C:/GIT_Repo/Projects/ETLA/ETLA-Platform/frontend/src/app/talent/pipeline/page.tsx'
    Imported via '@/components/ui/button' from file 'C:/GIT_Repo/Projects/ETLA/ETLA-Platform/frontend/src/app/upload/page.tsx'
    Imported via '@/components/ui/button' from file 'C:/GIT_Repo/Projects/ETLA/ETLA-Platform/frontend/src/app/validation/page.tsx'
    Imported via '@/components/ui/button' from file 'C:/GIT_Repo/Projects/ETLA/ETLA-Platform/frontend/src/app/validation-rules/page.tsx'
    Imported via "@/components/ui/button" from file 'C:/GIT_Repo/Projects/ETLA/ETLA-Platform/frontend/src/app/work-requests/page-broken.tsx'
    Imported via '@/components/ui/button' from file 'C:/GIT_Repo/Projects/ETLA/ETLA-Platform/frontend/src/components/TenantSelector.tsx'
    Imported via '@/components/ui/button' from file 'C:/GIT_Repo/Projects/ETLA/ETLA-Platform/frontend/src/app/work-requests/page-cleaned.tsx'
    Imported via '@/components/ui/button' from file 'C:/GIT_Repo/Projects/ETLA/ETLA-Platform/frontend/src/app/work-requests/page-schema-fixed.tsx'
    Imported via '@/components/ui/button' from file 'C:/GIT_Repo/Projects/ETLA/ETLA-Platform/frontend/src/app/work-requests/page-with-modals.tsx'
    Imported via '@/components/ui/button' from file 'C:/GIT_Repo/Projects/ETLA/ETLA-Platform/frontend/src/app/work-requests/page.tsx'
    Imported via '@/components/ui/Button' from file 'C:/GIT_Repo/Projects/ETLA/ETLA-Platform/frontend/src/app/work-requests/[id]/page-fixed.tsx'
    Imported via '@/components/ui/Button' from file 'C:/GIT_Repo/Projects/ETLA/ETLA-Platform/frontend/src/app/work-requests/[id]/page-integrated.tsx'
    Imported via '@/components/ui/Button' from file 'C:/GIT_Repo/Projects/ETLA/ETLA-Platform/frontend/src/app/work-requests/[id]/page-nextjs15-fixed.tsx'
    Imported via '@/components/ui/Button' from file 'C:/GIT_Repo/Projects/ETLA/ETLA-Platform/frontend/src/app/work-requests/[id]/page.tsx'
    Imported via '@/components/ui/Button' from file 'C:/GIT_Repo/Projects/ETLA/ETLA-Platform/frontend/src/app/work-requests/[id]/edit/page.tsx'
    Imported via '@/components/ui/button' from file 'C:/GIT_Repo/Projects/ETLA/ETLA-Platform/frontend/src/app/work-requests/new/page.tsx'
    Imported via '@/components/ui/button' from file 'C:/GIT_Repo/Projects/ETLA/ETLA-Platform/frontend/src/components/MFASetup.tsx'
    Imported via '@/components/ui/button' from file 'C:/GIT_Repo/Projects/ETLA/ETLA-Platform/frontend/src/components/MFAVerification.tsx'
    Imported via '@/components/ui/button' from file 'C:/GIT_Repo/Projects/ETLA/ETLA-Platform/frontend/src/components/PasswordResetModal.tsx'
    Imported via '@/components/ui/button' from file 'C:/GIT_Repo/Projects/ETLA/ETLA-Platform/frontend/src/components/UserCleanupModal.tsx'
    Imported via '@/components/ui/button' from file 'C:/GIT_Repo/Projects/ETLA/ETLA-Platform/frontend/src/components/UserCreationModal-supabase.tsx'
    Imported via '@/components/ui/button' from file 'C:/GIT_Repo/Projects/ETLA/ETLA-Platform/frontend/src/components/UserCreationModal.tsx'
    Imported via '@/components/ui/button' from file 'C:/GIT_Repo/Projects/ETLA/ETLA-Platform/frontend/src/components/UserEditModal.tsx'
    Imported via '@/components/ui/button' from file 'C:/GIT_Repo/Projects/ETLA/ETLA-Platform/frontend/src/components/UserInviteModal-supabase.tsx'
    Imported via '@/components/ui/button' from file 'C:/GIT_Repo/Projects/ETLA/ETLA-Platform/frontend/src/components/UserInviteModal.tsx'
    Imported via '@/components/ui/button' from file 'C:/GIT_Repo/Projects/ETLA/ETLA-Platform/frontend/src/components/UserSwitcher.tsx'
    Imported via '@/components/ui/button' from file 'C:/GIT_Repo/Projects/ETLA/ETLA-Platform/frontend/src/components/ats/CandidatesManagement.tsx'
    Imported via '@/components/ui/button' from file 'C:/GIT_Repo/Projects/ETLA/ETLA-Platform/frontend/src/components/ats/PipelineKanban.tsx'
    Imported via '@/components/ui/button' from file 'C:/GIT_Repo/Projects/ETLA/ETLA-Platform/frontend/src/components/questionnaires/QuestionnaireBuilder.tsx'
    Imported via '@/components/ui/button' from file 'C:/GIT_Repo/Projects/ETLA/ETLA-Platform/frontend/src/components/reporting/EmployeeDocuments.tsx'
    Imported via '@/components/ui/button' from file 'C:/GIT_Repo/Projects/ETLA/ETLA-Platform/frontend/src/components/reporting/EnhancedEmployeeDocuments.tsx'
    Imported via '@/components/ui/button' from file 'C:/GIT_Repo/Projects/ETLA/ETLA-Platform/frontend/src/components/reporting/EnhancedTaxRecords.tsx'
    Imported via '@/components/ui/button' from file 'C:/GIT_Repo/Projects/ETLA/ETLA-Platform/frontend/src/components/reporting/EnhancedTimecardGrid.tsx'
    Imported via '@/components/ui/button' from file 'C:/GIT_Repo/Projects/ETLA/ETLA-Platform/frontend/src/components/reporting/SimpleTimecardGrid.tsx'
    Imported via '@/components/ui/button' from file 'C:/GIT_Repo/Projects/ETLA/ETLA-Platform/frontend/src/components/reporting/TimecardGrid.tsx'
    Matched by include pattern '**/*.tsx' in 'C:/GIT_Repo/Projects/ETLA/ETLA-Platform/frontend/tsconfig.json'
    Imported via '@/components/ui/button' from file 'C:/GIT_Repo/Projects/ETLA/ETLA-Platform/frontend/src/components/work-requests/WorkRequestForm.tsx'
src/app/questionnaires/analytics/[id]/page.tsx(6,23): error TS1149: File name 'C:/GIT_Repo/Projects/ETLA/ETLA-Platform/frontend/src/components/ui/Badge.tsx' differs from already included file name 'C:/GIT_Repo/Projects/ETLA/ETLA-Platform/frontend/src/components/ui/badge.tsx' only in casing.
  The file is in the program because:
    Imported via '@/components/ui/badge' from file 'C:/GIT_Repo/Projects/ETLA/ETLA-Platform/frontend/src/components/rbac/RolesPermissionsTab.tsx'
    Imported via "@/components/ui/badge" from file 'C:/GIT_Repo/Projects/ETLA/ETLA-Platform/frontend/src/app/admin/tenant-management/TenantManagementClient.tsx'
    Imported via '@/components/ui/badge' from file 'C:/GIT_Repo/Projects/ETLA/ETLA-Platform/frontend/src/app/hr-analytics/page.tsx'
    Imported via '@/components/ui/badge' from file 'C:/GIT_Repo/Projects/ETLA/ETLA-Platform/frontend/src/app/project-management/page-cleaned.tsx'
    Imported via '@/components/ui/badge' from file 'C:/GIT_Repo/Projects/ETLA/ETLA-Platform/frontend/src/app/project-management/page-complete-pmbok.tsx'
    Imported via '@/components/ui/badge' from file 'C:/GIT_Repo/Projects/ETLA/ETLA-Platform/frontend/src/app/project-management/page-database-aligned.tsx'
    Imported via '@/components/ui/badge' from file 'C:/GIT_Repo/Projects/ETLA/ETLA-Platform/frontend/src/app/project-management/page-fixed.tsx'
    Imported via '@/components/ui/badge' from file 'C:/GIT_Repo/Projects/ETLA/ETLA-Platform/frontend/src/app/project-management/page-full-pmbok.tsx'
    Imported via '@/components/ui/badge' from file 'C:/GIT_Repo/Projects/ETLA/ETLA-Platform/frontend/src/app/project-management/page-minimal-fields.tsx'
    Imported via '@/components/ui/badge' from file 'C:/GIT_Repo/Projects/ETLA/ETLA-Platform/frontend/src/app/project-management/page-query-fixed.tsx'
    Imported via '@/components/ui/badge' from file 'C:/GIT_Repo/Projects/ETLA/ETLA-Platform/frontend/src/app/project-management/page-schema-compatible.tsx'
    Imported via '@/components/ui/badge' from file 'C:/GIT_Repo/Projects/ETLA/ETLA-Platform/frontend/src/app/project-management/page-with-views.tsx'
    Imported via '@/components/ui/badge' from file 'C:/GIT_Repo/Projects/ETLA/ETLA-Platform/frontend/src/app/questionnaires/page.tsx'
    Imported via '@/components/ui/badge' from file 'C:/GIT_Repo/Projects/ETLA/ETLA-Platform/frontend/src/app/questionnaires/active/page.tsx'
    Imported via '@/components/ui/badge' from file 'C:/GIT_Repo/Projects/ETLA/ETLA-Platform/frontend/src/app/questionnaires/analytics/page.tsx'
    Imported via '@/components/ui/Badge' from file 'C:/GIT_Repo/Projects/ETLA/ETLA-Platform/frontend/src/app/questionnaires/analytics/[id]/page.tsx'
    Imported via '@/components/ui/badge' from file 'C:/GIT_Repo/Projects/ETLA/ETLA-Platform/frontend/src/app/questionnaires/builder/page.tsx'
    Imported via '@/components/ui/Badge' from file 'C:/GIT_Repo/Projects/ETLA/ETLA-Platform/frontend/src/app/questionnaires/respond/[id]/page.tsx'
    Imported via "@/components/ui/badge" from file 'C:/GIT_Repo/Projects/ETLA/ETLA-Platform/frontend/src/app/rbac-test/page.tsx'
    Imported via '@/components/ui/badge' from file 'C:/GIT_Repo/Projects/ETLA/ETLA-Platform/frontend/src/app/reporting/page-enhanced-views.tsx'
    Imported via '@/components/ui/badge' from file 'C:/GIT_Repo/Projects/ETLA/ETLA-Platform/frontend/src/components/dashboard/ComprehensiveDashboard.tsx'
    Imported via '@/components/ui/badge' from file 'C:/GIT_Repo/Projects/ETLA/ETLA-Platform/frontend/src/app/reporting/page-enhanced.tsx'
    Imported via '@/components/ui/badge' from file 'C:/GIT_Repo/Projects/ETLA/ETLA-Platform/frontend/src/app/reporting/page-sticky-header.tsx'
    Imported via '@/components/ui/badge' from file 'C:/GIT_Repo/Projects/ETLA/ETLA-Platform/frontend/src/app/reporting/page-with-search-indicators.tsx'
    Imported via '@/components/ui/badge' from file 'C:/GIT_Repo/Projects/ETLA/ETLA-Platform/frontend/src/components/reporting/EnhancedTaxRecordsWithLocalTax.tsx'
    Imported via '@/components/ui/badge' from file 'C:/GIT_Repo/Projects/ETLA/ETLA-Platform/frontend/src/components/timecard/TimecardDailyReport.tsx'
    Imported via '@/components/ui/badge' from file 'C:/GIT_Repo/Projects/ETLA/ETLA-Platform/frontend/src/app/talent/candidates/page.tsx'
    Imported via '@/components/ui/badge' from file 'C:/GIT_Repo/Projects/ETLA/ETLA-Platform/frontend/src/app/talent/interviews/page.tsx'
    Imported via '@/components/ui/badge' from file 'C:/GIT_Repo/Projects/ETLA/ETLA-Platform/frontend/src/app/talent/jobs/page.tsx'
    Imported via '@/components/ui/badge' from file 'C:/GIT_Repo/Projects/ETLA/ETLA-Platform/frontend/src/app/talent/offers/page.tsx'
    Imported via '@/components/ui/badge' from file 'C:/GIT_Repo/Projects/ETLA/ETLA-Platform/frontend/src/app/talent/pipeline/page.tsx'
    Imported via '@/components/ui/badge' from file 'C:/GIT_Repo/Projects/ETLA/ETLA-Platform/frontend/src/app/work-requests/page-cleaned.tsx'
    Imported via '@/components/ui/badge' from file 'C:/GIT_Repo/Projects/ETLA/ETLA-Platform/frontend/src/app/work-requests/page-schema-fixed.tsx'
    Imported via '@/components/ui/badge' from file 'C:/GIT_Repo/Projects/ETLA/ETLA-Platform/frontend/src/app/work-requests/page-with-modals.tsx'
    Imported via '@/components/ui/badge' from file 'C:/GIT_Repo/Projects/ETLA/ETLA-Platform/frontend/src/components/ats/CandidatesManagement.tsx'
    Imported via '@/components/ui/badge' from file 'C:/GIT_Repo/Projects/ETLA/ETLA-Platform/frontend/src/components/ats/PipelineKanban.tsx'
    Imported via '@/components/ui/badge' from file 'C:/GIT_Repo/Projects/ETLA/ETLA-Platform/frontend/src/components/questionnaires/QuestionnaireBuilder.tsx'
    Imported via '@/components/ui/badge' from file 'C:/GIT_Repo/Projects/ETLA/ETLA-Platform/frontend/src/components/reporting/EmployeeDocuments.tsx'
    Imported via '@/components/ui/badge' from file 'C:/GIT_Repo/Projects/ETLA/ETLA-Platform/frontend/src/components/reporting/EnhancedEmployeeDocuments.tsx'
    Imported via '@/components/ui/badge' from file 'C:/GIT_Repo/Projects/ETLA/ETLA-Platform/frontend/src/components/reporting/EnhancedTaxRecords.tsx'
    Imported via '@/components/ui/badge' from file 'C:/GIT_Repo/Projects/ETLA/ETLA-Platform/frontend/src/components/reporting/EnhancedTimecardGrid.tsx'
    Imported via '@/components/ui/badge' from file 'C:/GIT_Repo/Projects/ETLA/ETLA-Platform/frontend/src/components/reporting/SimpleTimecardGrid.tsx'
    Imported via '@/components/ui/badge' from file 'C:/GIT_Repo/Projects/ETLA/ETLA-Platform/frontend/src/components/reporting/TimecardGrid.tsx'
    Matched by include pattern '**/*.tsx' in 'C:/GIT_Repo/Projects/ETLA/ETLA-Platform/frontend/tsconfig.json'
src/app/questionnaires/analytics/[id]/page.tsx(7,23): error TS1149: File name 'C:/GIT_Repo/Projects/ETLA/ETLA-Platform/frontend/src/components/ui/Input.tsx' differs from already included file name 'C:/GIT_Repo/Projects/ETLA/ETLA-Platform/frontend/src/components/ui/input.tsx' only in casing.
  The file is in the program because:
    Imported via '@/components/ui/input' from file 'C:/GIT_Repo/Projects/ETLA/ETLA-Platform/frontend/src/app/admin/access-control/AccessControlClient.tsx'
    Imported via '@/components/ui/input' from file 'C:/GIT_Repo/Projects/ETLA/ETLA-Platform/frontend/src/components/rbac/RolesPermissionsTab.tsx'
    Imported via "@/components/ui/input" from file 'C:/GIT_Repo/Projects/ETLA/ETLA-Platform/frontend/src/app/admin/tenant-management/TenantManagementClient.tsx'
    Imported via '@/components/ui/input' from file 'C:/GIT_Repo/Projects/ETLA/ETLA-Platform/frontend/src/components/admin/TimecardRecalculationTool.tsx'
    Imported via '@/components/ui/input' from file 'C:/GIT_Repo/Projects/ETLA/ETLA-Platform/frontend/src/app/hr-analytics/page.tsx'
    Imported via '@/components/ui/input' from file 'C:/GIT_Repo/Projects/ETLA/ETLA-Platform/frontend/src/app/project-management/page-cleaned.tsx'
    Imported via '@/components/ui/input' from file 'C:/GIT_Repo/Projects/ETLA/ETLA-Platform/frontend/src/app/project-management/page-complete-pmbok.tsx'
    Imported via '@/components/ui/input' from file 'C:/GIT_Repo/Projects/ETLA/ETLA-Platform/frontend/src/app/project-management/page-database-aligned.tsx'
    Imported via '@/components/ui/input' from file 'C:/GIT_Repo/Projects/ETLA/ETLA-Platform/frontend/src/app/project-management/page-fixed.tsx'
    Imported via '@/components/ui/input' from file 'C:/GIT_Repo/Projects/ETLA/ETLA-Platform/frontend/src/app/project-management/page-full-pmbok.tsx'
    Imported via '@/components/ui/input' from file 'C:/GIT_Repo/Projects/ETLA/ETLA-Platform/frontend/src/app/project-management/page-minimal-fields.tsx'
    Imported via '@/components/ui/input' from file 'C:/GIT_Repo/Projects/ETLA/ETLA-Platform/frontend/src/app/project-management/page-query-fixed.tsx'
    Imported via '@/components/ui/input' from file 'C:/GIT_Repo/Projects/ETLA/ETLA-Platform/frontend/src/app/project-management/page-schema-compatible.tsx'
    Imported via '@/components/ui/input' from file 'C:/GIT_Repo/Projects/ETLA/ETLA-Platform/frontend/src/app/project-management/page-with-views.tsx'
    Imported via '@/components/ui/input' from file 'C:/GIT_Repo/Projects/ETLA/ETLA-Platform/frontend/src/app/questionnaires/page.tsx'
    Imported via '@/components/ui/input' from file 'C:/GIT_Repo/Projects/ETLA/ETLA-Platform/frontend/src/app/questionnaires/active/page.tsx'
    Imported via '@/components/ui/input' from file 'C:/GIT_Repo/Projects/ETLA/ETLA-Platform/frontend/src/app/questionnaires/analytics/page.tsx'
    Imported via '@/components/ui/Input' from file 'C:/GIT_Repo/Projects/ETLA/ETLA-Platform/frontend/src/app/questionnaires/analytics/[id]/page.tsx'
    Imported via '@/components/ui/input' from file 'C:/GIT_Repo/Projects/ETLA/ETLA-Platform/frontend/src/app/questionnaires/builder/page.tsx'
    Imported via '@/components/ui/Input' from file 'C:/GIT_Repo/Projects/ETLA/ETLA-Platform/frontend/src/app/questionnaires/respond/[id]/page.tsx'
    Imported via "@/components/ui/input" from file 'C:/GIT_Repo/Projects/ETLA/ETLA-Platform/frontend/src/app/reporting/ReportingClient.tsx'
    Imported via '@/components/ui/input' from file 'C:/GIT_Repo/Projects/ETLA/ETLA-Platform/frontend/src/app/reporting/page-enhanced-views.tsx'
    Imported via '@/components/ui/input' from file 'C:/GIT_Repo/Projects/ETLA/ETLA-Platform/frontend/src/app/reporting/page-enhanced.tsx'
    Imported via '@/components/ui/input' from file 'C:/GIT_Repo/Projects/ETLA/ETLA-Platform/frontend/src/app/reporting/page-sticky-header.tsx'
    Imported via '@/components/ui/input' from file 'C:/GIT_Repo/Projects/ETLA/ETLA-Platform/frontend/src/app/reporting/page-with-search-indicators.tsx'
    Imported via '@/components/ui/input' from file 'C:/GIT_Repo/Projects/ETLA/ETLA-Platform/frontend/src/components/timecard/TimecardDailyReport.tsx'
    Imported via '@/components/ui/input' from file 'C:/GIT_Repo/Projects/ETLA/ETLA-Platform/frontend/src/components/timecard/CorrectionModal.tsx'
    Imported via '@/components/ui/input' from file 'C:/GIT_Repo/Projects/ETLA/ETLA-Platform/frontend/src/app/talent/candidates/page.tsx'
    Imported via '@/components/ui/input' from file 'C:/GIT_Repo/Projects/ETLA/ETLA-Platform/frontend/src/app/talent/interviews/page.tsx'
    Imported via '@/components/ui/input' from file 'C:/GIT_Repo/Projects/ETLA/ETLA-Platform/frontend/src/app/talent/jobs/page.tsx'
    Imported via '@/components/ui/input' from file 'C:/GIT_Repo/Projects/ETLA/ETLA-Platform/frontend/src/app/talent/offers/page.tsx'
    Imported via '@/components/ui/input' from file 'C:/GIT_Repo/Projects/ETLA/ETLA-Platform/frontend/src/app/talent/pipeline/page.tsx'
    Imported via '@/components/ui/input' from file 'C:/GIT_Repo/Projects/ETLA/ETLA-Platform/frontend/src/app/work-requests/page-cleaned.tsx'
    Imported via '@/components/ui/input' from file 'C:/GIT_Repo/Projects/ETLA/ETLA-Platform/frontend/src/app/work-requests/page-schema-fixed.tsx'
    Imported via '@/components/ui/input' from file 'C:/GIT_Repo/Projects/ETLA/ETLA-Platform/frontend/src/app/work-requests/page-with-modals.tsx'
    Imported via '@/components/ui/input' from file 'C:/GIT_Repo/Projects/ETLA/ETLA-Platform/frontend/src/components/reporting/EmployeeDocuments.tsx'
    Imported via '@/components/ui/input' from file 'C:/GIT_Repo/Projects/ETLA/ETLA-Platform/frontend/src/components/reporting/EnhancedEmployeeDocuments.tsx'
    Imported via '@/components/ui/input' from file 'C:/GIT_Repo/Projects/ETLA/ETLA-Platform/frontend/src/components/reporting/SimpleTimecardGrid.tsx'
    Matched by include pattern '**/*.tsx' in 'C:/GIT_Repo/Projects/ETLA/ETLA-Platform/frontend/tsconfig.json'
    Imported via '@/components/ui/input' from file 'C:/GIT_Repo/Projects/ETLA/ETLA-Platform/frontend/src/components/work-requests/WorkRequestForm.tsx'
src/app/questionnaires/respond/[id]/page.tsx(4,58): error TS1149: File name 'C:/GIT_Repo/Projects/ETLA/ETLA-Platform/frontend/src/components/ui/Card.tsx' differs from already included file name 'C:/GIT_Repo/Projects/ETLA/ETLA-Platform/frontend/src/components/ui/card.tsx' only in casing.
  The file is in the program because:
    Imported via "@/components/ui/card" from file 'C:/GIT_Repo/Projects/ETLA/ETLA-Platform/frontend/src/app/accept-invite/page.tsx'
    Imported via "@/components/ui/card" from file 'C:/GIT_Repo/Projects/ETLA/ETLA-Platform/frontend/src/components/RBACTestPanel.tsx'
    Imported via '@/components/ui/card' from file 'C:/GIT_Repo/Projects/ETLA/ETLA-Platform/frontend/src/app/admin/access-control/AccessControlClient.tsx'
    Imported via '@/components/ui/card' from file 'C:/GIT_Repo/Projects/ETLA/ETLA-Platform/frontend/src/components/rbac/RolesPermissionsTab.tsx'
    Imported via "@/components/ui/card" from file 'C:/GIT_Repo/Projects/ETLA/ETLA-Platform/frontend/src/app/admin/tenant-management/TenantManagementClient.tsx'
    Imported via '@/components/ui/card' from file 'C:/GIT_Repo/Projects/ETLA/ETLA-Platform/frontend/src/components/admin/TimecardRecalculationTool.tsx'
    Imported via '@/components/ui/card' from file 'C:/GIT_Repo/Projects/ETLA/ETLA-Platform/frontend/src/app/audit/page.tsx'
    Imported via '@/components/ui/card' from file 'C:/GIT_Repo/Projects/ETLA/ETLA-Platform/frontend/src/app/benefits/page.tsx'
    Imported via '@/components/ui/card' from file 'C:/GIT_Repo/Projects/ETLA/ETLA-Platform/frontend/src/app/employees/page.tsx'
    Imported via '@/components/ui/card' from file 'C:/GIT_Repo/Projects/ETLA/ETLA-Platform/frontend/src/app/hr-analytics/page.tsx'
    Imported via "@/components/ui/card" from file 'C:/GIT_Repo/Projects/ETLA/ETLA-Platform/frontend/src/app/job-details/page.tsx'
    Imported via '@/components/ui/card' from file 'C:/GIT_Repo/Projects/ETLA/ETLA-Platform/frontend/src/app/jobs/page.tsx'
    Imported via '@/components/ui/card' from file 'C:/GIT_Repo/Projects/ETLA/ETLA-Platform/frontend/src/app/jobs-enhanced/page.tsx'
    Imported via '@/components/ui/card' from file 'C:/GIT_Repo/Projects/ETLA/ETLA-Platform/frontend/src/app/login/page.tsx'
    Imported via '@/components/ui/card' from file 'C:/GIT_Repo/Projects/ETLA/ETLA-Platform/frontend/src/app/payroll/page.tsx'
    Imported via '@/components/ui/card' from file 'C:/GIT_Repo/Projects/ETLA/ETLA-Platform/frontend/src/app/profile/page.tsx'
    Imported via '@/components/ui/card' from file 'C:/GIT_Repo/Projects/ETLA/ETLA-Platform/frontend/src/app/project-management/page-auth-stable.tsx'
    Imported via '@/components/ui/card' from file 'C:/GIT_Repo/Projects/ETLA/ETLA-Platform/frontend/src/components/WorkRequestApprovalModal.tsx'
    Imported via '@/components/ui/card' from file 'C:/GIT_Repo/Projects/ETLA/ETLA-Platform/frontend/src/components/MissingCustomerModal.tsx'
    Imported via '@/components/ui/card' from file 'C:/GIT_Repo/Projects/ETLA/ETLA-Platform/frontend/src/app/project-management/page-cleaned.tsx'
    Imported via '@/components/ui/card' from file 'C:/GIT_Repo/Projects/ETLA/ETLA-Platform/frontend/src/app/project-management/page-complete-pmbok.tsx'
    Imported via '@/components/ui/card' from file 'C:/GIT_Repo/Projects/ETLA/ETLA-Platform/frontend/src/app/project-management/page-complete-working.tsx'
    Imported via '@/components/ui/card' from file 'C:/GIT_Repo/Projects/ETLA/ETLA-Platform/frontend/src/app/project-management/page-database-aligned.tsx'
    Imported via '@/components/ui/card' from file 'C:/GIT_Repo/Projects/ETLA/ETLA-Platform/frontend/src/app/project-management/page-enhanced-with-approval.tsx'
    Imported via '@/components/ui/card' from file 'C:/GIT_Repo/Projects/ETLA/ETLA-Platform/frontend/src/app/project-management/page-enhanced.tsx'
    Imported via '@/components/ui/card' from file 'C:/GIT_Repo/Projects/ETLA/ETLA-Platform/frontend/src/app/project-management/page-fixed-imports.tsx'
    Imported via '@/components/ui/card' from file 'C:/GIT_Repo/Projects/ETLA/ETLA-Platform/frontend/src/app/project-management/page-fixed.tsx'
    Imported via '@/components/ui/card' from file 'C:/GIT_Repo/Projects/ETLA/ETLA-Platform/frontend/src/app/project-management/page-full-pmbok.tsx'
    Imported via '@/components/ui/card' from file 'C:/GIT_Repo/Projects/ETLA/ETLA-Platform/frontend/src/app/project-management/page-minimal-fields.tsx'
    Imported via '@/components/ui/card' from file 'C:/GIT_Repo/Projects/ETLA/ETLA-Platform/frontend/src/app/project-management/page-query-fixed.tsx'
    Imported via '@/components/ui/card' from file 'C:/GIT_Repo/Projects/ETLA/ETLA-Platform/frontend/src/app/project-management/page-schema-compatible.tsx'
    Imported via '@/components/ui/card' from file 'C:/GIT_Repo/Projects/ETLA/ETLA-Platform/frontend/src/app/project-management/page-with-customer-fix.tsx'
    Imported via '@/components/ui/card' from file 'C:/GIT_Repo/Projects/ETLA/ETLA-Platform/frontend/src/app/project-management/page-with-views.tsx'
    Imported via '@/components/ui/card' from file 'C:/GIT_Repo/Projects/ETLA/ETLA-Platform/frontend/src/app/questionnaires/page.tsx'
    Imported via '@/components/ui/card' from file 'C:/GIT_Repo/Projects/ETLA/ETLA-Platform/frontend/src/app/questionnaires/active/page.tsx'
    Imported via '@/components/ui/card' from file 'C:/GIT_Repo/Projects/ETLA/ETLA-Platform/frontend/src/app/questionnaires/analytics/page.tsx'
    Imported via '@/components/ui/Card' from file 'C:/GIT_Repo/Projects/ETLA/ETLA-Platform/frontend/src/app/questionnaires/analytics/[id]/page.tsx'
    Imported via '@/components/ui/card' from file 'C:/GIT_Repo/Projects/ETLA/ETLA-Platform/frontend/src/app/questionnaires/builder/page.tsx'
    Imported via '@/components/ui/Card' from file 'C:/GIT_Repo/Projects/ETLA/ETLA-Platform/frontend/src/app/questionnaires/respond/[id]/page.tsx'
    Imported via "@/components/ui/card" from file 'C:/GIT_Repo/Projects/ETLA/ETLA-Platform/frontend/src/app/rbac-test/page.tsx'
    Imported via "@/components/ui/card" from file 'C:/GIT_Repo/Projects/ETLA/ETLA-Platform/frontend/src/app/reporting/ReportingClient.tsx'
    Imported via '@/components/ui/card' from file 'C:/GIT_Repo/Projects/ETLA/ETLA-Platform/frontend/src/app/reporting/page-enhanced-views.tsx'
    Imported via '@/components/ui/card' from file 'C:/GIT_Repo/Projects/ETLA/ETLA-Platform/frontend/src/components/dashboard/ComprehensiveDashboard.tsx'
    Imported via '@/components/ui/card' from file 'C:/GIT_Repo/Projects/ETLA/ETLA-Platform/frontend/src/app/reporting/page-enhanced.tsx'
    Imported via '@/components/ui/card' from file 'C:/GIT_Repo/Projects/ETLA/ETLA-Platform/frontend/src/app/reporting/page-sticky-header.tsx'
    Imported via '@/components/ui/card' from file 'C:/GIT_Repo/Projects/ETLA/ETLA-Platform/frontend/src/app/reporting/page-with-search-indicators.tsx'
    Imported via '@/components/ui/card' from file 'C:/GIT_Repo/Projects/ETLA/ETLA-Platform/frontend/src/components/reporting/EnhancedTaxRecordsWithLocalTax.tsx'
    Imported via '@/components/ui/card' from file 'C:/GIT_Repo/Projects/ETLA/ETLA-Platform/frontend/src/components/timecard/TimecardDailyReport.tsx'
    Imported via '@/components/ui/card' from file 'C:/GIT_Repo/Projects/ETLA/ETLA-Platform/frontend/src/components/timecard/CorrectionModal.tsx'
    Imported via '@/components/ui/card' from file 'C:/GIT_Repo/Projects/ETLA/ETLA-Platform/frontend/src/app/reset-password/page.tsx'
    Imported via '@/components/ui/card' from file 'C:/GIT_Repo/Projects/ETLA/ETLA-Platform/frontend/src/app/settings/page.tsx'
    Imported via '@/components/ui/card' from file 'C:/GIT_Repo/Projects/ETLA/ETLA-Platform/frontend/src/app/talent/page.tsx'
    Imported via '@/components/ui/card' from file 'C:/GIT_Repo/Projects/ETLA/ETLA-Platform/frontend/src/app/talent/candidates/page.tsx'
    Imported via '@/components/ui/card' from file 'C:/GIT_Repo/Projects/ETLA/ETLA-Platform/frontend/src/app/talent/interviews/page.tsx'
    Imported via '@/components/ui/card' from file 'C:/GIT_Repo/Projects/ETLA/ETLA-Platform/frontend/src/app/talent/jobs/page.tsx'
    Imported via '@/components/ui/card' from file 'C:/GIT_Repo/Projects/ETLA/ETLA-Platform/frontend/src/app/talent/offers/page.tsx'
    Imported via '@/components/ui/card' from file 'C:/GIT_Repo/Projects/ETLA/ETLA-Platform/frontend/src/app/talent/pipeline/page.tsx'
    Imported via '@/components/ui/card' from file 'C:/GIT_Repo/Projects/ETLA/ETLA-Platform/frontend/src/app/upload/page.tsx'
    Imported via '@/components/ui/card' from file 'C:/GIT_Repo/Projects/ETLA/ETLA-Platform/frontend/src/app/validation/page.tsx'
    Imported via '@/components/ui/card' from file 'C:/GIT_Repo/Projects/ETLA/ETLA-Platform/frontend/src/app/validation-rules/page.tsx'
    Imported via "@/components/ui/card" from file 'C:/GIT_Repo/Projects/ETLA/ETLA-Platform/frontend/src/app/work-requests/page-broken.tsx'
    Imported via '@/components/ui/card' from file 'C:/GIT_Repo/Projects/ETLA/ETLA-Platform/frontend/src/app/work-requests/page-cleaned.tsx'
    Imported via '@/components/ui/card' from file 'C:/GIT_Repo/Projects/ETLA/ETLA-Platform/frontend/src/app/work-requests/page-schema-fixed.tsx'
    Imported via '@/components/ui/card' from file 'C:/GIT_Repo/Projects/ETLA/ETLA-Platform/frontend/src/app/work-requests/page-with-modals.tsx'
    Imported via '@/components/ui/Card' from file 'C:/GIT_Repo/Projects/ETLA/ETLA-Platform/frontend/src/app/work-requests/[id]/page-fixed.tsx'
    Imported via '@/components/ui/Card' from file 'C:/GIT_Repo/Projects/ETLA/ETLA-Platform/frontend/src/app/work-requests/[id]/page-integrated.tsx'
    Imported via '@/components/ui/Card' from file 'C:/GIT_Repo/Projects/ETLA/ETLA-Platform/frontend/src/app/work-requests/[id]/page-nextjs15-fixed.tsx'
    Imported via '@/components/ui/Card' from file 'C:/GIT_Repo/Projects/ETLA/ETLA-Platform/frontend/src/app/work-requests/[id]/page.tsx'
    Imported via '@/components/ui/card' from file 'C:/GIT_Repo/Projects/ETLA/ETLA-Platform/frontend/src/components/MFASetup.tsx'
    Imported via '@/components/ui/card' from file 'C:/GIT_Repo/Projects/ETLA/ETLA-Platform/frontend/src/components/MFAVerification.tsx'
    Imported via '@/components/ui/card' from file 'C:/GIT_Repo/Projects/ETLA/ETLA-Platform/frontend/src/components/PasswordResetModal.tsx'
    Imported via '@/components/ui/card' from file 'C:/GIT_Repo/Projects/ETLA/ETLA-Platform/frontend/src/components/UserCleanupModal.tsx'
    Imported via '@/components/ui/card' from file 'C:/GIT_Repo/Projects/ETLA/ETLA-Platform/frontend/src/components/UserCreationModal-supabase.tsx'
    Imported via '@/components/ui/card' from file 'C:/GIT_Repo/Projects/ETLA/ETLA-Platform/frontend/src/components/UserCreationModal.tsx'
    Imported via '@/components/ui/card' from file 'C:/GIT_Repo/Projects/ETLA/ETLA-Platform/frontend/src/components/UserEditModal.tsx'
    Imported via '@/components/ui/card' from file 'C:/GIT_Repo/Projects/ETLA/ETLA-Platform/frontend/src/components/UserInviteModal-supabase.tsx'
    Imported via '@/components/ui/card' from file 'C:/GIT_Repo/Projects/ETLA/ETLA-Platform/frontend/src/components/UserInviteModal.tsx'
    Imported via '@/components/ui/card' from file 'C:/GIT_Repo/Projects/ETLA/ETLA-Platform/frontend/src/components/UserSwitcher.tsx'
    Imported via '@/components/ui/card' from file 'C:/GIT_Repo/Projects/ETLA/ETLA-Platform/frontend/src/components/ats/CandidatesManagement.tsx'
    Imported via '@/components/ui/card' from file 'C:/GIT_Repo/Projects/ETLA/ETLA-Platform/frontend/src/components/ats/PipelineKanban.tsx'
    Imported via '@/components/ui/card' from file 'C:/GIT_Repo/Projects/ETLA/ETLA-Platform/frontend/src/components/questionnaires/QuestionnaireBuilder.tsx'
    Imported via '@/components/ui/card' from file 'C:/GIT_Repo/Projects/ETLA/ETLA-Platform/frontend/src/components/reporting/EmployeeDocuments.tsx'
    Imported via '@/components/ui/card' from file 'C:/GIT_Repo/Projects/ETLA/ETLA-Platform/frontend/src/components/reporting/EnhancedEmployeeDocuments.tsx'
    Imported via '@/components/ui/card' from file 'C:/GIT_Repo/Projects/ETLA/ETLA-Platform/frontend/src/components/reporting/EnhancedTaxRecords.tsx'
    Imported via '@/components/ui/card' from file 'C:/GIT_Repo/Projects/ETLA/ETLA-Platform/frontend/src/components/reporting/EnhancedTimecardGrid.tsx'
    Imported via '@/components/ui/card' from file 'C:/GIT_Repo/Projects/ETLA/ETLA-Platform/frontend/src/components/reporting/SimpleTimecardGrid.tsx'
    Imported via '@/components/ui/card' from file 'C:/GIT_Repo/Projects/ETLA/ETLA-Platform/frontend/src/components/reporting/TimecardGrid.tsx'
    Matched by include pattern '**/*.tsx' in 'C:/GIT_Repo/Projects/ETLA/ETLA-Platform/frontend/tsconfig.json'
src/app/questionnaires/respond/[id]/page.tsx(5,24): error TS1149: File name 'C:/GIT_Repo/Projects/ETLA/ETLA-Platform/frontend/src/components/ui/Button.tsx' differs from already included file name 'C:/GIT_Repo/Projects/ETLA/ETLA-Platform/frontend/src/components/ui/button.tsx' only in casing.
  The file is in the program because:
    Imported via "@/components/ui/button" from file 'C:/GIT_Repo/Projects/ETLA/ETLA-Platform/frontend/src/app/accept-invite/page.tsx'
    Imported via "@/components/ui/button" from file 'C:/GIT_Repo/Projects/ETLA/ETLA-Platform/frontend/src/components/RBACTestPanel.tsx'
    Imported via '@/components/ui/button' from file 'C:/GIT_Repo/Projects/ETLA/ETLA-Platform/frontend/src/app/admin/access-control/AccessControlClient.tsx'
    Imported via '@/components/ui/button' from file 'C:/GIT_Repo/Projects/ETLA/ETLA-Platform/frontend/src/components/rbac/RolesPermissionsTab.tsx'
    Imported via '@/components/ui/button' from file 'C:/GIT_Repo/Projects/ETLA/ETLA-Platform/frontend/src/components/layout/DashboardLayout.tsx'
    Imported via "@/components/ui/button" from file 'C:/GIT_Repo/Projects/ETLA/ETLA-Platform/frontend/src/app/admin/tenant-management/TenantManagementClient.tsx'
    Imported via '@/components/ui/button' from file 'C:/GIT_Repo/Projects/ETLA/ETLA-Platform/frontend/src/components/admin/TimecardRecalculationTool.tsx'
    Imported via '@/components/ui/button' from file 'C:/GIT_Repo/Projects/ETLA/ETLA-Platform/frontend/src/app/audit/page.tsx'
    Imported via '@/components/ui/button' from file 'C:/GIT_Repo/Projects/ETLA/ETLA-Platform/frontend/src/app/benefits/page.tsx'
    Imported via '@/components/ui/button' from file 'C:/GIT_Repo/Projects/ETLA/ETLA-Platform/frontend/src/app/client/dashboard/page.tsx'
    Imported via '@/components/ui/button' from file 'C:/GIT_Repo/Projects/ETLA/ETLA-Platform/frontend/src/app/employees/page.tsx'
    Imported via '@/components/ui/button' from file 'C:/GIT_Repo/Projects/ETLA/ETLA-Platform/frontend/src/app/hr-analytics/page.tsx'
    Imported via "@/components/ui/button" from file 'C:/GIT_Repo/Projects/ETLA/ETLA-Platform/frontend/src/app/job-details/page.tsx'
    Imported via '@/components/ui/button' from file 'C:/GIT_Repo/Projects/ETLA/ETLA-Platform/frontend/src/app/jobs/page.tsx'
    Imported via '@/components/ui/button' from file 'C:/GIT_Repo/Projects/ETLA/ETLA-Platform/frontend/src/app/jobs-enhanced/page.tsx'
    Imported via '@/components/ui/button' from file 'C:/GIT_Repo/Projects/ETLA/ETLA-Platform/frontend/src/app/login/page.tsx'
    Imported via '@/components/ui/button' from file 'C:/GIT_Repo/Projects/ETLA/ETLA-Platform/frontend/src/app/payroll/page.tsx'
    Imported via '@/components/ui/button' from file 'C:/GIT_Repo/Projects/ETLA/ETLA-Platform/frontend/src/app/profile/page.tsx'
    Imported via '@/components/ui/button' from file 'C:/GIT_Repo/Projects/ETLA/ETLA-Platform/frontend/src/app/project-management/page-auth-stable.tsx'
    Imported via '@/components/ui/button' from file 'C:/GIT_Repo/Projects/ETLA/ETLA-Platform/frontend/src/components/WorkRequestApprovalModal.tsx'
    Imported via '@/components/ui/button' from file 'C:/GIT_Repo/Projects/ETLA/ETLA-Platform/frontend/src/components/MissingCustomerModal.tsx'
    Imported via '@/components/ui/button' from file 'C:/GIT_Repo/Projects/ETLA/ETLA-Platform/frontend/src/app/project-management/page-cleaned.tsx'
    Imported via '@/components/ui/button' from file 'C:/GIT_Repo/Projects/ETLA/ETLA-Platform/frontend/src/app/project-management/page-complete-pmbok.tsx'
    Imported via '@/components/ui/button' from file 'C:/GIT_Repo/Projects/ETLA/ETLA-Platform/frontend/src/app/project-management/page-complete-working.tsx'
    Imported via '@/components/ui/button' from file 'C:/GIT_Repo/Projects/ETLA/ETLA-Platform/frontend/src/app/project-management/page-database-aligned.tsx'
    Imported via '@/components/ui/button' from file 'C:/GIT_Repo/Projects/ETLA/ETLA-Platform/frontend/src/app/project-management/page-enhanced-with-approval.tsx'
    Imported via '@/components/ui/button' from file 'C:/GIT_Repo/Projects/ETLA/ETLA-Platform/frontend/src/app/project-management/page-enhanced.tsx'
    Imported via '@/components/ui/button' from file 'C:/GIT_Repo/Projects/ETLA/ETLA-Platform/frontend/src/app/project-management/page-fixed-imports.tsx'
    Imported via '@/components/ui/button' from file 'C:/GIT_Repo/Projects/ETLA/ETLA-Platform/frontend/src/app/project-management/page-fixed.tsx'
    Imported via '@/components/ui/button' from file 'C:/GIT_Repo/Projects/ETLA/ETLA-Platform/frontend/src/app/project-management/page-full-pmbok.tsx'
    Imported via '@/components/ui/button' from file 'C:/GIT_Repo/Projects/ETLA/ETLA-Platform/frontend/src/app/project-management/page-minimal-fields.tsx'
    Imported via '@/components/ui/button' from file 'C:/GIT_Repo/Projects/ETLA/ETLA-Platform/frontend/src/app/project-management/page-query-fixed.tsx'
    Imported via '@/components/ui/button' from file 'C:/GIT_Repo/Projects/ETLA/ETLA-Platform/frontend/src/app/project-management/page-schema-compatible.tsx'
    Imported via '@/components/ui/button' from file 'C:/GIT_Repo/Projects/ETLA/ETLA-Platform/frontend/src/app/project-management/page-with-customer-fix.tsx'
    Imported via '@/components/ui/button' from file 'C:/GIT_Repo/Projects/ETLA/ETLA-Platform/frontend/src/app/project-management/page-with-views.tsx'
    Imported via '@/components/ui/Button' from file 'C:/GIT_Repo/Projects/ETLA/ETLA-Platform/frontend/src/app/project-management/projects/[id]/page.tsx'
    Imported via '@/components/ui/Button' from file 'C:/GIT_Repo/Projects/ETLA/ETLA-Platform/frontend/src/app/project-management/requests/[id]/page.tsx'
    Imported via '@/components/ui/button' from file 'C:/GIT_Repo/Projects/ETLA/ETLA-Platform/frontend/src/app/project-management/resources/page.tsx'
    Imported via '@/components/ui/button' from file 'C:/GIT_Repo/Projects/ETLA/ETLA-Platform/frontend/src/app/project-management/schedule/page.tsx'
    Imported via '@/components/ui/button' from file 'C:/GIT_Repo/Projects/ETLA/ETLA-Platform/frontend/src/app/projects/page.tsx'
    Imported via '@/components/ui/button' from file 'C:/GIT_Repo/Projects/ETLA/ETLA-Platform/frontend/src/app/questionnaires/page.tsx'
    Imported via '@/components/ui/button' from file 'C:/GIT_Repo/Projects/ETLA/ETLA-Platform/frontend/src/app/questionnaires/active/page.tsx'
    Imported via '@/components/ui/button' from file 'C:/GIT_Repo/Projects/ETLA/ETLA-Platform/frontend/src/app/questionnaires/analytics/page.tsx'
    Imported via '@/components/ui/Button' from file 'C:/GIT_Repo/Projects/ETLA/ETLA-Platform/frontend/src/app/questionnaires/analytics/[id]/page.tsx'
    Imported via '@/components/ui/button' from file 'C:/GIT_Repo/Projects/ETLA/ETLA-Platform/frontend/src/app/questionnaires/builder/page.tsx'
    Imported via '@/components/ui/Button' from file 'C:/GIT_Repo/Projects/ETLA/ETLA-Platform/frontend/src/app/questionnaires/respond/[id]/page.tsx'
    Imported via "@/components/ui/button" from file 'C:/GIT_Repo/Projects/ETLA/ETLA-Platform/frontend/src/app/reporting/ReportingClient.tsx'
    Imported via '@/components/ui/button' from file 'C:/GIT_Repo/Projects/ETLA/ETLA-Platform/frontend/src/app/reporting/page-enhanced-views.tsx'
    Imported via '@/components/ui/button' from file 'C:/GIT_Repo/Projects/ETLA/ETLA-Platform/frontend/src/components/dashboard/ComprehensiveDashboard.tsx'
    Imported via '@/components/ui/button' from file 'C:/GIT_Repo/Projects/ETLA/ETLA-Platform/frontend/src/app/reporting/page-enhanced.tsx'
    Imported via '@/components/ui/button' from file 'C:/GIT_Repo/Projects/ETLA/ETLA-Platform/frontend/src/app/reporting/page-sticky-header.tsx'
    Imported via '@/components/ui/button' from file 'C:/GIT_Repo/Projects/ETLA/ETLA-Platform/frontend/src/app/reporting/page-with-search-indicators.tsx'
    Imported via '@/components/ui/button' from file 'C:/GIT_Repo/Projects/ETLA/ETLA-Platform/frontend/src/components/reporting/EnhancedTaxRecordsWithLocalTax.tsx'
    Imported via '@/components/ui/button' from file 'C:/GIT_Repo/Projects/ETLA/ETLA-Platform/frontend/src/components/timecard/TimecardDailyReport.tsx'
    Imported via '@/components/ui/button' from file 'C:/GIT_Repo/Projects/ETLA/ETLA-Platform/frontend/src/components/timecard/CorrectionModal.tsx'
    Imported via '@/components/ui/button' from file 'C:/GIT_Repo/Projects/ETLA/ETLA-Platform/frontend/src/app/reset-password/page.tsx'
    Imported via '@/components/ui/button' from file 'C:/GIT_Repo/Projects/ETLA/ETLA-Platform/frontend/src/app/settings/page.tsx'
    Imported via '@/components/ui/button' from file 'C:/GIT_Repo/Projects/ETLA/ETLA-Platform/frontend/src/app/talent/page.tsx'
    Imported via '@/components/ui/button' from file 'C:/GIT_Repo/Projects/ETLA/ETLA-Platform/frontend/src/app/talent/candidates/page.tsx'
    Imported via '@/components/ui/button' from file 'C:/GIT_Repo/Projects/ETLA/ETLA-Platform/frontend/src/app/talent/interviews/page.tsx'
    Imported via '@/components/ui/button' from file 'C:/GIT_Repo/Projects/ETLA/ETLA-Platform/frontend/src/app/talent/jobs/page.tsx'
    Imported via '@/components/ui/button' from file 'C:/GIT_Repo/Projects/ETLA/ETLA-Platform/frontend/src/app/talent/offers/page.tsx'
    Imported via '@/components/ui/button' from file 'C:/GIT_Repo/Projects/ETLA/ETLA-Platform/frontend/src/app/talent/pipeline/page.tsx'
    Imported via '@/components/ui/button' from file 'C:/GIT_Repo/Projects/ETLA/ETLA-Platform/frontend/src/app/upload/page.tsx'
    Imported via '@/components/ui/button' from file 'C:/GIT_Repo/Projects/ETLA/ETLA-Platform/frontend/src/app/validation/page.tsx'
    Imported via '@/components/ui/button' from file 'C:/GIT_Repo/Projects/ETLA/ETLA-Platform/frontend/src/app/validation-rules/page.tsx'
    Imported via "@/components/ui/button" from file 'C:/GIT_Repo/Projects/ETLA/ETLA-Platform/frontend/src/app/work-requests/page-broken.tsx'
    Imported via '@/components/ui/button' from file 'C:/GIT_Repo/Projects/ETLA/ETLA-Platform/frontend/src/components/TenantSelector.tsx'
    Imported via '@/components/ui/button' from file 'C:/GIT_Repo/Projects/ETLA/ETLA-Platform/frontend/src/app/work-requests/page-cleaned.tsx'
    Imported via '@/components/ui/button' from file 'C:/GIT_Repo/Projects/ETLA/ETLA-Platform/frontend/src/app/work-requests/page-schema-fixed.tsx'
    Imported via '@/components/ui/button' from file 'C:/GIT_Repo/Projects/ETLA/ETLA-Platform/frontend/src/app/work-requests/page-with-modals.tsx'
    Imported via '@/components/ui/button' from file 'C:/GIT_Repo/Projects/ETLA/ETLA-Platform/frontend/src/app/work-requests/page.tsx'
    Imported via '@/components/ui/Button' from file 'C:/GIT_Repo/Projects/ETLA/ETLA-Platform/frontend/src/app/work-requests/[id]/page-fixed.tsx'
    Imported via '@/components/ui/Button' from file 'C:/GIT_Repo/Projects/ETLA/ETLA-Platform/frontend/src/app/work-requests/[id]/page-integrated.tsx'
    Imported via '@/components/ui/Button' from file 'C:/GIT_Repo/Projects/ETLA/ETLA-Platform/frontend/src/app/work-requests/[id]/page-nextjs15-fixed.tsx'
    Imported via '@/components/ui/Button' from file 'C:/GIT_Repo/Projects/ETLA/ETLA-Platform/frontend/src/app/work-requests/[id]/page.tsx'
    Imported via '@/components/ui/Button' from file 'C:/GIT_Repo/Projects/ETLA/ETLA-Platform/frontend/src/app/work-requests/[id]/edit/page.tsx'
    Imported via '@/components/ui/button' from file 'C:/GIT_Repo/Projects/ETLA/ETLA-Platform/frontend/src/app/work-requests/new/page.tsx'
    Imported via '@/components/ui/button' from file 'C:/GIT_Repo/Projects/ETLA/ETLA-Platform/frontend/src/components/MFASetup.tsx'
    Imported via '@/components/ui/button' from file 'C:/GIT_Repo/Projects/ETLA/ETLA-Platform/frontend/src/components/MFAVerification.tsx'
    Imported via '@/components/ui/button' from file 'C:/GIT_Repo/Projects/ETLA/ETLA-Platform/frontend/src/components/PasswordResetModal.tsx'
    Imported via '@/components/ui/button' from file 'C:/GIT_Repo/Projects/ETLA/ETLA-Platform/frontend/src/components/UserCleanupModal.tsx'
    Imported via '@/components/ui/button' from file 'C:/GIT_Repo/Projects/ETLA/ETLA-Platform/frontend/src/components/UserCreationModal-supabase.tsx'
    Imported via '@/components/ui/button' from file 'C:/GIT_Repo/Projects/ETLA/ETLA-Platform/frontend/src/components/UserCreationModal.tsx'
    Imported via '@/components/ui/button' from file 'C:/GIT_Repo/Projects/ETLA/ETLA-Platform/frontend/src/components/UserEditModal.tsx'
    Imported via '@/components/ui/button' from file 'C:/GIT_Repo/Projects/ETLA/ETLA-Platform/frontend/src/components/UserInviteModal-supabase.tsx'
    Imported via '@/components/ui/button' from file 'C:/GIT_Repo/Projects/ETLA/ETLA-Platform/frontend/src/components/UserInviteModal.tsx'
    Imported via '@/components/ui/button' from file 'C:/GIT_Repo/Projects/ETLA/ETLA-Platform/frontend/src/components/UserSwitcher.tsx'
    Imported via '@/components/ui/button' from file 'C:/GIT_Repo/Projects/ETLA/ETLA-Platform/frontend/src/components/ats/CandidatesManagement.tsx'
    Imported via '@/components/ui/button' from file 'C:/GIT_Repo/Projects/ETLA/ETLA-Platform/frontend/src/components/ats/PipelineKanban.tsx'
    Imported via '@/components/ui/button' from file 'C:/GIT_Repo/Projects/ETLA/ETLA-Platform/frontend/src/components/questionnaires/QuestionnaireBuilder.tsx'
    Imported via '@/components/ui/button' from file 'C:/GIT_Repo/Projects/ETLA/ETLA-Platform/frontend/src/components/reporting/EmployeeDocuments.tsx'
    Imported via '@/components/ui/button' from file 'C:/GIT_Repo/Projects/ETLA/ETLA-Platform/frontend/src/components/reporting/EnhancedEmployeeDocuments.tsx'
    Imported via '@/components/ui/button' from file 'C:/GIT_Repo/Projects/ETLA/ETLA-Platform/frontend/src/components/reporting/EnhancedTaxRecords.tsx'
    Imported via '@/components/ui/button' from file 'C:/GIT_Repo/Projects/ETLA/ETLA-Platform/frontend/src/components/reporting/EnhancedTimecardGrid.tsx'
    Imported via '@/components/ui/button' from file 'C:/GIT_Repo/Projects/ETLA/ETLA-Platform/frontend/src/components/reporting/SimpleTimecardGrid.tsx'
    Imported via '@/components/ui/button' from file 'C:/GIT_Repo/Projects/ETLA/ETLA-Platform/frontend/src/components/reporting/TimecardGrid.tsx'
    Matched by include pattern '**/*.tsx' in 'C:/GIT_Repo/Projects/ETLA/ETLA-Platform/frontend/tsconfig.json'
    Imported via '@/components/ui/button' from file 'C:/GIT_Repo/Projects/ETLA/ETLA-Platform/frontend/src/components/work-requests/WorkRequestForm.tsx'
src/app/questionnaires/respond/[id]/page.tsx(6,23): error TS1149: File name 'C:/GIT_Repo/Projects/ETLA/ETLA-Platform/frontend/src/components/ui/Badge.tsx' differs from already included file name 'C:/GIT_Repo/Projects/ETLA/ETLA-Platform/frontend/src/components/ui/badge.tsx' only in casing.
  The file is in the program because:
    Imported via '@/components/ui/badge' from file 'C:/GIT_Repo/Projects/ETLA/ETLA-Platform/frontend/src/components/rbac/RolesPermissionsTab.tsx'
    Imported via "@/components/ui/badge" from file 'C:/GIT_Repo/Projects/ETLA/ETLA-Platform/frontend/src/app/admin/tenant-management/TenantManagementClient.tsx'
    Imported via '@/components/ui/badge' from file 'C:/GIT_Repo/Projects/ETLA/ETLA-Platform/frontend/src/app/hr-analytics/page.tsx'
    Imported via '@/components/ui/badge' from file 'C:/GIT_Repo/Projects/ETLA/ETLA-Platform/frontend/src/app/project-management/page-cleaned.tsx'
    Imported via '@/components/ui/badge' from file 'C:/GIT_Repo/Projects/ETLA/ETLA-Platform/frontend/src/app/project-management/page-complete-pmbok.tsx'
    Imported via '@/components/ui/badge' from file 'C:/GIT_Repo/Projects/ETLA/ETLA-Platform/frontend/src/app/project-management/page-database-aligned.tsx'
    Imported via '@/components/ui/badge' from file 'C:/GIT_Repo/Projects/ETLA/ETLA-Platform/frontend/src/app/project-management/page-fixed.tsx'
    Imported via '@/components/ui/badge' from file 'C:/GIT_Repo/Projects/ETLA/ETLA-Platform/frontend/src/app/project-management/page-full-pmbok.tsx'
    Imported via '@/components/ui/badge' from file 'C:/GIT_Repo/Projects/ETLA/ETLA-Platform/frontend/src/app/project-management/page-minimal-fields.tsx'
    Imported via '@/components/ui/badge' from file 'C:/GIT_Repo/Projects/ETLA/ETLA-Platform/frontend/src/app/project-management/page-query-fixed.tsx'
    Imported via '@/components/ui/badge' from file 'C:/GIT_Repo/Projects/ETLA/ETLA-Platform/frontend/src/app/project-management/page-schema-compatible.tsx'
    Imported via '@/components/ui/badge' from file 'C:/GIT_Repo/Projects/ETLA/ETLA-Platform/frontend/src/app/project-management/page-with-views.tsx'
    Imported via '@/components/ui/badge' from file 'C:/GIT_Repo/Projects/ETLA/ETLA-Platform/frontend/src/app/questionnaires/page.tsx'
    Imported via '@/components/ui/badge' from file 'C:/GIT_Repo/Projects/ETLA/ETLA-Platform/frontend/src/app/questionnaires/active/page.tsx'
    Imported via '@/components/ui/badge' from file 'C:/GIT_Repo/Projects/ETLA/ETLA-Platform/frontend/src/app/questionnaires/analytics/page.tsx'
    Imported via '@/components/ui/Badge' from file 'C:/GIT_Repo/Projects/ETLA/ETLA-Platform/frontend/src/app/questionnaires/analytics/[id]/page.tsx'
    Imported via '@/components/ui/badge' from file 'C:/GIT_Repo/Projects/ETLA/ETLA-Platform/frontend/src/app/questionnaires/builder/page.tsx'
    Imported via '@/components/ui/Badge' from file 'C:/GIT_Repo/Projects/ETLA/ETLA-Platform/frontend/src/app/questionnaires/respond/[id]/page.tsx'
    Imported via "@/components/ui/badge" from file 'C:/GIT_Repo/Projects/ETLA/ETLA-Platform/frontend/src/app/rbac-test/page.tsx'
    Imported via '@/components/ui/badge' from file 'C:/GIT_Repo/Projects/ETLA/ETLA-Platform/frontend/src/app/reporting/page-enhanced-views.tsx'
    Imported via '@/components/ui/badge' from file 'C:/GIT_Repo/Projects/ETLA/ETLA-Platform/frontend/src/components/dashboard/ComprehensiveDashboard.tsx'
    Imported via '@/components/ui/badge' from file 'C:/GIT_Repo/Projects/ETLA/ETLA-Platform/frontend/src/app/reporting/page-enhanced.tsx'
    Imported via '@/components/ui/badge' from file 'C:/GIT_Repo/Projects/ETLA/ETLA-Platform/frontend/src/app/reporting/page-sticky-header.tsx'
    Imported via '@/components/ui/badge' from file 'C:/GIT_Repo/Projects/ETLA/ETLA-Platform/frontend/src/app/reporting/page-with-search-indicators.tsx'
    Imported via '@/components/ui/badge' from file 'C:/GIT_Repo/Projects/ETLA/ETLA-Platform/frontend/src/components/reporting/EnhancedTaxRecordsWithLocalTax.tsx'
    Imported via '@/components/ui/badge' from file 'C:/GIT_Repo/Projects/ETLA/ETLA-Platform/frontend/src/components/timecard/TimecardDailyReport.tsx'
    Imported via '@/components/ui/badge' from file 'C:/GIT_Repo/Projects/ETLA/ETLA-Platform/frontend/src/app/talent/candidates/page.tsx'
    Imported via '@/components/ui/badge' from file 'C:/GIT_Repo/Projects/ETLA/ETLA-Platform/frontend/src/app/talent/interviews/page.tsx'
    Imported via '@/components/ui/badge' from file 'C:/GIT_Repo/Projects/ETLA/ETLA-Platform/frontend/src/app/talent/jobs/page.tsx'
    Imported via '@/components/ui/badge' from file 'C:/GIT_Repo/Projects/ETLA/ETLA-Platform/frontend/src/app/talent/offers/page.tsx'
    Imported via '@/components/ui/badge' from file 'C:/GIT_Repo/Projects/ETLA/ETLA-Platform/frontend/src/app/talent/pipeline/page.tsx'
    Imported via '@/components/ui/badge' from file 'C:/GIT_Repo/Projects/ETLA/ETLA-Platform/frontend/src/app/work-requests/page-cleaned.tsx'
    Imported via '@/components/ui/badge' from file 'C:/GIT_Repo/Projects/ETLA/ETLA-Platform/frontend/src/app/work-requests/page-schema-fixed.tsx'
    Imported via '@/components/ui/badge' from file 'C:/GIT_Repo/Projects/ETLA/ETLA-Platform/frontend/src/app/work-requests/page-with-modals.tsx'
    Imported via '@/components/ui/badge' from file 'C:/GIT_Repo/Projects/ETLA/ETLA-Platform/frontend/src/components/ats/CandidatesManagement.tsx'
    Imported via '@/components/ui/badge' from file 'C:/GIT_Repo/Projects/ETLA/ETLA-Platform/frontend/src/components/ats/PipelineKanban.tsx'
    Imported via '@/components/ui/badge' from file 'C:/GIT_Repo/Projects/ETLA/ETLA-Platform/frontend/src/components/questionnaires/QuestionnaireBuilder.tsx'
    Imported via '@/components/ui/badge' from file 'C:/GIT_Repo/Projects/ETLA/ETLA-Platform/frontend/src/components/reporting/EmployeeDocuments.tsx'
    Imported via '@/components/ui/badge' from file 'C:/GIT_Repo/Projects/ETLA/ETLA-Platform/frontend/src/components/reporting/EnhancedEmployeeDocuments.tsx'
    Imported via '@/components/ui/badge' from file 'C:/GIT_Repo/Projects/ETLA/ETLA-Platform/frontend/src/components/reporting/EnhancedTaxRecords.tsx'
    Imported via '@/components/ui/badge' from file 'C:/GIT_Repo/Projects/ETLA/ETLA-Platform/frontend/src/components/reporting/EnhancedTimecardGrid.tsx'
    Imported via '@/components/ui/badge' from file 'C:/GIT_Repo/Projects/ETLA/ETLA-Platform/frontend/src/components/reporting/SimpleTimecardGrid.tsx'
    Imported via '@/components/ui/badge' from file 'C:/GIT_Repo/Projects/ETLA/ETLA-Platform/frontend/src/components/reporting/TimecardGrid.tsx'
    Matched by include pattern '**/*.tsx' in 'C:/GIT_Repo/Projects/ETLA/ETLA-Platform/frontend/tsconfig.json'
src/app/questionnaires/respond/[id]/page.tsx(7,23): error TS1149: File name 'C:/GIT_Repo/Projects/ETLA/ETLA-Platform/frontend/src/components/ui/Input.tsx' differs from already included file name 'C:/GIT_Repo/Projects/ETLA/ETLA-Platform/frontend/src/components/ui/input.tsx' only in casing.
  The file is in the program because:
    Imported via '@/components/ui/input' from file 'C:/GIT_Repo/Projects/ETLA/ETLA-Platform/frontend/src/app/admin/access-control/AccessControlClient.tsx'
    Imported via '@/components/ui/input' from file 'C:/GIT_Repo/Projects/ETLA/ETLA-Platform/frontend/src/components/rbac/RolesPermissionsTab.tsx'
    Imported via "@/components/ui/input" from file 'C:/GIT_Repo/Projects/ETLA/ETLA-Platform/frontend/src/app/admin/tenant-management/TenantManagementClient.tsx'
    Imported via '@/components/ui/input' from file 'C:/GIT_Repo/Projects/ETLA/ETLA-Platform/frontend/src/components/admin/TimecardRecalculationTool.tsx'
    Imported via '@/components/ui/input' from file 'C:/GIT_Repo/Projects/ETLA/ETLA-Platform/frontend/src/app/hr-analytics/page.tsx'
    Imported via '@/components/ui/input' from file 'C:/GIT_Repo/Projects/ETLA/ETLA-Platform/frontend/src/app/project-management/page-cleaned.tsx'
    Imported via '@/components/ui/input' from file 'C:/GIT_Repo/Projects/ETLA/ETLA-Platform/frontend/src/app/project-management/page-complete-pmbok.tsx'
    Imported via '@/components/ui/input' from file 'C:/GIT_Repo/Projects/ETLA/ETLA-Platform/frontend/src/app/project-management/page-database-aligned.tsx'
    Imported via '@/components/ui/input' from file 'C:/GIT_Repo/Projects/ETLA/ETLA-Platform/frontend/src/app/project-management/page-fixed.tsx'
    Imported via '@/components/ui/input' from file 'C:/GIT_Repo/Projects/ETLA/ETLA-Platform/frontend/src/app/project-management/page-full-pmbok.tsx'
    Imported via '@/components/ui/input' from file 'C:/GIT_Repo/Projects/ETLA/ETLA-Platform/frontend/src/app/project-management/page-minimal-fields.tsx'
    Imported via '@/components/ui/input' from file 'C:/GIT_Repo/Projects/ETLA/ETLA-Platform/frontend/src/app/project-management/page-query-fixed.tsx'
    Imported via '@/components/ui/input' from file 'C:/GIT_Repo/Projects/ETLA/ETLA-Platform/frontend/src/app/project-management/page-schema-compatible.tsx'
    Imported via '@/components/ui/input' from file 'C:/GIT_Repo/Projects/ETLA/ETLA-Platform/frontend/src/app/project-management/page-with-views.tsx'
    Imported via '@/components/ui/input' from file 'C:/GIT_Repo/Projects/ETLA/ETLA-Platform/frontend/src/app/questionnaires/page.tsx'
    Imported via '@/components/ui/input' from file 'C:/GIT_Repo/Projects/ETLA/ETLA-Platform/frontend/src/app/questionnaires/active/page.tsx'
    Imported via '@/components/ui/input' from file 'C:/GIT_Repo/Projects/ETLA/ETLA-Platform/frontend/src/app/questionnaires/analytics/page.tsx'
    Imported via '@/components/ui/Input' from file 'C:/GIT_Repo/Projects/ETLA/ETLA-Platform/frontend/src/app/questionnaires/analytics/[id]/page.tsx'
    Imported via '@/components/ui/input' from file 'C:/GIT_Repo/Projects/ETLA/ETLA-Platform/frontend/src/app/questionnaires/builder/page.tsx'
    Imported via '@/components/ui/Input' from file 'C:/GIT_Repo/Projects/ETLA/ETLA-Platform/frontend/src/app/questionnaires/respond/[id]/page.tsx'
    Imported via "@/components/ui/input" from file 'C:/GIT_Repo/Projects/ETLA/ETLA-Platform/frontend/src/app/reporting/ReportingClient.tsx'
    Imported via '@/components/ui/input' from file 'C:/GIT_Repo/Projects/ETLA/ETLA-Platform/frontend/src/app/reporting/page-enhanced-views.tsx'
    Imported via '@/components/ui/input' from file 'C:/GIT_Repo/Projects/ETLA/ETLA-Platform/frontend/src/app/reporting/page-enhanced.tsx'
    Imported via '@/components/ui/input' from file 'C:/GIT_Repo/Projects/ETLA/ETLA-Platform/frontend/src/app/reporting/page-sticky-header.tsx'
    Imported via '@/components/ui/input' from file 'C:/GIT_Repo/Projects/ETLA/ETLA-Platform/frontend/src/app/reporting/page-with-search-indicators.tsx'
    Imported via '@/components/ui/input' from file 'C:/GIT_Repo/Projects/ETLA/ETLA-Platform/frontend/src/components/timecard/TimecardDailyReport.tsx'
    Imported via '@/components/ui/input' from file 'C:/GIT_Repo/Projects/ETLA/ETLA-Platform/frontend/src/components/timecard/CorrectionModal.tsx'
    Imported via '@/components/ui/input' from file 'C:/GIT_Repo/Projects/ETLA/ETLA-Platform/frontend/src/app/talent/candidates/page.tsx'
    Imported via '@/components/ui/input' from file 'C:/GIT_Repo/Projects/ETLA/ETLA-Platform/frontend/src/app/talent/interviews/page.tsx'
    Imported via '@/components/ui/input' from file 'C:/GIT_Repo/Projects/ETLA/ETLA-Platform/frontend/src/app/talent/jobs/page.tsx'
    Imported via '@/components/ui/input' from file 'C:/GIT_Repo/Projects/ETLA/ETLA-Platform/frontend/src/app/talent/offers/page.tsx'
    Imported via '@/components/ui/input' from file 'C:/GIT_Repo/Projects/ETLA/ETLA-Platform/frontend/src/app/talent/pipeline/page.tsx'
    Imported via '@/components/ui/input' from file 'C:/GIT_Repo/Projects/ETLA/ETLA-Platform/frontend/src/app/work-requests/page-cleaned.tsx'
    Imported via '@/components/ui/input' from file 'C:/GIT_Repo/Projects/ETLA/ETLA-Platform/frontend/src/app/work-requests/page-schema-fixed.tsx'
    Imported via '@/components/ui/input' from file 'C:/GIT_Repo/Projects/ETLA/ETLA-Platform/frontend/src/app/work-requests/page-with-modals.tsx'
    Imported via '@/components/ui/input' from file 'C:/GIT_Repo/Projects/ETLA/ETLA-Platform/frontend/src/components/reporting/EmployeeDocuments.tsx'
    Imported via '@/components/ui/input' from file 'C:/GIT_Repo/Projects/ETLA/ETLA-Platform/frontend/src/components/reporting/EnhancedEmployeeDocuments.tsx'
    Imported via '@/components/ui/input' from file 'C:/GIT_Repo/Projects/ETLA/ETLA-Platform/frontend/src/components/reporting/SimpleTimecardGrid.tsx'
    Matched by include pattern '**/*.tsx' in 'C:/GIT_Repo/Projects/ETLA/ETLA-Platform/frontend/tsconfig.json'
    Imported via '@/components/ui/input' from file 'C:/GIT_Repo/Projects/ETLA/ETLA-Platform/frontend/src/components/work-requests/WorkRequestForm.tsx'
src/app/rbac-test/page.tsx(15,17): error TS2339: Property 'tenantUser' does not exist on type 'AuthContextType'.
src/app/reporting/page-enhanced-views.tsx(317,26): error TS2339: Property 'id' does not exist on type 'string'.
src/app/reporting/page-enhanced-views.tsx(326,41): error TS2339: Property 'id' does not exist on type 'string'.
src/app/reporting/page-enhanced-views.tsx(340,26): error TS2339: Property 'id' does not exist on type 'string'.
src/app/reporting/page-enhanced-views.tsx(349,41): error TS2339: Property 'id' does not exist on type 'string'.
src/app/reporting/page-enhanced-views.tsx(363,26): error TS2339: Property 'id' does not exist on type 'string'.
src/app/reporting/page-enhanced-views.tsx(372,41): error TS2339: Property 'id' does not exist on type 'string'.
src/app/reporting/page-enhanced-views.tsx(386,26): error TS2339: Property 'id' does not exist on type 'string'.
src/app/reporting/page-enhanced-views.tsx(395,41): error TS2339: Property 'id' does not exist on type 'string'.
src/app/reporting/page-enhanced-views.tsx(409,26): error TS2339: Property 'id' does not exist on type 'string'.
src/app/reporting/page-enhanced-views.tsx(418,41): error TS2339: Property 'id' does not exist on type 'string'.
src/app/reporting/page-enhanced-views.tsx(432,26): error TS2339: Property 'id' does not exist on type 'string'.
src/app/reporting/page-enhanced-views.tsx(441,41): error TS2339: Property 'id' does not exist on type 'string'.
src/app/reporting/page-enhanced-views.tsx(455,26): error TS2339: Property 'id' does not exist on type 'string'.
src/app/reporting/page-enhanced-views.tsx(464,41): error TS2339: Property 'id' does not exist on type 'string'.
src/app/reporting/page-enhanced-views.tsx(479,26): error TS2339: Property 'id' does not exist on type 'string'.
src/app/reporting/page-enhanced-views.tsx(825,13): error TS2322: Type '{ data: any[]; columns: ({ key: string; label: string; sortable: boolean; render?: undefined; } | { key: string; label: string; sortable: boolean; render: (employee: EnhancedEmployee) => string; } | { ...; })[]; ... 4 more ...; onExportJSON: () => void; }' is not assignable to type 'IntrinsicAttributes & Props'.
  Property 'data' does not exist on type 'IntrinsicAttributes & Props'.
src/app/reporting/page-enhanced-views.tsx(901,13): error TS2322: Type '{ data: any[]; columns: ({ key: string; label: string; sortable: boolean; render?: undefined; } | { key: string; label: string; sortable: boolean; render: (statement: EnhancedPayStatement) => string; } | { ...; })[]; ... 4 more ...; onExportJSON: () => void; }' is not assignable to type 'IntrinsicAttributes & Props'.
  Property 'data' does not exist on type 'IntrinsicAttributes & Props'.
src/app/reporting/page-enhanced-views.tsx(997,13): error TS2322: Type '{ data: any[]; columns: ({ key: string; label: string; sortable: boolean; render?: undefined; } | { key: string; label: string; sortable: boolean; render: (timecard: EnhancedTimecard) => Element; })[]; ... 4 more ...; onExportJSON: () => void; }' is not assignable to type 'IntrinsicAttributes & Props'.
  Property 'data' does not exist on type 'IntrinsicAttributes & Props'.
src/app/reporting/page-enhanced-views.tsx(1084,13): error TS2322: Type '{ data: any[]; columns: ({ key: string; label: string; sortable: boolean; render?: undefined; } | { key: string; label: string; sortable: boolean; render: (job: JobRecord) => string; } | { key: string; label: string; sortable: boolean; render: (job: JobRecord) => Element; })[]; ... 4 more ...; onExportJSON: () => vo...' is not assignable to type 'IntrinsicAttributes & Props'.
  Property 'data' does not exist on type 'IntrinsicAttributes & Props'.
src/app/reporting/page-enhanced-views.tsx(1158,13): error TS2322: Type '{ data: any[]; columns: ({ key: string; label: string; sortable: boolean; render?: undefined; } | { key: string; label: string; sortable: boolean; render: (tax: TaxRecord) => string; } | { key: string; label: string; sortable: boolean; render: (tax: TaxRecord) => Element; })[]; ... 4 more ...; onExportJSON: () => vo...' is not assignable to type 'IntrinsicAttributes & Props'.
  Property 'data' does not exist on type 'IntrinsicAttributes & Props'.
src/app/reporting/page-enhanced-views.tsx(1242,13): error TS2322: Type '{ data: any[]; columns: ({ key: string; label: string; sortable: boolean; render?: undefined; } | { key: string; label: string; sortable: boolean; render: (benefit: BenefitDeduction) => string; })[]; ... 4 more ...; onExportJSON: () => void; }' is not assignable to type 'IntrinsicAttributes & Props'.
  Property 'data' does not exist on type 'IntrinsicAttributes & Props'.
src/app/reporting/page-enhanced-views.tsx(1324,13): error TS2322: Type '{ data: any[]; columns: ({ key: string; label: string; sortable: boolean; render?: undefined; } | { key: string; label: string; sortable: boolean; render: (compliance: ComplianceRecord) => Element; })[]; ... 4 more ...; onExportJSON: () => void; }' is not assignable to type 'IntrinsicAttributes & Props'.
  Property 'data' does not exist on type 'IntrinsicAttributes & Props'.
src/app/reporting/page-enhanced.tsx(10,10): error TS2305: Module '"@/lib/supabase"' has no exported member 'supabase'.
src/app/reporting/page-enhanced.tsx(217,26): error TS2339: Property 'id' does not exist on type 'string'.
src/app/reporting/page-enhanced.tsx(226,41): error TS2339: Property 'id' does not exist on type 'string'.
src/app/reporting/page-enhanced.tsx(240,26): error TS2339: Property 'id' does not exist on type 'string'.
src/app/reporting/page-enhanced.tsx(249,41): error TS2339: Property 'id' does not exist on type 'string'.
src/app/reporting/page-enhanced.tsx(263,26): error TS2339: Property 'id' does not exist on type 'string'.
src/app/reporting/page-enhanced.tsx(272,41): error TS2339: Property 'id' does not exist on type 'string'.
src/app/reporting/page-enhanced.tsx(286,26): error TS2339: Property 'id' does not exist on type 'string'.
src/app/reporting/page-enhanced.tsx(295,41): error TS2339: Property 'id' does not exist on type 'string'.
src/app/reporting/page-enhanced.tsx(309,26): error TS2339: Property 'id' does not exist on type 'string'.
src/app/reporting/page-enhanced.tsx(318,41): error TS2339: Property 'id' does not exist on type 'string'.
src/app/reporting/page-enhanced.tsx(333,26): error TS2339: Property 'id' does not exist on type 'string'.
src/app/reporting/page-sticky-header.tsx(11,10): error TS2305: Module '"@/lib/supabase"' has no exported member 'supabase'.
src/app/reporting/page-sticky-header.tsx(317,26): error TS2339: Property 'id' does not exist on type 'string'.
src/app/reporting/page-sticky-header.tsx(326,41): error TS2339: Property 'id' does not exist on type 'string'.
src/app/reporting/page-sticky-header.tsx(340,26): error TS2339: Property 'id' does not exist on type 'string'.
src/app/reporting/page-sticky-header.tsx(349,41): error TS2339: Property 'id' does not exist on type 'string'.
src/app/reporting/page-sticky-header.tsx(363,26): error TS2339: Property 'id' does not exist on type 'string'.
src/app/reporting/page-sticky-header.tsx(372,41): error TS2339: Property 'id' does not exist on type 'string'.
src/app/reporting/page-sticky-header.tsx(386,26): error TS2339: Property 'id' does not exist on type 'string'.
src/app/reporting/page-sticky-header.tsx(395,41): error TS2339: Property 'id' does not exist on type 'string'.
src/app/reporting/page-sticky-header.tsx(409,26): error TS2339: Property 'id' does not exist on type 'string'.
src/app/reporting/page-sticky-header.tsx(418,41): error TS2339: Property 'id' does not exist on type 'string'.
src/app/reporting/page-sticky-header.tsx(432,26): error TS2339: Property 'id' does not exist on type 'string'.
src/app/reporting/page-sticky-header.tsx(441,41): error TS2339: Property 'id' does not exist on type 'string'.
src/app/reporting/page-sticky-header.tsx(455,26): error TS2339: Property 'id' does not exist on type 'string'.
src/app/reporting/page-sticky-header.tsx(464,41): error TS2339: Property 'id' does not exist on type 'string'.
src/app/reporting/page-sticky-header.tsx(479,26): error TS2339: Property 'id' does not exist on type 'string'.
src/app/reporting/page-sticky-header.tsx(825,13): error TS2322: Type '{ data: any[]; columns: ({ key: string; label: string; sortable: boolean; render?: undefined; } | { key: string; label: string; sortable: boolean; render: (employee: EnhancedEmployee) => string; } | { ...; })[]; ... 4 more ...; onExportJSON: () => void; }' is not assignable to type 'IntrinsicAttributes & Props'.
  Property 'data' does not exist on type 'IntrinsicAttributes & Props'.
src/app/reporting/page-sticky-header.tsx(901,13): error TS2322: Type '{ data: any[]; columns: ({ key: string; label: string; sortable: boolean; render?: undefined; } | { key: string; label: string; sortable: boolean; render: (statement: EnhancedPayStatement) => string; } | { ...; })[]; ... 4 more ...; onExportJSON: () => void; }' is not assignable to type 'IntrinsicAttributes & Props'.
  Property 'data' does not exist on type 'IntrinsicAttributes & Props'.
src/app/reporting/page-sticky-header.tsx(997,13): error TS2322: Type '{ data: any[]; columns: ({ key: string; label: string; sortable: boolean; render?: undefined; } | { key: string; label: string; sortable: boolean; render: (timecard: EnhancedTimecard) => Element; })[]; ... 4 more ...; onExportJSON: () => void; }' is not assignable to type 'IntrinsicAttributes & Props'.
  Property 'data' does not exist on type 'IntrinsicAttributes & Props'.
src/app/reporting/page-sticky-header.tsx(1084,13): error TS2322: Type '{ data: any[]; columns: ({ key: string; label: string; sortable: boolean; render?: undefined; } | { key: string; label: string; sortable: boolean; render: (job: JobRecord) => string; } | { key: string; label: string; sortable: boolean; render: (job: JobRecord) => Element; })[]; ... 4 more ...; onExportJSON: () => vo...' is not assignable to type 'IntrinsicAttributes & Props'.
  Property 'data' does not exist on type 'IntrinsicAttributes & Props'.
src/app/reporting/page-sticky-header.tsx(1158,13): error TS2322: Type '{ data: any[]; columns: ({ key: string; label: string; sortable: boolean; render?: undefined; } | { key: string; label: string; sortable: boolean; render: (tax: TaxRecord) => string; } | { key: string; label: string; sortable: boolean; render: (tax: TaxRecord) => Element; })[]; ... 4 more ...; onExportJSON: () => vo...' is not assignable to type 'IntrinsicAttributes & Props'.
  Property 'data' does not exist on type 'IntrinsicAttributes & Props'.
src/app/reporting/page-sticky-header.tsx(1242,13): error TS2322: Type '{ data: any[]; columns: ({ key: string; label: string; sortable: boolean; render?: undefined; } | { key: string; label: string; sortable: boolean; render: (benefit: BenefitDeduction) => string; })[]; ... 4 more ...; onExportJSON: () => void; }' is not assignable to type 'IntrinsicAttributes & Props'.
  Property 'data' does not exist on type 'IntrinsicAttributes & Props'.
src/app/reporting/page-sticky-header.tsx(1324,13): error TS2322: Type '{ data: any[]; columns: ({ key: string; label: string; sortable: boolean; render?: undefined; } | { key: string; label: string; sortable: boolean; render: (compliance: ComplianceRecord) => Element; })[]; ... 4 more ...; onExportJSON: () => void; }' is not assignable to type 'IntrinsicAttributes & Props'.
  Property 'data' does not exist on type 'IntrinsicAttributes & Props'.
src/app/reporting/page-with-search-indicators.tsx(11,10): error TS2305: Module '"@/lib/supabase"' has no exported member 'supabase'.
src/app/reporting/page-with-search-indicators.tsx(347,26): error TS2339: Property 'id' does not exist on type 'string'.
src/app/reporting/page-with-search-indicators.tsx(356,41): error TS2339: Property 'id' does not exist on type 'string'.
src/app/reporting/page-with-search-indicators.tsx(370,26): error TS2339: Property 'id' does not exist on type 'string'.
src/app/reporting/page-with-search-indicators.tsx(379,41): error TS2339: Property 'id' does not exist on type 'string'.
src/app/reporting/page-with-search-indicators.tsx(393,26): error TS2339: Property 'id' does not exist on type 'string'.
src/app/reporting/page-with-search-indicators.tsx(402,41): error TS2339: Property 'id' does not exist on type 'string'.
src/app/reporting/page-with-search-indicators.tsx(416,26): error TS2339: Property 'id' does not exist on type 'string'.
src/app/reporting/page-with-search-indicators.tsx(425,41): error TS2339: Property 'id' does not exist on type 'string'.
src/app/reporting/page-with-search-indicators.tsx(439,26): error TS2339: Property 'id' does not exist on type 'string'.
src/app/reporting/page-with-search-indicators.tsx(448,41): error TS2339: Property 'id' does not exist on type 'string'.
src/app/reporting/page-with-search-indicators.tsx(462,26): error TS2339: Property 'id' does not exist on type 'string'.
src/app/reporting/page-with-search-indicators.tsx(471,41): error TS2339: Property 'id' does not exist on type 'string'.
src/app/reporting/page-with-search-indicators.tsx(485,26): error TS2339: Property 'id' does not exist on type 'string'.
src/app/reporting/page-with-search-indicators.tsx(494,41): error TS2339: Property 'id' does not exist on type 'string'.
src/app/reporting/page-with-search-indicators.tsx(509,26): error TS2339: Property 'id' does not exist on type 'string'.
src/app/reporting/page-with-search-indicators.tsx(913,13): error TS2322: Type '{ data: any[]; columns: ({ key: string; label: string; sortable: boolean; render?: undefined; } | { key: string; label: string; sortable: boolean; render: (employee: EnhancedEmployee) => string; } | { ...; })[]; ... 4 more ...; onExportJSON: () => void; }' is not assignable to type 'IntrinsicAttributes & Props'.
  Property 'data' does not exist on type 'IntrinsicAttributes & Props'.
src/app/reporting/page-with-search-indicators.tsx(989,13): error TS2322: Type '{ data: any[]; columns: ({ key: string; label: string; sortable: boolean; render?: undefined; } | { key: string; label: string; sortable: boolean; render: (statement: EnhancedPayStatement) => string; } | { ...; })[]; ... 4 more ...; onExportJSON: () => void; }' is not assignable to type 'IntrinsicAttributes & Props'.
  Property 'data' does not exist on type 'IntrinsicAttributes & Props'.
src/app/reporting/page-with-search-indicators.tsx(1086,13): error TS2322: Type '{ data: any[]; columns: ({ key: string; label: string; sortable: boolean; render?: undefined; } | { key: string; label: string; sortable: boolean; render: (timecard: EnhancedTimecard) => Element; })[]; ... 4 more ...; onExportJSON: () => void; }' is not assignable to type 'IntrinsicAttributes & Props'.
  Property 'data' does not exist on type 'IntrinsicAttributes & Props'.
src/app/reporting/page-with-search-indicators.tsx(1173,13): error TS2322: Type '{ data: any[]; columns: ({ key: string; label: string; sortable: boolean; render?: undefined; } | { key: string; label: string; sortable: boolean; render: (job: JobRecord) => string; } | { key: string; label: string; sortable: boolean; render: (job: JobRecord) => Element; })[]; ... 4 more ...; onExportJSON: () => vo...' is not assignable to type 'IntrinsicAttributes & Props'.
  Property 'data' does not exist on type 'IntrinsicAttributes & Props'.
src/app/reporting/page-with-search-indicators.tsx(1247,13): error TS2322: Type '{ data: any[]; columns: ({ key: string; label: string; sortable: boolean; render?: undefined; } | { key: string; label: string; sortable: boolean; render: (tax: TaxRecord) => string; } | { key: string; label: string; sortable: boolean; render: (tax: TaxRecord) => Element; })[]; ... 4 more ...; onExportJSON: () => vo...' is not assignable to type 'IntrinsicAttributes & Props'.
  Property 'data' does not exist on type 'IntrinsicAttributes & Props'.
src/app/reporting/page-with-search-indicators.tsx(1331,13): error TS2322: Type '{ data: any[]; columns: ({ key: string; label: string; sortable: boolean; render?: undefined; } | { key: string; label: string; sortable: boolean; render: (benefit: BenefitDeduction) => string; })[]; ... 4 more ...; onExportJSON: () => void; }' is not assignable to type 'IntrinsicAttributes & Props'.
  Property 'data' does not exist on type 'IntrinsicAttributes & Props'.
src/app/reporting/page-with-search-indicators.tsx(1413,13): error TS2322: Type '{ data: any[]; columns: ({ key: string; label: string; sortable: boolean; render?: undefined; } | { key: string; label: string; sortable: boolean; render: (compliance: ComplianceRecord) => Element; })[]; ... 4 more ...; onExportJSON: () => void; }' is not assignable to type 'IntrinsicAttributes & Props'.
  Property 'data' does not exist on type 'IntrinsicAttributes & Props'.
src/app/reporting/ReportingClient.tsx(274,27): error TS2339: Property 'isDemoMode' does not exist on type 'TenantContextType'.
src/app/reporting/ReportingClient.tsx(274,39): error TS2339: Property 'isLoading' does not exist on type 'TenantContextType'.
src/app/reporting/ReportingClient.tsx(276,11): error TS2339: Property 'isMultiTenant' does not exist on type 'Ctx'.
src/app/reporting/ReportingClient.tsx(276,26): error TS2339: Property 'availableTenants' does not exist on type 'Ctx'.
src/app/reporting/ReportingClient.tsx(455,13): error TS2322: Type '{ title: string; data: any[]; columns: { key: string; label: string; }[]; onRowClick: (row: any) => void; onViewFacsimile: (record: any) => void; onPrintFacsimile: (record: any) => void; viewMode: "list" | "grid"; loading: boolean; error: string | null; }' is not assignable to type 'IntrinsicAttributes & Props'.
  Property 'title' does not exist on type 'IntrinsicAttributes & Props'.
src/app/reporting/ReportingClient.tsx(467,26): error TS7006: Parameter 'row' implicitly has an 'any' type.
src/app/reporting/ReportingClient.tsx(487,55): error TS2353: Object literal may only specify known properties, and 'render' does not exist in type 'Col'.
src/app/reporting/ReportingClient.tsx(487,64): error TS7006: Parameter 'item' implicitly has an 'any' type.
src/app/reporting/ReportingClient.tsx(488,51): error TS2353: Object literal may only specify known properties, and 'render' does not exist in type 'Col'.
src/app/reporting/ReportingClient.tsx(488,60): error TS7006: Parameter 'item' implicitly has an 'any' type.
src/app/reporting/ReportingClient.tsx(491,26): error TS7006: Parameter 'row' implicitly has an 'any' type.
src/app/reporting/ReportingClient.tsx(503,13): error TS2322: Type '{ title: string; data: any[]; columns: { key: string; label: string; }[]; onRowClick: (row: any) => Promise<void>; onViewFacsimile: (record: any) => void; onPrintFacsimile: (record: any) => void; viewMode: "list" | "grid"; loading: boolean; error: string | null; }' is not assignable to type 'IntrinsicAttributes & Props'.
  Property 'title' does not exist on type 'IntrinsicAttributes & Props'.
src/app/reporting/ReportingClient.tsx(514,26): error TS7006: Parameter 'row' implicitly has an 'any' type.
src/app/reporting/ReportingClient.tsx(526,13): error TS2322: Type '{ title: string; data: any[]; columns: { key: string; label: string; }[]; onRowClick: (row: any) => void; onViewFacsimile: (record: any) => void; onPrintFacsimile: (record: any) => void; viewMode: "list" | "grid"; loading: boolean; error: string | null; }' is not assignable to type 'IntrinsicAttributes & Props'.
  Property 'title' does not exist on type 'IntrinsicAttributes & Props'.
src/app/reporting/ReportingClient.tsx(537,26): error TS7006: Parameter 'row' implicitly has an 'any' type.
src/app/reporting/ReportingClient.tsx(549,13): error TS2322: Type '{ title: string; data: any[]; columns: { key: string; label: string; }[]; onRowClick: (row: any) => Promise<void>; onViewFacsimile: (record: any) => void; onPrintFacsimile: (record: any) => void; viewMode: "list" | "grid"; loading: boolean; error: string | null; }' is not assignable to type 'IntrinsicAttributes & Props'.
  Property 'title' does not exist on type 'IntrinsicAttributes & Props'.
src/app/reporting/ReportingClient.tsx(559,26): error TS7006: Parameter 'row' implicitly has an 'any' type.
src/app/reporting/ReportingClient.tsx(577,49): error TS2353: Object literal may only specify known properties, and 'render' does not exist in type 'Col'.
src/app/reporting/ReportingClient.tsx(577,58): error TS7006: Parameter 'item' implicitly has an 'any' type.
src/app/reporting/ReportingClient.tsx(581,26): error TS7006: Parameter 'row' implicitly has an 'any' type.
src/app/reporting/ReportingClient.tsx(593,13): error TS2322: Type '{ title: string; data: any[]; columns: { key: string; label: string; }[]; onRowClick: (row: any) => void; onViewFacsimile: (record: any) => void; onPrintFacsimile: (record: any) => void; viewMode: "list" | "grid"; loading: boolean; error: string | null; }' is not assignable to type 'IntrinsicAttributes & Props'.
  Property 'title' does not exist on type 'IntrinsicAttributes & Props'.
src/app/reporting/ReportingClient.tsx(603,26): error TS7006: Parameter 'row' implicitly has an 'any' type.
src/app/reporting/ReportingClient.tsx(624,54): error TS2339: Property 'id' does not exist on type 'string'.
src/app/reporting/ReportingClient.tsx(662,75): error TS2339: Property 'id' does not exist on type 'string'.
src/app/reporting/ReportingClient.tsx(789,41): error TS7006: Parameter 't' implicitly has an 'any' type.
src/app/reporting/ReportingClient.tsx(818,148): error TS2339: Property 'id' does not exist on type 'string'.
src/app/reporting/ReportingClient.tsx(856,11): error TS2322: Type '{ isOpen: true; onClose: () => void; data: FacsimilePayStatement | FacsimileTimecard | FacsimileTaxRecord | null; type: "pay_statement" | ... 2 more ... | null; employee: FacsimileEmployee | null; }' is not assignable to type 'IntrinsicAttributes & Props'.
  Property 'isOpen' does not exist on type 'IntrinsicAttributes & Props'. Did you mean 'open'?
src/app/reporting/tax-records/page.tsx(19,41): error TS2322: Type '{ taxRecords: never[]; }' is not assignable to type 'IntrinsicAttributes & EnhancedTaxRecordsProps'.
  Property 'taxRecords' does not exist on type 'IntrinsicAttributes & EnhancedTaxRecordsProps'.
src/app/talent/candidates/page.tsx(240,11): error TS2339: Property 'currentTenant' does not exist on type 'TenantContextType'.
src/app/talent/interviews/page.tsx(211,11): error TS2339: Property 'currentTenant' does not exist on type 'TenantContextType'.
src/app/talent/jobs/page.tsx(17,10): error TS2305: Module '"@/lib/supabase"' has no exported member 'supabase'.
src/app/talent/jobs/page.tsx(80,11): error TS2339: Property 'currentTenant' does not exist on type 'TenantContextType'.
src/app/talent/offers/page.tsx(251,11): error TS2339: Property 'currentTenant' does not exist on type 'TenantContextType'.
src/app/talent/page.tsx(13,10): error TS2305: Module '"@/lib/supabase"' has no exported member 'supabase'.
src/app/talent/page.tsx(49,11): error TS2339: Property 'currentTenant' does not exist on type 'TenantContextType'.
src/app/talent/pipeline/page.tsx(185,11): error TS2339: Property 'currentTenant' does not exist on type 'TenantContextType'.
src/app/work-requests/[id]/edit/page.tsx(5,24): error TS1149: File name 'C:/GIT_Repo/Projects/ETLA/ETLA-Platform/frontend/src/components/ui/Button.tsx' differs from already included file name 'C:/GIT_Repo/Projects/ETLA/ETLA-Platform/frontend/src/components/ui/button.tsx' only in casing.
  The file is in the program because:
    Imported via "@/components/ui/button" from file 'C:/GIT_Repo/Projects/ETLA/ETLA-Platform/frontend/src/app/accept-invite/page.tsx'
    Imported via "@/components/ui/button" from file 'C:/GIT_Repo/Projects/ETLA/ETLA-Platform/frontend/src/components/RBACTestPanel.tsx'
    Imported via '@/components/ui/button' from file 'C:/GIT_Repo/Projects/ETLA/ETLA-Platform/frontend/src/app/admin/access-control/AccessControlClient.tsx'
    Imported via '@/components/ui/button' from file 'C:/GIT_Repo/Projects/ETLA/ETLA-Platform/frontend/src/components/rbac/RolesPermissionsTab.tsx'
    Imported via '@/components/ui/button' from file 'C:/GIT_Repo/Projects/ETLA/ETLA-Platform/frontend/src/components/layout/DashboardLayout.tsx'
    Imported via "@/components/ui/button" from file 'C:/GIT_Repo/Projects/ETLA/ETLA-Platform/frontend/src/app/admin/tenant-management/TenantManagementClient.tsx'
    Imported via '@/components/ui/button' from file 'C:/GIT_Repo/Projects/ETLA/ETLA-Platform/frontend/src/components/admin/TimecardRecalculationTool.tsx'
    Imported via '@/components/ui/button' from file 'C:/GIT_Repo/Projects/ETLA/ETLA-Platform/frontend/src/app/audit/page.tsx'
    Imported via '@/components/ui/button' from file 'C:/GIT_Repo/Projects/ETLA/ETLA-Platform/frontend/src/app/benefits/page.tsx'
    Imported via '@/components/ui/button' from file 'C:/GIT_Repo/Projects/ETLA/ETLA-Platform/frontend/src/app/client/dashboard/page.tsx'
    Imported via '@/components/ui/button' from file 'C:/GIT_Repo/Projects/ETLA/ETLA-Platform/frontend/src/app/employees/page.tsx'
    Imported via '@/components/ui/button' from file 'C:/GIT_Repo/Projects/ETLA/ETLA-Platform/frontend/src/app/hr-analytics/page.tsx'
    Imported via "@/components/ui/button" from file 'C:/GIT_Repo/Projects/ETLA/ETLA-Platform/frontend/src/app/job-details/page.tsx'
    Imported via '@/components/ui/button' from file 'C:/GIT_Repo/Projects/ETLA/ETLA-Platform/frontend/src/app/jobs/page.tsx'
    Imported via '@/components/ui/button' from file 'C:/GIT_Repo/Projects/ETLA/ETLA-Platform/frontend/src/app/jobs-enhanced/page.tsx'
    Imported via '@/components/ui/button' from file 'C:/GIT_Repo/Projects/ETLA/ETLA-Platform/frontend/src/app/login/page.tsx'
    Imported via '@/components/ui/button' from file 'C:/GIT_Repo/Projects/ETLA/ETLA-Platform/frontend/src/app/payroll/page.tsx'
    Imported via '@/components/ui/button' from file 'C:/GIT_Repo/Projects/ETLA/ETLA-Platform/frontend/src/app/profile/page.tsx'
    Imported via '@/components/ui/button' from file 'C:/GIT_Repo/Projects/ETLA/ETLA-Platform/frontend/src/app/project-management/page-auth-stable.tsx'
    Imported via '@/components/ui/button' from file 'C:/GIT_Repo/Projects/ETLA/ETLA-Platform/frontend/src/components/WorkRequestApprovalModal.tsx'
    Imported via '@/components/ui/button' from file 'C:/GIT_Repo/Projects/ETLA/ETLA-Platform/frontend/src/components/MissingCustomerModal.tsx'
    Imported via '@/components/ui/button' from file 'C:/GIT_Repo/Projects/ETLA/ETLA-Platform/frontend/src/app/project-management/page-cleaned.tsx'
    Imported via '@/components/ui/button' from file 'C:/GIT_Repo/Projects/ETLA/ETLA-Platform/frontend/src/app/project-management/page-complete-pmbok.tsx'
    Imported via '@/components/ui/button' from file 'C:/GIT_Repo/Projects/ETLA/ETLA-Platform/frontend/src/app/project-management/page-complete-working.tsx'
    Imported via '@/components/ui/button' from file 'C:/GIT_Repo/Projects/ETLA/ETLA-Platform/frontend/src/app/project-management/page-database-aligned.tsx'
    Imported via '@/components/ui/button' from file 'C:/GIT_Repo/Projects/ETLA/ETLA-Platform/frontend/src/app/project-management/page-enhanced-with-approval.tsx'
    Imported via '@/components/ui/button' from file 'C:/GIT_Repo/Projects/ETLA/ETLA-Platform/frontend/src/app/project-management/page-enhanced.tsx'
    Imported via '@/components/ui/button' from file 'C:/GIT_Repo/Projects/ETLA/ETLA-Platform/frontend/src/app/project-management/page-fixed-imports.tsx'
    Imported via '@/components/ui/button' from file 'C:/GIT_Repo/Projects/ETLA/ETLA-Platform/frontend/src/app/project-management/page-fixed.tsx'
    Imported via '@/components/ui/button' from file 'C:/GIT_Repo/Projects/ETLA/ETLA-Platform/frontend/src/app/project-management/page-full-pmbok.tsx'
    Imported via '@/components/ui/button' from file 'C:/GIT_Repo/Projects/ETLA/ETLA-Platform/frontend/src/app/project-management/page-minimal-fields.tsx'
    Imported via '@/components/ui/button' from file 'C:/GIT_Repo/Projects/ETLA/ETLA-Platform/frontend/src/app/project-management/page-query-fixed.tsx'
    Imported via '@/components/ui/button' from file 'C:/GIT_Repo/Projects/ETLA/ETLA-Platform/frontend/src/app/project-management/page-schema-compatible.tsx'
    Imported via '@/components/ui/button' from file 'C:/GIT_Repo/Projects/ETLA/ETLA-Platform/frontend/src/app/project-management/page-with-customer-fix.tsx'
    Imported via '@/components/ui/button' from file 'C:/GIT_Repo/Projects/ETLA/ETLA-Platform/frontend/src/app/project-management/page-with-views.tsx'
    Imported via '@/components/ui/Button' from file 'C:/GIT_Repo/Projects/ETLA/ETLA-Platform/frontend/src/app/project-management/projects/[id]/page.tsx'
    Imported via '@/components/ui/Button' from file 'C:/GIT_Repo/Projects/ETLA/ETLA-Platform/frontend/src/app/project-management/requests/[id]/page.tsx'
    Imported via '@/components/ui/button' from file 'C:/GIT_Repo/Projects/ETLA/ETLA-Platform/frontend/src/app/project-management/resources/page.tsx'
    Imported via '@/components/ui/button' from file 'C:/GIT_Repo/Projects/ETLA/ETLA-Platform/frontend/src/app/project-management/schedule/page.tsx'
    Imported via '@/components/ui/button' from file 'C:/GIT_Repo/Projects/ETLA/ETLA-Platform/frontend/src/app/projects/page.tsx'
    Imported via '@/components/ui/button' from file 'C:/GIT_Repo/Projects/ETLA/ETLA-Platform/frontend/src/app/questionnaires/page.tsx'
    Imported via '@/components/ui/button' from file 'C:/GIT_Repo/Projects/ETLA/ETLA-Platform/frontend/src/app/questionnaires/active/page.tsx'
    Imported via '@/components/ui/button' from file 'C:/GIT_Repo/Projects/ETLA/ETLA-Platform/frontend/src/app/questionnaires/analytics/page.tsx'
    Imported via '@/components/ui/Button' from file 'C:/GIT_Repo/Projects/ETLA/ETLA-Platform/frontend/src/app/questionnaires/analytics/[id]/page.tsx'
    Imported via '@/components/ui/button' from file 'C:/GIT_Repo/Projects/ETLA/ETLA-Platform/frontend/src/app/questionnaires/builder/page.tsx'
    Imported via '@/components/ui/Button' from file 'C:/GIT_Repo/Projects/ETLA/ETLA-Platform/frontend/src/app/questionnaires/respond/[id]/page.tsx'
    Imported via "@/components/ui/button" from file 'C:/GIT_Repo/Projects/ETLA/ETLA-Platform/frontend/src/app/reporting/ReportingClient.tsx'
    Imported via '@/components/ui/button' from file 'C:/GIT_Repo/Projects/ETLA/ETLA-Platform/frontend/src/app/reporting/page-enhanced-views.tsx'
    Imported via '@/components/ui/button' from file 'C:/GIT_Repo/Projects/ETLA/ETLA-Platform/frontend/src/components/dashboard/ComprehensiveDashboard.tsx'
    Imported via '@/components/ui/button' from file 'C:/GIT_Repo/Projects/ETLA/ETLA-Platform/frontend/src/app/reporting/page-enhanced.tsx'
    Imported via '@/components/ui/button' from file 'C:/GIT_Repo/Projects/ETLA/ETLA-Platform/frontend/src/app/reporting/page-sticky-header.tsx'
    Imported via '@/components/ui/button' from file 'C:/GIT_Repo/Projects/ETLA/ETLA-Platform/frontend/src/app/reporting/page-with-search-indicators.tsx'
    Imported via '@/components/ui/button' from file 'C:/GIT_Repo/Projects/ETLA/ETLA-Platform/frontend/src/components/reporting/EnhancedTaxRecordsWithLocalTax.tsx'
    Imported via '@/components/ui/button' from file 'C:/GIT_Repo/Projects/ETLA/ETLA-Platform/frontend/src/components/timecard/TimecardDailyReport.tsx'
    Imported via '@/components/ui/button' from file 'C:/GIT_Repo/Projects/ETLA/ETLA-Platform/frontend/src/components/timecard/CorrectionModal.tsx'
    Imported via '@/components/ui/button' from file 'C:/GIT_Repo/Projects/ETLA/ETLA-Platform/frontend/src/app/reset-password/page.tsx'
    Imported via '@/components/ui/button' from file 'C:/GIT_Repo/Projects/ETLA/ETLA-Platform/frontend/src/app/settings/page.tsx'
    Imported via '@/components/ui/button' from file 'C:/GIT_Repo/Projects/ETLA/ETLA-Platform/frontend/src/app/talent/page.tsx'
    Imported via '@/components/ui/button' from file 'C:/GIT_Repo/Projects/ETLA/ETLA-Platform/frontend/src/app/talent/candidates/page.tsx'
    Imported via '@/components/ui/button' from file 'C:/GIT_Repo/Projects/ETLA/ETLA-Platform/frontend/src/app/talent/interviews/page.tsx'
    Imported via '@/components/ui/button' from file 'C:/GIT_Repo/Projects/ETLA/ETLA-Platform/frontend/src/app/talent/jobs/page.tsx'
    Imported via '@/components/ui/button' from file 'C:/GIT_Repo/Projects/ETLA/ETLA-Platform/frontend/src/app/talent/offers/page.tsx'
    Imported via '@/components/ui/button' from file 'C:/GIT_Repo/Projects/ETLA/ETLA-Platform/frontend/src/app/talent/pipeline/page.tsx'
    Imported via '@/components/ui/button' from file 'C:/GIT_Repo/Projects/ETLA/ETLA-Platform/frontend/src/app/upload/page.tsx'
    Imported via '@/components/ui/button' from file 'C:/GIT_Repo/Projects/ETLA/ETLA-Platform/frontend/src/app/validation/page.tsx'
    Imported via '@/components/ui/button' from file 'C:/GIT_Repo/Projects/ETLA/ETLA-Platform/frontend/src/app/validation-rules/page.tsx'
    Imported via "@/components/ui/button" from file 'C:/GIT_Repo/Projects/ETLA/ETLA-Platform/frontend/src/app/work-requests/page-broken.tsx'
    Imported via '@/components/ui/button' from file 'C:/GIT_Repo/Projects/ETLA/ETLA-Platform/frontend/src/components/TenantSelector.tsx'
    Imported via '@/components/ui/button' from file 'C:/GIT_Repo/Projects/ETLA/ETLA-Platform/frontend/src/app/work-requests/page-cleaned.tsx'
    Imported via '@/components/ui/button' from file 'C:/GIT_Repo/Projects/ETLA/ETLA-Platform/frontend/src/app/work-requests/page-schema-fixed.tsx'
    Imported via '@/components/ui/button' from file 'C:/GIT_Repo/Projects/ETLA/ETLA-Platform/frontend/src/app/work-requests/page-with-modals.tsx'
    Imported via '@/components/ui/button' from file 'C:/GIT_Repo/Projects/ETLA/ETLA-Platform/frontend/src/app/work-requests/page.tsx'
    Imported via '@/components/ui/Button' from file 'C:/GIT_Repo/Projects/ETLA/ETLA-Platform/frontend/src/app/work-requests/[id]/page-fixed.tsx'
    Imported via '@/components/ui/Button' from file 'C:/GIT_Repo/Projects/ETLA/ETLA-Platform/frontend/src/app/work-requests/[id]/page-integrated.tsx'
    Imported via '@/components/ui/Button' from file 'C:/GIT_Repo/Projects/ETLA/ETLA-Platform/frontend/src/app/work-requests/[id]/page-nextjs15-fixed.tsx'
    Imported via '@/components/ui/Button' from file 'C:/GIT_Repo/Projects/ETLA/ETLA-Platform/frontend/src/app/work-requests/[id]/page.tsx'
    Imported via '@/components/ui/Button' from file 'C:/GIT_Repo/Projects/ETLA/ETLA-Platform/frontend/src/app/work-requests/[id]/edit/page.tsx'
    Imported via '@/components/ui/button' from file 'C:/GIT_Repo/Projects/ETLA/ETLA-Platform/frontend/src/app/work-requests/new/page.tsx'
    Imported via '@/components/ui/button' from file 'C:/GIT_Repo/Projects/ETLA/ETLA-Platform/frontend/src/components/MFASetup.tsx'
    Imported via '@/components/ui/button' from file 'C:/GIT_Repo/Projects/ETLA/ETLA-Platform/frontend/src/components/MFAVerification.tsx'
    Imported via '@/components/ui/button' from file 'C:/GIT_Repo/Projects/ETLA/ETLA-Platform/frontend/src/components/PasswordResetModal.tsx'
    Imported via '@/components/ui/button' from file 'C:/GIT_Repo/Projects/ETLA/ETLA-Platform/frontend/src/components/UserCleanupModal.tsx'
    Imported via '@/components/ui/button' from file 'C:/GIT_Repo/Projects/ETLA/ETLA-Platform/frontend/src/components/UserCreationModal-supabase.tsx'
    Imported via '@/components/ui/button' from file 'C:/GIT_Repo/Projects/ETLA/ETLA-Platform/frontend/src/components/UserCreationModal.tsx'
    Imported via '@/components/ui/button' from file 'C:/GIT_Repo/Projects/ETLA/ETLA-Platform/frontend/src/components/UserEditModal.tsx'
    Imported via '@/components/ui/button' from file 'C:/GIT_Repo/Projects/ETLA/ETLA-Platform/frontend/src/components/UserInviteModal-supabase.tsx'
    Imported via '@/components/ui/button' from file 'C:/GIT_Repo/Projects/ETLA/ETLA-Platform/frontend/src/components/UserInviteModal.tsx'
    Imported via '@/components/ui/button' from file 'C:/GIT_Repo/Projects/ETLA/ETLA-Platform/frontend/src/components/UserSwitcher.tsx'
    Imported via '@/components/ui/button' from file 'C:/GIT_Repo/Projects/ETLA/ETLA-Platform/frontend/src/components/ats/CandidatesManagement.tsx'
    Imported via '@/components/ui/button' from file 'C:/GIT_Repo/Projects/ETLA/ETLA-Platform/frontend/src/components/ats/PipelineKanban.tsx'
    Imported via '@/components/ui/button' from file 'C:/GIT_Repo/Projects/ETLA/ETLA-Platform/frontend/src/components/questionnaires/QuestionnaireBuilder.tsx'
    Imported via '@/components/ui/button' from file 'C:/GIT_Repo/Projects/ETLA/ETLA-Platform/frontend/src/components/reporting/EmployeeDocuments.tsx'
    Imported via '@/components/ui/button' from file 'C:/GIT_Repo/Projects/ETLA/ETLA-Platform/frontend/src/components/reporting/EnhancedEmployeeDocuments.tsx'
    Imported via '@/components/ui/button' from file 'C:/GIT_Repo/Projects/ETLA/ETLA-Platform/frontend/src/components/reporting/EnhancedTaxRecords.tsx'
    Imported via '@/components/ui/button' from file 'C:/GIT_Repo/Projects/ETLA/ETLA-Platform/frontend/src/components/reporting/EnhancedTimecardGrid.tsx'
    Imported via '@/components/ui/button' from file 'C:/GIT_Repo/Projects/ETLA/ETLA-Platform/frontend/src/components/reporting/SimpleTimecardGrid.tsx'
    Imported via '@/components/ui/button' from file 'C:/GIT_Repo/Projects/ETLA/ETLA-Platform/frontend/src/components/reporting/TimecardGrid.tsx'
    Matched by include pattern '**/*.tsx' in 'C:/GIT_Repo/Projects/ETLA/ETLA-Platform/frontend/tsconfig.json'
    Imported via '@/components/ui/button' from file 'C:/GIT_Repo/Projects/ETLA/ETLA-Platform/frontend/src/components/work-requests/WorkRequestForm.tsx'
src/app/work-requests/[id]/page-fixed.tsx(6,24): error TS1149: File name 'C:/GIT_Repo/Projects/ETLA/ETLA-Platform/frontend/src/components/ui/Button.tsx' differs from already included file name 'C:/GIT_Repo/Projects/ETLA/ETLA-Platform/frontend/src/components/ui/button.tsx' only in casing.
  The file is in the program because:
    Imported via "@/components/ui/button" from file 'C:/GIT_Repo/Projects/ETLA/ETLA-Platform/frontend/src/app/accept-invite/page.tsx'
    Imported via "@/components/ui/button" from file 'C:/GIT_Repo/Projects/ETLA/ETLA-Platform/frontend/src/components/RBACTestPanel.tsx'
    Imported via '@/components/ui/button' from file 'C:/GIT_Repo/Projects/ETLA/ETLA-Platform/frontend/src/app/admin/access-control/AccessControlClient.tsx'
    Imported via '@/components/ui/button' from file 'C:/GIT_Repo/Projects/ETLA/ETLA-Platform/frontend/src/components/rbac/RolesPermissionsTab.tsx'
    Imported via '@/components/ui/button' from file 'C:/GIT_Repo/Projects/ETLA/ETLA-Platform/frontend/src/components/layout/DashboardLayout.tsx'
    Imported via "@/components/ui/button" from file 'C:/GIT_Repo/Projects/ETLA/ETLA-Platform/frontend/src/app/admin/tenant-management/TenantManagementClient.tsx'
    Imported via '@/components/ui/button' from file 'C:/GIT_Repo/Projects/ETLA/ETLA-Platform/frontend/src/components/admin/TimecardRecalculationTool.tsx'
    Imported via '@/components/ui/button' from file 'C:/GIT_Repo/Projects/ETLA/ETLA-Platform/frontend/src/app/audit/page.tsx'
    Imported via '@/components/ui/button' from file 'C:/GIT_Repo/Projects/ETLA/ETLA-Platform/frontend/src/app/benefits/page.tsx'
    Imported via '@/components/ui/button' from file 'C:/GIT_Repo/Projects/ETLA/ETLA-Platform/frontend/src/app/client/dashboard/page.tsx'
    Imported via '@/components/ui/button' from file 'C:/GIT_Repo/Projects/ETLA/ETLA-Platform/frontend/src/app/employees/page.tsx'
    Imported via '@/components/ui/button' from file 'C:/GIT_Repo/Projects/ETLA/ETLA-Platform/frontend/src/app/hr-analytics/page.tsx'
    Imported via "@/components/ui/button" from file 'C:/GIT_Repo/Projects/ETLA/ETLA-Platform/frontend/src/app/job-details/page.tsx'
    Imported via '@/components/ui/button' from file 'C:/GIT_Repo/Projects/ETLA/ETLA-Platform/frontend/src/app/jobs/page.tsx'
    Imported via '@/components/ui/button' from file 'C:/GIT_Repo/Projects/ETLA/ETLA-Platform/frontend/src/app/jobs-enhanced/page.tsx'
    Imported via '@/components/ui/button' from file 'C:/GIT_Repo/Projects/ETLA/ETLA-Platform/frontend/src/app/login/page.tsx'
    Imported via '@/components/ui/button' from file 'C:/GIT_Repo/Projects/ETLA/ETLA-Platform/frontend/src/app/payroll/page.tsx'
    Imported via '@/components/ui/button' from file 'C:/GIT_Repo/Projects/ETLA/ETLA-Platform/frontend/src/app/profile/page.tsx'
    Imported via '@/components/ui/button' from file 'C:/GIT_Repo/Projects/ETLA/ETLA-Platform/frontend/src/app/project-management/page-auth-stable.tsx'
    Imported via '@/components/ui/button' from file 'C:/GIT_Repo/Projects/ETLA/ETLA-Platform/frontend/src/components/WorkRequestApprovalModal.tsx'
    Imported via '@/components/ui/button' from file 'C:/GIT_Repo/Projects/ETLA/ETLA-Platform/frontend/src/components/MissingCustomerModal.tsx'
    Imported via '@/components/ui/button' from file 'C:/GIT_Repo/Projects/ETLA/ETLA-Platform/frontend/src/app/project-management/page-cleaned.tsx'
    Imported via '@/components/ui/button' from file 'C:/GIT_Repo/Projects/ETLA/ETLA-Platform/frontend/src/app/project-management/page-complete-pmbok.tsx'
    Imported via '@/components/ui/button' from file 'C:/GIT_Repo/Projects/ETLA/ETLA-Platform/frontend/src/app/project-management/page-complete-working.tsx'
    Imported via '@/components/ui/button' from file 'C:/GIT_Repo/Projects/ETLA/ETLA-Platform/frontend/src/app/project-management/page-database-aligned.tsx'
    Imported via '@/components/ui/button' from file 'C:/GIT_Repo/Projects/ETLA/ETLA-Platform/frontend/src/app/project-management/page-enhanced-with-approval.tsx'
    Imported via '@/components/ui/button' from file 'C:/GIT_Repo/Projects/ETLA/ETLA-Platform/frontend/src/app/project-management/page-enhanced.tsx'
    Imported via '@/components/ui/button' from file 'C:/GIT_Repo/Projects/ETLA/ETLA-Platform/frontend/src/app/project-management/page-fixed-imports.tsx'
    Imported via '@/components/ui/button' from file 'C:/GIT_Repo/Projects/ETLA/ETLA-Platform/frontend/src/app/project-management/page-fixed.tsx'
    Imported via '@/components/ui/button' from file 'C:/GIT_Repo/Projects/ETLA/ETLA-Platform/frontend/src/app/project-management/page-full-pmbok.tsx'
    Imported via '@/components/ui/button' from file 'C:/GIT_Repo/Projects/ETLA/ETLA-Platform/frontend/src/app/project-management/page-minimal-fields.tsx'
    Imported via '@/components/ui/button' from file 'C:/GIT_Repo/Projects/ETLA/ETLA-Platform/frontend/src/app/project-management/page-query-fixed.tsx'
    Imported via '@/components/ui/button' from file 'C:/GIT_Repo/Projects/ETLA/ETLA-Platform/frontend/src/app/project-management/page-schema-compatible.tsx'
    Imported via '@/components/ui/button' from file 'C:/GIT_Repo/Projects/ETLA/ETLA-Platform/frontend/src/app/project-management/page-with-customer-fix.tsx'
    Imported via '@/components/ui/button' from file 'C:/GIT_Repo/Projects/ETLA/ETLA-Platform/frontend/src/app/project-management/page-with-views.tsx'
    Imported via '@/components/ui/Button' from file 'C:/GIT_Repo/Projects/ETLA/ETLA-Platform/frontend/src/app/project-management/projects/[id]/page.tsx'
    Imported via '@/components/ui/Button' from file 'C:/GIT_Repo/Projects/ETLA/ETLA-Platform/frontend/src/app/project-management/requests/[id]/page.tsx'
    Imported via '@/components/ui/button' from file 'C:/GIT_Repo/Projects/ETLA/ETLA-Platform/frontend/src/app/project-management/resources/page.tsx'
    Imported via '@/components/ui/button' from file 'C:/GIT_Repo/Projects/ETLA/ETLA-Platform/frontend/src/app/project-management/schedule/page.tsx'
    Imported via '@/components/ui/button' from file 'C:/GIT_Repo/Projects/ETLA/ETLA-Platform/frontend/src/app/projects/page.tsx'
    Imported via '@/components/ui/button' from file 'C:/GIT_Repo/Projects/ETLA/ETLA-Platform/frontend/src/app/questionnaires/page.tsx'
    Imported via '@/components/ui/button' from file 'C:/GIT_Repo/Projects/ETLA/ETLA-Platform/frontend/src/app/questionnaires/active/page.tsx'
    Imported via '@/components/ui/button' from file 'C:/GIT_Repo/Projects/ETLA/ETLA-Platform/frontend/src/app/questionnaires/analytics/page.tsx'
    Imported via '@/components/ui/Button' from file 'C:/GIT_Repo/Projects/ETLA/ETLA-Platform/frontend/src/app/questionnaires/analytics/[id]/page.tsx'
    Imported via '@/components/ui/button' from file 'C:/GIT_Repo/Projects/ETLA/ETLA-Platform/frontend/src/app/questionnaires/builder/page.tsx'
    Imported via '@/components/ui/Button' from file 'C:/GIT_Repo/Projects/ETLA/ETLA-Platform/frontend/src/app/questionnaires/respond/[id]/page.tsx'
    Imported via "@/components/ui/button" from file 'C:/GIT_Repo/Projects/ETLA/ETLA-Platform/frontend/src/app/reporting/ReportingClient.tsx'
    Imported via '@/components/ui/button' from file 'C:/GIT_Repo/Projects/ETLA/ETLA-Platform/frontend/src/app/reporting/page-enhanced-views.tsx'
    Imported via '@/components/ui/button' from file 'C:/GIT_Repo/Projects/ETLA/ETLA-Platform/frontend/src/components/dashboard/ComprehensiveDashboard.tsx'
    Imported via '@/components/ui/button' from file 'C:/GIT_Repo/Projects/ETLA/ETLA-Platform/frontend/src/app/reporting/page-enhanced.tsx'
    Imported via '@/components/ui/button' from file 'C:/GIT_Repo/Projects/ETLA/ETLA-Platform/frontend/src/app/reporting/page-sticky-header.tsx'
    Imported via '@/components/ui/button' from file 'C:/GIT_Repo/Projects/ETLA/ETLA-Platform/frontend/src/app/reporting/page-with-search-indicators.tsx'
    Imported via '@/components/ui/button' from file 'C:/GIT_Repo/Projects/ETLA/ETLA-Platform/frontend/src/components/reporting/EnhancedTaxRecordsWithLocalTax.tsx'
    Imported via '@/components/ui/button' from file 'C:/GIT_Repo/Projects/ETLA/ETLA-Platform/frontend/src/components/timecard/TimecardDailyReport.tsx'
    Imported via '@/components/ui/button' from file 'C:/GIT_Repo/Projects/ETLA/ETLA-Platform/frontend/src/components/timecard/CorrectionModal.tsx'
    Imported via '@/components/ui/button' from file 'C:/GIT_Repo/Projects/ETLA/ETLA-Platform/frontend/src/app/reset-password/page.tsx'
    Imported via '@/components/ui/button' from file 'C:/GIT_Repo/Projects/ETLA/ETLA-Platform/frontend/src/app/settings/page.tsx'
    Imported via '@/components/ui/button' from file 'C:/GIT_Repo/Projects/ETLA/ETLA-Platform/frontend/src/app/talent/page.tsx'
    Imported via '@/components/ui/button' from file 'C:/GIT_Repo/Projects/ETLA/ETLA-Platform/frontend/src/app/talent/candidates/page.tsx'
    Imported via '@/components/ui/button' from file 'C:/GIT_Repo/Projects/ETLA/ETLA-Platform/frontend/src/app/talent/interviews/page.tsx'
    Imported via '@/components/ui/button' from file 'C:/GIT_Repo/Projects/ETLA/ETLA-Platform/frontend/src/app/talent/jobs/page.tsx'
    Imported via '@/components/ui/button' from file 'C:/GIT_Repo/Projects/ETLA/ETLA-Platform/frontend/src/app/talent/offers/page.tsx'
    Imported via '@/components/ui/button' from file 'C:/GIT_Repo/Projects/ETLA/ETLA-Platform/frontend/src/app/talent/pipeline/page.tsx'
    Imported via '@/components/ui/button' from file 'C:/GIT_Repo/Projects/ETLA/ETLA-Platform/frontend/src/app/upload/page.tsx'
    Imported via '@/components/ui/button' from file 'C:/GIT_Repo/Projects/ETLA/ETLA-Platform/frontend/src/app/validation/page.tsx'
    Imported via '@/components/ui/button' from file 'C:/GIT_Repo/Projects/ETLA/ETLA-Platform/frontend/src/app/validation-rules/page.tsx'
    Imported via "@/components/ui/button" from file 'C:/GIT_Repo/Projects/ETLA/ETLA-Platform/frontend/src/app/work-requests/page-broken.tsx'
    Imported via '@/components/ui/button' from file 'C:/GIT_Repo/Projects/ETLA/ETLA-Platform/frontend/src/components/TenantSelector.tsx'
    Imported via '@/components/ui/button' from file 'C:/GIT_Repo/Projects/ETLA/ETLA-Platform/frontend/src/app/work-requests/page-cleaned.tsx'
    Imported via '@/components/ui/button' from file 'C:/GIT_Repo/Projects/ETLA/ETLA-Platform/frontend/src/app/work-requests/page-schema-fixed.tsx'
    Imported via '@/components/ui/button' from file 'C:/GIT_Repo/Projects/ETLA/ETLA-Platform/frontend/src/app/work-requests/page-with-modals.tsx'
    Imported via '@/components/ui/button' from file 'C:/GIT_Repo/Projects/ETLA/ETLA-Platform/frontend/src/app/work-requests/page.tsx'
    Imported via '@/components/ui/Button' from file 'C:/GIT_Repo/Projects/ETLA/ETLA-Platform/frontend/src/app/work-requests/[id]/page-fixed.tsx'
    Imported via '@/components/ui/Button' from file 'C:/GIT_Repo/Projects/ETLA/ETLA-Platform/frontend/src/app/work-requests/[id]/page-integrated.tsx'
    Imported via '@/components/ui/Button' from file 'C:/GIT_Repo/Projects/ETLA/ETLA-Platform/frontend/src/app/work-requests/[id]/page-nextjs15-fixed.tsx'
    Imported via '@/components/ui/Button' from file 'C:/GIT_Repo/Projects/ETLA/ETLA-Platform/frontend/src/app/work-requests/[id]/page.tsx'
    Imported via '@/components/ui/Button' from file 'C:/GIT_Repo/Projects/ETLA/ETLA-Platform/frontend/src/app/work-requests/[id]/edit/page.tsx'
    Imported via '@/components/ui/button' from file 'C:/GIT_Repo/Projects/ETLA/ETLA-Platform/frontend/src/app/work-requests/new/page.tsx'
    Imported via '@/components/ui/button' from file 'C:/GIT_Repo/Projects/ETLA/ETLA-Platform/frontend/src/components/MFASetup.tsx'
    Imported via '@/components/ui/button' from file 'C:/GIT_Repo/Projects/ETLA/ETLA-Platform/frontend/src/components/MFAVerification.tsx'
    Imported via '@/components/ui/button' from file 'C:/GIT_Repo/Projects/ETLA/ETLA-Platform/frontend/src/components/PasswordResetModal.tsx'
    Imported via '@/components/ui/button' from file 'C:/GIT_Repo/Projects/ETLA/ETLA-Platform/frontend/src/components/UserCleanupModal.tsx'
    Imported via '@/components/ui/button' from file 'C:/GIT_Repo/Projects/ETLA/ETLA-Platform/frontend/src/components/UserCreationModal-supabase.tsx'
    Imported via '@/components/ui/button' from file 'C:/GIT_Repo/Projects/ETLA/ETLA-Platform/frontend/src/components/UserCreationModal.tsx'
    Imported via '@/components/ui/button' from file 'C:/GIT_Repo/Projects/ETLA/ETLA-Platform/frontend/src/components/UserEditModal.tsx'
    Imported via '@/components/ui/button' from file 'C:/GIT_Repo/Projects/ETLA/ETLA-Platform/frontend/src/components/UserInviteModal-supabase.tsx'
    Imported via '@/components/ui/button' from file 'C:/GIT_Repo/Projects/ETLA/ETLA-Platform/frontend/src/components/UserInviteModal.tsx'
    Imported via '@/components/ui/button' from file 'C:/GIT_Repo/Projects/ETLA/ETLA-Platform/frontend/src/components/UserSwitcher.tsx'
    Imported via '@/components/ui/button' from file 'C:/GIT_Repo/Projects/ETLA/ETLA-Platform/frontend/src/components/ats/CandidatesManagement.tsx'
    Imported via '@/components/ui/button' from file 'C:/GIT_Repo/Projects/ETLA/ETLA-Platform/frontend/src/components/ats/PipelineKanban.tsx'
    Imported via '@/components/ui/button' from file 'C:/GIT_Repo/Projects/ETLA/ETLA-Platform/frontend/src/components/questionnaires/QuestionnaireBuilder.tsx'
    Imported via '@/components/ui/button' from file 'C:/GIT_Repo/Projects/ETLA/ETLA-Platform/frontend/src/components/reporting/EmployeeDocuments.tsx'
    Imported via '@/components/ui/button' from file 'C:/GIT_Repo/Projects/ETLA/ETLA-Platform/frontend/src/components/reporting/EnhancedEmployeeDocuments.tsx'
    Imported via '@/components/ui/button' from file 'C:/GIT_Repo/Projects/ETLA/ETLA-Platform/frontend/src/components/reporting/EnhancedTaxRecords.tsx'
    Imported via '@/components/ui/button' from file 'C:/GIT_Repo/Projects/ETLA/ETLA-Platform/frontend/src/components/reporting/EnhancedTimecardGrid.tsx'
    Imported via '@/components/ui/button' from file 'C:/GIT_Repo/Projects/ETLA/ETLA-Platform/frontend/src/components/reporting/SimpleTimecardGrid.tsx'
    Imported via '@/components/ui/button' from file 'C:/GIT_Repo/Projects/ETLA/ETLA-Platform/frontend/src/components/reporting/TimecardGrid.tsx'
    Matched by include pattern '**/*.tsx' in 'C:/GIT_Repo/Projects/ETLA/ETLA-Platform/frontend/tsconfig.json'
    Imported via '@/components/ui/button' from file 'C:/GIT_Repo/Projects/ETLA/ETLA-Platform/frontend/src/components/work-requests/WorkRequestForm.tsx'
src/app/work-requests/[id]/page-fixed.tsx(7,75): error TS1149: File name 'C:/GIT_Repo/Projects/ETLA/ETLA-Platform/frontend/src/components/ui/Card.tsx' differs from already included file name 'C:/GIT_Repo/Projects/ETLA/ETLA-Platform/frontend/src/components/ui/card.tsx' only in casing.
  The file is in the program because:
    Imported via "@/components/ui/card" from file 'C:/GIT_Repo/Projects/ETLA/ETLA-Platform/frontend/src/app/accept-invite/page.tsx'
    Imported via "@/components/ui/card" from file 'C:/GIT_Repo/Projects/ETLA/ETLA-Platform/frontend/src/components/RBACTestPanel.tsx'
    Imported via '@/components/ui/card' from file 'C:/GIT_Repo/Projects/ETLA/ETLA-Platform/frontend/src/app/admin/access-control/AccessControlClient.tsx'
    Imported via '@/components/ui/card' from file 'C:/GIT_Repo/Projects/ETLA/ETLA-Platform/frontend/src/components/rbac/RolesPermissionsTab.tsx'
    Imported via "@/components/ui/card" from file 'C:/GIT_Repo/Projects/ETLA/ETLA-Platform/frontend/src/app/admin/tenant-management/TenantManagementClient.tsx'
    Imported via '@/components/ui/card' from file 'C:/GIT_Repo/Projects/ETLA/ETLA-Platform/frontend/src/components/admin/TimecardRecalculationTool.tsx'
    Imported via '@/components/ui/card' from file 'C:/GIT_Repo/Projects/ETLA/ETLA-Platform/frontend/src/app/audit/page.tsx'
    Imported via '@/components/ui/card' from file 'C:/GIT_Repo/Projects/ETLA/ETLA-Platform/frontend/src/app/benefits/page.tsx'
    Imported via '@/components/ui/card' from file 'C:/GIT_Repo/Projects/ETLA/ETLA-Platform/frontend/src/app/employees/page.tsx'
    Imported via '@/components/ui/card' from file 'C:/GIT_Repo/Projects/ETLA/ETLA-Platform/frontend/src/app/hr-analytics/page.tsx'
    Imported via "@/components/ui/card" from file 'C:/GIT_Repo/Projects/ETLA/ETLA-Platform/frontend/src/app/job-details/page.tsx'
    Imported via '@/components/ui/card' from file 'C:/GIT_Repo/Projects/ETLA/ETLA-Platform/frontend/src/app/jobs/page.tsx'
    Imported via '@/components/ui/card' from file 'C:/GIT_Repo/Projects/ETLA/ETLA-Platform/frontend/src/app/jobs-enhanced/page.tsx'
    Imported via '@/components/ui/card' from file 'C:/GIT_Repo/Projects/ETLA/ETLA-Platform/frontend/src/app/login/page.tsx'
    Imported via '@/components/ui/card' from file 'C:/GIT_Repo/Projects/ETLA/ETLA-Platform/frontend/src/app/payroll/page.tsx'
    Imported via '@/components/ui/card' from file 'C:/GIT_Repo/Projects/ETLA/ETLA-Platform/frontend/src/app/profile/page.tsx'
    Imported via '@/components/ui/card' from file 'C:/GIT_Repo/Projects/ETLA/ETLA-Platform/frontend/src/app/project-management/page-auth-stable.tsx'
    Imported via '@/components/ui/card' from file 'C:/GIT_Repo/Projects/ETLA/ETLA-Platform/frontend/src/components/WorkRequestApprovalModal.tsx'
    Imported via '@/components/ui/card' from file 'C:/GIT_Repo/Projects/ETLA/ETLA-Platform/frontend/src/components/MissingCustomerModal.tsx'
    Imported via '@/components/ui/card' from file 'C:/GIT_Repo/Projects/ETLA/ETLA-Platform/frontend/src/app/project-management/page-cleaned.tsx'
    Imported via '@/components/ui/card' from file 'C:/GIT_Repo/Projects/ETLA/ETLA-Platform/frontend/src/app/project-management/page-complete-pmbok.tsx'
    Imported via '@/components/ui/card' from file 'C:/GIT_Repo/Projects/ETLA/ETLA-Platform/frontend/src/app/project-management/page-complete-working.tsx'
    Imported via '@/components/ui/card' from file 'C:/GIT_Repo/Projects/ETLA/ETLA-Platform/frontend/src/app/project-management/page-database-aligned.tsx'
    Imported via '@/components/ui/card' from file 'C:/GIT_Repo/Projects/ETLA/ETLA-Platform/frontend/src/app/project-management/page-enhanced-with-approval.tsx'
    Imported via '@/components/ui/card' from file 'C:/GIT_Repo/Projects/ETLA/ETLA-Platform/frontend/src/app/project-management/page-enhanced.tsx'
    Imported via '@/components/ui/card' from file 'C:/GIT_Repo/Projects/ETLA/ETLA-Platform/frontend/src/app/project-management/page-fixed-imports.tsx'
    Imported via '@/components/ui/card' from file 'C:/GIT_Repo/Projects/ETLA/ETLA-Platform/frontend/src/app/project-management/page-fixed.tsx'
    Imported via '@/components/ui/card' from file 'C:/GIT_Repo/Projects/ETLA/ETLA-Platform/frontend/src/app/project-management/page-full-pmbok.tsx'
    Imported via '@/components/ui/card' from file 'C:/GIT_Repo/Projects/ETLA/ETLA-Platform/frontend/src/app/project-management/page-minimal-fields.tsx'
    Imported via '@/components/ui/card' from file 'C:/GIT_Repo/Projects/ETLA/ETLA-Platform/frontend/src/app/project-management/page-query-fixed.tsx'
    Imported via '@/components/ui/card' from file 'C:/GIT_Repo/Projects/ETLA/ETLA-Platform/frontend/src/app/project-management/page-schema-compatible.tsx'
    Imported via '@/components/ui/card' from file 'C:/GIT_Repo/Projects/ETLA/ETLA-Platform/frontend/src/app/project-management/page-with-customer-fix.tsx'
    Imported via '@/components/ui/card' from file 'C:/GIT_Repo/Projects/ETLA/ETLA-Platform/frontend/src/app/project-management/page-with-views.tsx'
    Imported via '@/components/ui/card' from file 'C:/GIT_Repo/Projects/ETLA/ETLA-Platform/frontend/src/app/questionnaires/page.tsx'
    Imported via '@/components/ui/card' from file 'C:/GIT_Repo/Projects/ETLA/ETLA-Platform/frontend/src/app/questionnaires/active/page.tsx'
    Imported via '@/components/ui/card' from file 'C:/GIT_Repo/Projects/ETLA/ETLA-Platform/frontend/src/app/questionnaires/analytics/page.tsx'
    Imported via '@/components/ui/Card' from file 'C:/GIT_Repo/Projects/ETLA/ETLA-Platform/frontend/src/app/questionnaires/analytics/[id]/page.tsx'
    Imported via '@/components/ui/card' from file 'C:/GIT_Repo/Projects/ETLA/ETLA-Platform/frontend/src/app/questionnaires/builder/page.tsx'
    Imported via '@/components/ui/Card' from file 'C:/GIT_Repo/Projects/ETLA/ETLA-Platform/frontend/src/app/questionnaires/respond/[id]/page.tsx'
    Imported via "@/components/ui/card" from file 'C:/GIT_Repo/Projects/ETLA/ETLA-Platform/frontend/src/app/rbac-test/page.tsx'
    Imported via "@/components/ui/card" from file 'C:/GIT_Repo/Projects/ETLA/ETLA-Platform/frontend/src/app/reporting/ReportingClient.tsx'
    Imported via '@/components/ui/card' from file 'C:/GIT_Repo/Projects/ETLA/ETLA-Platform/frontend/src/app/reporting/page-enhanced-views.tsx'
    Imported via '@/components/ui/card' from file 'C:/GIT_Repo/Projects/ETLA/ETLA-Platform/frontend/src/components/dashboard/ComprehensiveDashboard.tsx'
    Imported via '@/components/ui/card' from file 'C:/GIT_Repo/Projects/ETLA/ETLA-Platform/frontend/src/app/reporting/page-enhanced.tsx'
    Imported via '@/components/ui/card' from file 'C:/GIT_Repo/Projects/ETLA/ETLA-Platform/frontend/src/app/reporting/page-sticky-header.tsx'
    Imported via '@/components/ui/card' from file 'C:/GIT_Repo/Projects/ETLA/ETLA-Platform/frontend/src/app/reporting/page-with-search-indicators.tsx'
    Imported via '@/components/ui/card' from file 'C:/GIT_Repo/Projects/ETLA/ETLA-Platform/frontend/src/components/reporting/EnhancedTaxRecordsWithLocalTax.tsx'
    Imported via '@/components/ui/card' from file 'C:/GIT_Repo/Projects/ETLA/ETLA-Platform/frontend/src/components/timecard/TimecardDailyReport.tsx'
    Imported via '@/components/ui/card' from file 'C:/GIT_Repo/Projects/ETLA/ETLA-Platform/frontend/src/components/timecard/CorrectionModal.tsx'
    Imported via '@/components/ui/card' from file 'C:/GIT_Repo/Projects/ETLA/ETLA-Platform/frontend/src/app/reset-password/page.tsx'
    Imported via '@/components/ui/card' from file 'C:/GIT_Repo/Projects/ETLA/ETLA-Platform/frontend/src/app/settings/page.tsx'
    Imported via '@/components/ui/card' from file 'C:/GIT_Repo/Projects/ETLA/ETLA-Platform/frontend/src/app/talent/page.tsx'
    Imported via '@/components/ui/card' from file 'C:/GIT_Repo/Projects/ETLA/ETLA-Platform/frontend/src/app/talent/candidates/page.tsx'
    Imported via '@/components/ui/card' from file 'C:/GIT_Repo/Projects/ETLA/ETLA-Platform/frontend/src/app/talent/interviews/page.tsx'
    Imported via '@/components/ui/card' from file 'C:/GIT_Repo/Projects/ETLA/ETLA-Platform/frontend/src/app/talent/jobs/page.tsx'
    Imported via '@/components/ui/card' from file 'C:/GIT_Repo/Projects/ETLA/ETLA-Platform/frontend/src/app/talent/offers/page.tsx'
    Imported via '@/components/ui/card' from file 'C:/GIT_Repo/Projects/ETLA/ETLA-Platform/frontend/src/app/talent/pipeline/page.tsx'
    Imported via '@/components/ui/card' from file 'C:/GIT_Repo/Projects/ETLA/ETLA-Platform/frontend/src/app/upload/page.tsx'
    Imported via '@/components/ui/card' from file 'C:/GIT_Repo/Projects/ETLA/ETLA-Platform/frontend/src/app/validation/page.tsx'
    Imported via '@/components/ui/card' from file 'C:/GIT_Repo/Projects/ETLA/ETLA-Platform/frontend/src/app/validation-rules/page.tsx'
    Imported via "@/components/ui/card" from file 'C:/GIT_Repo/Projects/ETLA/ETLA-Platform/frontend/src/app/work-requests/page-broken.tsx'
    Imported via '@/components/ui/card' from file 'C:/GIT_Repo/Projects/ETLA/ETLA-Platform/frontend/src/app/work-requests/page-cleaned.tsx'
    Imported via '@/components/ui/card' from file 'C:/GIT_Repo/Projects/ETLA/ETLA-Platform/frontend/src/app/work-requests/page-schema-fixed.tsx'
    Imported via '@/components/ui/card' from file 'C:/GIT_Repo/Projects/ETLA/ETLA-Platform/frontend/src/app/work-requests/page-with-modals.tsx'
    Imported via '@/components/ui/Card' from file 'C:/GIT_Repo/Projects/ETLA/ETLA-Platform/frontend/src/app/work-requests/[id]/page-fixed.tsx'
    Imported via '@/components/ui/Card' from file 'C:/GIT_Repo/Projects/ETLA/ETLA-Platform/frontend/src/app/work-requests/[id]/page-integrated.tsx'
    Imported via '@/components/ui/Card' from file 'C:/GIT_Repo/Projects/ETLA/ETLA-Platform/frontend/src/app/work-requests/[id]/page-nextjs15-fixed.tsx'
    Imported via '@/components/ui/Card' from file 'C:/GIT_Repo/Projects/ETLA/ETLA-Platform/frontend/src/app/work-requests/[id]/page.tsx'
    Imported via '@/components/ui/card' from file 'C:/GIT_Repo/Projects/ETLA/ETLA-Platform/frontend/src/components/MFASetup.tsx'
    Imported via '@/components/ui/card' from file 'C:/GIT_Repo/Projects/ETLA/ETLA-Platform/frontend/src/components/MFAVerification.tsx'
    Imported via '@/components/ui/card' from file 'C:/GIT_Repo/Projects/ETLA/ETLA-Platform/frontend/src/components/PasswordResetModal.tsx'
    Imported via '@/components/ui/card' from file 'C:/GIT_Repo/Projects/ETLA/ETLA-Platform/frontend/src/components/UserCleanupModal.tsx'
    Imported via '@/components/ui/card' from file 'C:/GIT_Repo/Projects/ETLA/ETLA-Platform/frontend/src/components/UserCreationModal-supabase.tsx'
    Imported via '@/components/ui/card' from file 'C:/GIT_Repo/Projects/ETLA/ETLA-Platform/frontend/src/components/UserCreationModal.tsx'
    Imported via '@/components/ui/card' from file 'C:/GIT_Repo/Projects/ETLA/ETLA-Platform/frontend/src/components/UserEditModal.tsx'
    Imported via '@/components/ui/card' from file 'C:/GIT_Repo/Projects/ETLA/ETLA-Platform/frontend/src/components/UserInviteModal-supabase.tsx'
    Imported via '@/components/ui/card' from file 'C:/GIT_Repo/Projects/ETLA/ETLA-Platform/frontend/src/components/UserInviteModal.tsx'
    Imported via '@/components/ui/card' from file 'C:/GIT_Repo/Projects/ETLA/ETLA-Platform/frontend/src/components/UserSwitcher.tsx'
    Imported via '@/components/ui/card' from file 'C:/GIT_Repo/Projects/ETLA/ETLA-Platform/frontend/src/components/ats/CandidatesManagement.tsx'
    Imported via '@/components/ui/card' from file 'C:/GIT_Repo/Projects/ETLA/ETLA-Platform/frontend/src/components/ats/PipelineKanban.tsx'
    Imported via '@/components/ui/card' from file 'C:/GIT_Repo/Projects/ETLA/ETLA-Platform/frontend/src/components/questionnaires/QuestionnaireBuilder.tsx'
    Imported via '@/components/ui/card' from file 'C:/GIT_Repo/Projects/ETLA/ETLA-Platform/frontend/src/components/reporting/EmployeeDocuments.tsx'
    Imported via '@/components/ui/card' from file 'C:/GIT_Repo/Projects/ETLA/ETLA-Platform/frontend/src/components/reporting/EnhancedEmployeeDocuments.tsx'
    Imported via '@/components/ui/card' from file 'C:/GIT_Repo/Projects/ETLA/ETLA-Platform/frontend/src/components/reporting/EnhancedTaxRecords.tsx'
    Imported via '@/components/ui/card' from file 'C:/GIT_Repo/Projects/ETLA/ETLA-Platform/frontend/src/components/reporting/EnhancedTimecardGrid.tsx'
    Imported via '@/components/ui/card' from file 'C:/GIT_Repo/Projects/ETLA/ETLA-Platform/frontend/src/components/reporting/SimpleTimecardGrid.tsx'
    Imported via '@/components/ui/card' from file 'C:/GIT_Repo/Projects/ETLA/ETLA-Platform/frontend/src/components/reporting/TimecardGrid.tsx'
    Matched by include pattern '**/*.tsx' in 'C:/GIT_Repo/Projects/ETLA/ETLA-Platform/frontend/tsconfig.json'
src/app/work-requests/[id]/page-integrated.tsx(6,24): error TS1149: File name 'C:/GIT_Repo/Projects/ETLA/ETLA-Platform/frontend/src/components/ui/Button.tsx' differs from already included file name 'C:/GIT_Repo/Projects/ETLA/ETLA-Platform/frontend/src/components/ui/button.tsx' only in casing.
  The file is in the program because:
    Imported via "@/components/ui/button" from file 'C:/GIT_Repo/Projects/ETLA/ETLA-Platform/frontend/src/app/accept-invite/page.tsx'
    Imported via "@/components/ui/button" from file 'C:/GIT_Repo/Projects/ETLA/ETLA-Platform/frontend/src/components/RBACTestPanel.tsx'
    Imported via '@/components/ui/button' from file 'C:/GIT_Repo/Projects/ETLA/ETLA-Platform/frontend/src/app/admin/access-control/AccessControlClient.tsx'
    Imported via '@/components/ui/button' from file 'C:/GIT_Repo/Projects/ETLA/ETLA-Platform/frontend/src/components/rbac/RolesPermissionsTab.tsx'
    Imported via '@/components/ui/button' from file 'C:/GIT_Repo/Projects/ETLA/ETLA-Platform/frontend/src/components/layout/DashboardLayout.tsx'
    Imported via "@/components/ui/button" from file 'C:/GIT_Repo/Projects/ETLA/ETLA-Platform/frontend/src/app/admin/tenant-management/TenantManagementClient.tsx'
    Imported via '@/components/ui/button' from file 'C:/GIT_Repo/Projects/ETLA/ETLA-Platform/frontend/src/components/admin/TimecardRecalculationTool.tsx'
    Imported via '@/components/ui/button' from file 'C:/GIT_Repo/Projects/ETLA/ETLA-Platform/frontend/src/app/audit/page.tsx'
    Imported via '@/components/ui/button' from file 'C:/GIT_Repo/Projects/ETLA/ETLA-Platform/frontend/src/app/benefits/page.tsx'
    Imported via '@/components/ui/button' from file 'C:/GIT_Repo/Projects/ETLA/ETLA-Platform/frontend/src/app/client/dashboard/page.tsx'
    Imported via '@/components/ui/button' from file 'C:/GIT_Repo/Projects/ETLA/ETLA-Platform/frontend/src/app/employees/page.tsx'
    Imported via '@/components/ui/button' from file 'C:/GIT_Repo/Projects/ETLA/ETLA-Platform/frontend/src/app/hr-analytics/page.tsx'
    Imported via "@/components/ui/button" from file 'C:/GIT_Repo/Projects/ETLA/ETLA-Platform/frontend/src/app/job-details/page.tsx'
    Imported via '@/components/ui/button' from file 'C:/GIT_Repo/Projects/ETLA/ETLA-Platform/frontend/src/app/jobs/page.tsx'
    Imported via '@/components/ui/button' from file 'C:/GIT_Repo/Projects/ETLA/ETLA-Platform/frontend/src/app/jobs-enhanced/page.tsx'
    Imported via '@/components/ui/button' from file 'C:/GIT_Repo/Projects/ETLA/ETLA-Platform/frontend/src/app/login/page.tsx'
    Imported via '@/components/ui/button' from file 'C:/GIT_Repo/Projects/ETLA/ETLA-Platform/frontend/src/app/payroll/page.tsx'
    Imported via '@/components/ui/button' from file 'C:/GIT_Repo/Projects/ETLA/ETLA-Platform/frontend/src/app/profile/page.tsx'
    Imported via '@/components/ui/button' from file 'C:/GIT_Repo/Projects/ETLA/ETLA-Platform/frontend/src/app/project-management/page-auth-stable.tsx'
    Imported via '@/components/ui/button' from file 'C:/GIT_Repo/Projects/ETLA/ETLA-Platform/frontend/src/components/WorkRequestApprovalModal.tsx'
    Imported via '@/components/ui/button' from file 'C:/GIT_Repo/Projects/ETLA/ETLA-Platform/frontend/src/components/MissingCustomerModal.tsx'
    Imported via '@/components/ui/button' from file 'C:/GIT_Repo/Projects/ETLA/ETLA-Platform/frontend/src/app/project-management/page-cleaned.tsx'
    Imported via '@/components/ui/button' from file 'C:/GIT_Repo/Projects/ETLA/ETLA-Platform/frontend/src/app/project-management/page-complete-pmbok.tsx'
    Imported via '@/components/ui/button' from file 'C:/GIT_Repo/Projects/ETLA/ETLA-Platform/frontend/src/app/project-management/page-complete-working.tsx'
    Imported via '@/components/ui/button' from file 'C:/GIT_Repo/Projects/ETLA/ETLA-Platform/frontend/src/app/project-management/page-database-aligned.tsx'
    Imported via '@/components/ui/button' from file 'C:/GIT_Repo/Projects/ETLA/ETLA-Platform/frontend/src/app/project-management/page-enhanced-with-approval.tsx'
    Imported via '@/components/ui/button' from file 'C:/GIT_Repo/Projects/ETLA/ETLA-Platform/frontend/src/app/project-management/page-enhanced.tsx'
    Imported via '@/components/ui/button' from file 'C:/GIT_Repo/Projects/ETLA/ETLA-Platform/frontend/src/app/project-management/page-fixed-imports.tsx'
    Imported via '@/components/ui/button' from file 'C:/GIT_Repo/Projects/ETLA/ETLA-Platform/frontend/src/app/project-management/page-fixed.tsx'
    Imported via '@/components/ui/button' from file 'C:/GIT_Repo/Projects/ETLA/ETLA-Platform/frontend/src/app/project-management/page-full-pmbok.tsx'
    Imported via '@/components/ui/button' from file 'C:/GIT_Repo/Projects/ETLA/ETLA-Platform/frontend/src/app/project-management/page-minimal-fields.tsx'
    Imported via '@/components/ui/button' from file 'C:/GIT_Repo/Projects/ETLA/ETLA-Platform/frontend/src/app/project-management/page-query-fixed.tsx'
    Imported via '@/components/ui/button' from file 'C:/GIT_Repo/Projects/ETLA/ETLA-Platform/frontend/src/app/project-management/page-schema-compatible.tsx'
    Imported via '@/components/ui/button' from file 'C:/GIT_Repo/Projects/ETLA/ETLA-Platform/frontend/src/app/project-management/page-with-customer-fix.tsx'
    Imported via '@/components/ui/button' from file 'C:/GIT_Repo/Projects/ETLA/ETLA-Platform/frontend/src/app/project-management/page-with-views.tsx'
    Imported via '@/components/ui/Button' from file 'C:/GIT_Repo/Projects/ETLA/ETLA-Platform/frontend/src/app/project-management/projects/[id]/page.tsx'
    Imported via '@/components/ui/Button' from file 'C:/GIT_Repo/Projects/ETLA/ETLA-Platform/frontend/src/app/project-management/requests/[id]/page.tsx'
    Imported via '@/components/ui/button' from file 'C:/GIT_Repo/Projects/ETLA/ETLA-Platform/frontend/src/app/project-management/resources/page.tsx'
    Imported via '@/components/ui/button' from file 'C:/GIT_Repo/Projects/ETLA/ETLA-Platform/frontend/src/app/project-management/schedule/page.tsx'
    Imported via '@/components/ui/button' from file 'C:/GIT_Repo/Projects/ETLA/ETLA-Platform/frontend/src/app/projects/page.tsx'
    Imported via '@/components/ui/button' from file 'C:/GIT_Repo/Projects/ETLA/ETLA-Platform/frontend/src/app/questionnaires/page.tsx'
    Imported via '@/components/ui/button' from file 'C:/GIT_Repo/Projects/ETLA/ETLA-Platform/frontend/src/app/questionnaires/active/page.tsx'
    Imported via '@/components/ui/button' from file 'C:/GIT_Repo/Projects/ETLA/ETLA-Platform/frontend/src/app/questionnaires/analytics/page.tsx'
    Imported via '@/components/ui/Button' from file 'C:/GIT_Repo/Projects/ETLA/ETLA-Platform/frontend/src/app/questionnaires/analytics/[id]/page.tsx'
    Imported via '@/components/ui/button' from file 'C:/GIT_Repo/Projects/ETLA/ETLA-Platform/frontend/src/app/questionnaires/builder/page.tsx'
    Imported via '@/components/ui/Button' from file 'C:/GIT_Repo/Projects/ETLA/ETLA-Platform/frontend/src/app/questionnaires/respond/[id]/page.tsx'
    Imported via "@/components/ui/button" from file 'C:/GIT_Repo/Projects/ETLA/ETLA-Platform/frontend/src/app/reporting/ReportingClient.tsx'
    Imported via '@/components/ui/button' from file 'C:/GIT_Repo/Projects/ETLA/ETLA-Platform/frontend/src/app/reporting/page-enhanced-views.tsx'
    Imported via '@/components/ui/button' from file 'C:/GIT_Repo/Projects/ETLA/ETLA-Platform/frontend/src/components/dashboard/ComprehensiveDashboard.tsx'
    Imported via '@/components/ui/button' from file 'C:/GIT_Repo/Projects/ETLA/ETLA-Platform/frontend/src/app/reporting/page-enhanced.tsx'
    Imported via '@/components/ui/button' from file 'C:/GIT_Repo/Projects/ETLA/ETLA-Platform/frontend/src/app/reporting/page-sticky-header.tsx'
    Imported via '@/components/ui/button' from file 'C:/GIT_Repo/Projects/ETLA/ETLA-Platform/frontend/src/app/reporting/page-with-search-indicators.tsx'
    Imported via '@/components/ui/button' from file 'C:/GIT_Repo/Projects/ETLA/ETLA-Platform/frontend/src/components/reporting/EnhancedTaxRecordsWithLocalTax.tsx'
    Imported via '@/components/ui/button' from file 'C:/GIT_Repo/Projects/ETLA/ETLA-Platform/frontend/src/components/timecard/TimecardDailyReport.tsx'
    Imported via '@/components/ui/button' from file 'C:/GIT_Repo/Projects/ETLA/ETLA-Platform/frontend/src/components/timecard/CorrectionModal.tsx'
    Imported via '@/components/ui/button' from file 'C:/GIT_Repo/Projects/ETLA/ETLA-Platform/frontend/src/app/reset-password/page.tsx'
    Imported via '@/components/ui/button' from file 'C:/GIT_Repo/Projects/ETLA/ETLA-Platform/frontend/src/app/settings/page.tsx'
    Imported via '@/components/ui/button' from file 'C:/GIT_Repo/Projects/ETLA/ETLA-Platform/frontend/src/app/talent/page.tsx'
    Imported via '@/components/ui/button' from file 'C:/GIT_Repo/Projects/ETLA/ETLA-Platform/frontend/src/app/talent/candidates/page.tsx'
    Imported via '@/components/ui/button' from file 'C:/GIT_Repo/Projects/ETLA/ETLA-Platform/frontend/src/app/talent/interviews/page.tsx'
    Imported via '@/components/ui/button' from file 'C:/GIT_Repo/Projects/ETLA/ETLA-Platform/frontend/src/app/talent/jobs/page.tsx'
    Imported via '@/components/ui/button' from file 'C:/GIT_Repo/Projects/ETLA/ETLA-Platform/frontend/src/app/talent/offers/page.tsx'
    Imported via '@/components/ui/button' from file 'C:/GIT_Repo/Projects/ETLA/ETLA-Platform/frontend/src/app/talent/pipeline/page.tsx'
    Imported via '@/components/ui/button' from file 'C:/GIT_Repo/Projects/ETLA/ETLA-Platform/frontend/src/app/upload/page.tsx'
    Imported via '@/components/ui/button' from file 'C:/GIT_Repo/Projects/ETLA/ETLA-Platform/frontend/src/app/validation/page.tsx'
    Imported via '@/components/ui/button' from file 'C:/GIT_Repo/Projects/ETLA/ETLA-Platform/frontend/src/app/validation-rules/page.tsx'
    Imported via "@/components/ui/button" from file 'C:/GIT_Repo/Projects/ETLA/ETLA-Platform/frontend/src/app/work-requests/page-broken.tsx'
    Imported via '@/components/ui/button' from file 'C:/GIT_Repo/Projects/ETLA/ETLA-Platform/frontend/src/components/TenantSelector.tsx'
    Imported via '@/components/ui/button' from file 'C:/GIT_Repo/Projects/ETLA/ETLA-Platform/frontend/src/app/work-requests/page-cleaned.tsx'
    Imported via '@/components/ui/button' from file 'C:/GIT_Repo/Projects/ETLA/ETLA-Platform/frontend/src/app/work-requests/page-schema-fixed.tsx'
    Imported via '@/components/ui/button' from file 'C:/GIT_Repo/Projects/ETLA/ETLA-Platform/frontend/src/app/work-requests/page-with-modals.tsx'
    Imported via '@/components/ui/button' from file 'C:/GIT_Repo/Projects/ETLA/ETLA-Platform/frontend/src/app/work-requests/page.tsx'
    Imported via '@/components/ui/Button' from file 'C:/GIT_Repo/Projects/ETLA/ETLA-Platform/frontend/src/app/work-requests/[id]/page-fixed.tsx'
    Imported via '@/components/ui/Button' from file 'C:/GIT_Repo/Projects/ETLA/ETLA-Platform/frontend/src/app/work-requests/[id]/page-integrated.tsx'
    Imported via '@/components/ui/Button' from file 'C:/GIT_Repo/Projects/ETLA/ETLA-Platform/frontend/src/app/work-requests/[id]/page-nextjs15-fixed.tsx'
    Imported via '@/components/ui/Button' from file 'C:/GIT_Repo/Projects/ETLA/ETLA-Platform/frontend/src/app/work-requests/[id]/page.tsx'
    Imported via '@/components/ui/Button' from file 'C:/GIT_Repo/Projects/ETLA/ETLA-Platform/frontend/src/app/work-requests/[id]/edit/page.tsx'
    Imported via '@/components/ui/button' from file 'C:/GIT_Repo/Projects/ETLA/ETLA-Platform/frontend/src/app/work-requests/new/page.tsx'
    Imported via '@/components/ui/button' from file 'C:/GIT_Repo/Projects/ETLA/ETLA-Platform/frontend/src/components/MFASetup.tsx'
    Imported via '@/components/ui/button' from file 'C:/GIT_Repo/Projects/ETLA/ETLA-Platform/frontend/src/components/MFAVerification.tsx'
    Imported via '@/components/ui/button' from file 'C:/GIT_Repo/Projects/ETLA/ETLA-Platform/frontend/src/components/PasswordResetModal.tsx'
    Imported via '@/components/ui/button' from file 'C:/GIT_Repo/Projects/ETLA/ETLA-Platform/frontend/src/components/UserCleanupModal.tsx'
    Imported via '@/components/ui/button' from file 'C:/GIT_Repo/Projects/ETLA/ETLA-Platform/frontend/src/components/UserCreationModal-supabase.tsx'
    Imported via '@/components/ui/button' from file 'C:/GIT_Repo/Projects/ETLA/ETLA-Platform/frontend/src/components/UserCreationModal.tsx'
    Imported via '@/components/ui/button' from file 'C:/GIT_Repo/Projects/ETLA/ETLA-Platform/frontend/src/components/UserEditModal.tsx'
    Imported via '@/components/ui/button' from file 'C:/GIT_Repo/Projects/ETLA/ETLA-Platform/frontend/src/components/UserInviteModal-supabase.tsx'
    Imported via '@/components/ui/button' from file 'C:/GIT_Repo/Projects/ETLA/ETLA-Platform/frontend/src/components/UserInviteModal.tsx'
    Imported via '@/components/ui/button' from file 'C:/GIT_Repo/Projects/ETLA/ETLA-Platform/frontend/src/components/UserSwitcher.tsx'
    Imported via '@/components/ui/button' from file 'C:/GIT_Repo/Projects/ETLA/ETLA-Platform/frontend/src/components/ats/CandidatesManagement.tsx'
    Imported via '@/components/ui/button' from file 'C:/GIT_Repo/Projects/ETLA/ETLA-Platform/frontend/src/components/ats/PipelineKanban.tsx'
    Imported via '@/components/ui/button' from file 'C:/GIT_Repo/Projects/ETLA/ETLA-Platform/frontend/src/components/questionnaires/QuestionnaireBuilder.tsx'
    Imported via '@/components/ui/button' from file 'C:/GIT_Repo/Projects/ETLA/ETLA-Platform/frontend/src/components/reporting/EmployeeDocuments.tsx'
    Imported via '@/components/ui/button' from file 'C:/GIT_Repo/Projects/ETLA/ETLA-Platform/frontend/src/components/reporting/EnhancedEmployeeDocuments.tsx'
    Imported via '@/components/ui/button' from file 'C:/GIT_Repo/Projects/ETLA/ETLA-Platform/frontend/src/components/reporting/EnhancedTaxRecords.tsx'
    Imported via '@/components/ui/button' from file 'C:/GIT_Repo/Projects/ETLA/ETLA-Platform/frontend/src/components/reporting/EnhancedTimecardGrid.tsx'
    Imported via '@/components/ui/button' from file 'C:/GIT_Repo/Projects/ETLA/ETLA-Platform/frontend/src/components/reporting/SimpleTimecardGrid.tsx'
    Imported via '@/components/ui/button' from file 'C:/GIT_Repo/Projects/ETLA/ETLA-Platform/frontend/src/components/reporting/TimecardGrid.tsx'
    Matched by include pattern '**/*.tsx' in 'C:/GIT_Repo/Projects/ETLA/ETLA-Platform/frontend/tsconfig.json'
    Imported via '@/components/ui/button' from file 'C:/GIT_Repo/Projects/ETLA/ETLA-Platform/frontend/src/components/work-requests/WorkRequestForm.tsx'
src/app/work-requests/[id]/page-integrated.tsx(7,75): error TS1149: File name 'C:/GIT_Repo/Projects/ETLA/ETLA-Platform/frontend/src/components/ui/Card.tsx' differs from already included file name 'C:/GIT_Repo/Projects/ETLA/ETLA-Platform/frontend/src/components/ui/card.tsx' only in casing.
  The file is in the program because:
    Imported via "@/components/ui/card" from file 'C:/GIT_Repo/Projects/ETLA/ETLA-Platform/frontend/src/app/accept-invite/page.tsx'
    Imported via "@/components/ui/card" from file 'C:/GIT_Repo/Projects/ETLA/ETLA-Platform/frontend/src/components/RBACTestPanel.tsx'
    Imported via '@/components/ui/card' from file 'C:/GIT_Repo/Projects/ETLA/ETLA-Platform/frontend/src/app/admin/access-control/AccessControlClient.tsx'
    Imported via '@/components/ui/card' from file 'C:/GIT_Repo/Projects/ETLA/ETLA-Platform/frontend/src/components/rbac/RolesPermissionsTab.tsx'
    Imported via "@/components/ui/card" from file 'C:/GIT_Repo/Projects/ETLA/ETLA-Platform/frontend/src/app/admin/tenant-management/TenantManagementClient.tsx'
    Imported via '@/components/ui/card' from file 'C:/GIT_Repo/Projects/ETLA/ETLA-Platform/frontend/src/components/admin/TimecardRecalculationTool.tsx'
    Imported via '@/components/ui/card' from file 'C:/GIT_Repo/Projects/ETLA/ETLA-Platform/frontend/src/app/audit/page.tsx'
    Imported via '@/components/ui/card' from file 'C:/GIT_Repo/Projects/ETLA/ETLA-Platform/frontend/src/app/benefits/page.tsx'
    Imported via '@/components/ui/card' from file 'C:/GIT_Repo/Projects/ETLA/ETLA-Platform/frontend/src/app/employees/page.tsx'
    Imported via '@/components/ui/card' from file 'C:/GIT_Repo/Projects/ETLA/ETLA-Platform/frontend/src/app/hr-analytics/page.tsx'
    Imported via "@/components/ui/card" from file 'C:/GIT_Repo/Projects/ETLA/ETLA-Platform/frontend/src/app/job-details/page.tsx'
    Imported via '@/components/ui/card' from file 'C:/GIT_Repo/Projects/ETLA/ETLA-Platform/frontend/src/app/jobs/page.tsx'
    Imported via '@/components/ui/card' from file 'C:/GIT_Repo/Projects/ETLA/ETLA-Platform/frontend/src/app/jobs-enhanced/page.tsx'
    Imported via '@/components/ui/card' from file 'C:/GIT_Repo/Projects/ETLA/ETLA-Platform/frontend/src/app/login/page.tsx'
    Imported via '@/components/ui/card' from file 'C:/GIT_Repo/Projects/ETLA/ETLA-Platform/frontend/src/app/payroll/page.tsx'
    Imported via '@/components/ui/card' from file 'C:/GIT_Repo/Projects/ETLA/ETLA-Platform/frontend/src/app/profile/page.tsx'
    Imported via '@/components/ui/card' from file 'C:/GIT_Repo/Projects/ETLA/ETLA-Platform/frontend/src/app/project-management/page-auth-stable.tsx'
    Imported via '@/components/ui/card' from file 'C:/GIT_Repo/Projects/ETLA/ETLA-Platform/frontend/src/components/WorkRequestApprovalModal.tsx'
    Imported via '@/components/ui/card' from file 'C:/GIT_Repo/Projects/ETLA/ETLA-Platform/frontend/src/components/MissingCustomerModal.tsx'
    Imported via '@/components/ui/card' from file 'C:/GIT_Repo/Projects/ETLA/ETLA-Platform/frontend/src/app/project-management/page-cleaned.tsx'
    Imported via '@/components/ui/card' from file 'C:/GIT_Repo/Projects/ETLA/ETLA-Platform/frontend/src/app/project-management/page-complete-pmbok.tsx'
    Imported via '@/components/ui/card' from file 'C:/GIT_Repo/Projects/ETLA/ETLA-Platform/frontend/src/app/project-management/page-complete-working.tsx'
    Imported via '@/components/ui/card' from file 'C:/GIT_Repo/Projects/ETLA/ETLA-Platform/frontend/src/app/project-management/page-database-aligned.tsx'
    Imported via '@/components/ui/card' from file 'C:/GIT_Repo/Projects/ETLA/ETLA-Platform/frontend/src/app/project-management/page-enhanced-with-approval.tsx'
    Imported via '@/components/ui/card' from file 'C:/GIT_Repo/Projects/ETLA/ETLA-Platform/frontend/src/app/project-management/page-enhanced.tsx'
    Imported via '@/components/ui/card' from file 'C:/GIT_Repo/Projects/ETLA/ETLA-Platform/frontend/src/app/project-management/page-fixed-imports.tsx'
    Imported via '@/components/ui/card' from file 'C:/GIT_Repo/Projects/ETLA/ETLA-Platform/frontend/src/app/project-management/page-fixed.tsx'
    Imported via '@/components/ui/card' from file 'C:/GIT_Repo/Projects/ETLA/ETLA-Platform/frontend/src/app/project-management/page-full-pmbok.tsx'
    Imported via '@/components/ui/card' from file 'C:/GIT_Repo/Projects/ETLA/ETLA-Platform/frontend/src/app/project-management/page-minimal-fields.tsx'
    Imported via '@/components/ui/card' from file 'C:/GIT_Repo/Projects/ETLA/ETLA-Platform/frontend/src/app/project-management/page-query-fixed.tsx'
    Imported via '@/components/ui/card' from file 'C:/GIT_Repo/Projects/ETLA/ETLA-Platform/frontend/src/app/project-management/page-schema-compatible.tsx'
    Imported via '@/components/ui/card' from file 'C:/GIT_Repo/Projects/ETLA/ETLA-Platform/frontend/src/app/project-management/page-with-customer-fix.tsx'
    Imported via '@/components/ui/card' from file 'C:/GIT_Repo/Projects/ETLA/ETLA-Platform/frontend/src/app/project-management/page-with-views.tsx'
    Imported via '@/components/ui/card' from file 'C:/GIT_Repo/Projects/ETLA/ETLA-Platform/frontend/src/app/questionnaires/page.tsx'
    Imported via '@/components/ui/card' from file 'C:/GIT_Repo/Projects/ETLA/ETLA-Platform/frontend/src/app/questionnaires/active/page.tsx'
    Imported via '@/components/ui/card' from file 'C:/GIT_Repo/Projects/ETLA/ETLA-Platform/frontend/src/app/questionnaires/analytics/page.tsx'
    Imported via '@/components/ui/Card' from file 'C:/GIT_Repo/Projects/ETLA/ETLA-Platform/frontend/src/app/questionnaires/analytics/[id]/page.tsx'
    Imported via '@/components/ui/card' from file 'C:/GIT_Repo/Projects/ETLA/ETLA-Platform/frontend/src/app/questionnaires/builder/page.tsx'
    Imported via '@/components/ui/Card' from file 'C:/GIT_Repo/Projects/ETLA/ETLA-Platform/frontend/src/app/questionnaires/respond/[id]/page.tsx'
    Imported via "@/components/ui/card" from file 'C:/GIT_Repo/Projects/ETLA/ETLA-Platform/frontend/src/app/rbac-test/page.tsx'
    Imported via "@/components/ui/card" from file 'C:/GIT_Repo/Projects/ETLA/ETLA-Platform/frontend/src/app/reporting/ReportingClient.tsx'
    Imported via '@/components/ui/card' from file 'C:/GIT_Repo/Projects/ETLA/ETLA-Platform/frontend/src/app/reporting/page-enhanced-views.tsx'
    Imported via '@/components/ui/card' from file 'C:/GIT_Repo/Projects/ETLA/ETLA-Platform/frontend/src/components/dashboard/ComprehensiveDashboard.tsx'
    Imported via '@/components/ui/card' from file 'C:/GIT_Repo/Projects/ETLA/ETLA-Platform/frontend/src/app/reporting/page-enhanced.tsx'
    Imported via '@/components/ui/card' from file 'C:/GIT_Repo/Projects/ETLA/ETLA-Platform/frontend/src/app/reporting/page-sticky-header.tsx'
    Imported via '@/components/ui/card' from file 'C:/GIT_Repo/Projects/ETLA/ETLA-Platform/frontend/src/app/reporting/page-with-search-indicators.tsx'
    Imported via '@/components/ui/card' from file 'C:/GIT_Repo/Projects/ETLA/ETLA-Platform/frontend/src/components/reporting/EnhancedTaxRecordsWithLocalTax.tsx'
    Imported via '@/components/ui/card' from file 'C:/GIT_Repo/Projects/ETLA/ETLA-Platform/frontend/src/components/timecard/TimecardDailyReport.tsx'
    Imported via '@/components/ui/card' from file 'C:/GIT_Repo/Projects/ETLA/ETLA-Platform/frontend/src/components/timecard/CorrectionModal.tsx'
    Imported via '@/components/ui/card' from file 'C:/GIT_Repo/Projects/ETLA/ETLA-Platform/frontend/src/app/reset-password/page.tsx'
    Imported via '@/components/ui/card' from file 'C:/GIT_Repo/Projects/ETLA/ETLA-Platform/frontend/src/app/settings/page.tsx'
    Imported via '@/components/ui/card' from file 'C:/GIT_Repo/Projects/ETLA/ETLA-Platform/frontend/src/app/talent/page.tsx'
    Imported via '@/components/ui/card' from file 'C:/GIT_Repo/Projects/ETLA/ETLA-Platform/frontend/src/app/talent/candidates/page.tsx'
    Imported via '@/components/ui/card' from file 'C:/GIT_Repo/Projects/ETLA/ETLA-Platform/frontend/src/app/talent/interviews/page.tsx'
    Imported via '@/components/ui/card' from file 'C:/GIT_Repo/Projects/ETLA/ETLA-Platform/frontend/src/app/talent/jobs/page.tsx'
    Imported via '@/components/ui/card' from file 'C:/GIT_Repo/Projects/ETLA/ETLA-Platform/frontend/src/app/talent/offers/page.tsx'
    Imported via '@/components/ui/card' from file 'C:/GIT_Repo/Projects/ETLA/ETLA-Platform/frontend/src/app/talent/pipeline/page.tsx'
    Imported via '@/components/ui/card' from file 'C:/GIT_Repo/Projects/ETLA/ETLA-Platform/frontend/src/app/upload/page.tsx'
    Imported via '@/components/ui/card' from file 'C:/GIT_Repo/Projects/ETLA/ETLA-Platform/frontend/src/app/validation/page.tsx'
    Imported via '@/components/ui/card' from file 'C:/GIT_Repo/Projects/ETLA/ETLA-Platform/frontend/src/app/validation-rules/page.tsx'
    Imported via "@/components/ui/card" from file 'C:/GIT_Repo/Projects/ETLA/ETLA-Platform/frontend/src/app/work-requests/page-broken.tsx'
    Imported via '@/components/ui/card' from file 'C:/GIT_Repo/Projects/ETLA/ETLA-Platform/frontend/src/app/work-requests/page-cleaned.tsx'
    Imported via '@/components/ui/card' from file 'C:/GIT_Repo/Projects/ETLA/ETLA-Platform/frontend/src/app/work-requests/page-schema-fixed.tsx'
    Imported via '@/components/ui/card' from file 'C:/GIT_Repo/Projects/ETLA/ETLA-Platform/frontend/src/app/work-requests/page-with-modals.tsx'
    Imported via '@/components/ui/Card' from file 'C:/GIT_Repo/Projects/ETLA/ETLA-Platform/frontend/src/app/work-requests/[id]/page-fixed.tsx'
    Imported via '@/components/ui/Card' from file 'C:/GIT_Repo/Projects/ETLA/ETLA-Platform/frontend/src/app/work-requests/[id]/page-integrated.tsx'
    Imported via '@/components/ui/Card' from file 'C:/GIT_Repo/Projects/ETLA/ETLA-Platform/frontend/src/app/work-requests/[id]/page-nextjs15-fixed.tsx'
    Imported via '@/components/ui/Card' from file 'C:/GIT_Repo/Projects/ETLA/ETLA-Platform/frontend/src/app/work-requests/[id]/page.tsx'
    Imported via '@/components/ui/card' from file 'C:/GIT_Repo/Projects/ETLA/ETLA-Platform/frontend/src/components/MFASetup.tsx'
    Imported via '@/components/ui/card' from file 'C:/GIT_Repo/Projects/ETLA/ETLA-Platform/frontend/src/components/MFAVerification.tsx'
    Imported via '@/components/ui/card' from file 'C:/GIT_Repo/Projects/ETLA/ETLA-Platform/frontend/src/components/PasswordResetModal.tsx'
    Imported via '@/components/ui/card' from file 'C:/GIT_Repo/Projects/ETLA/ETLA-Platform/frontend/src/components/UserCleanupModal.tsx'
    Imported via '@/components/ui/card' from file 'C:/GIT_Repo/Projects/ETLA/ETLA-Platform/frontend/src/components/UserCreationModal-supabase.tsx'
    Imported via '@/components/ui/card' from file 'C:/GIT_Repo/Projects/ETLA/ETLA-Platform/frontend/src/components/UserCreationModal.tsx'
    Imported via '@/components/ui/card' from file 'C:/GIT_Repo/Projects/ETLA/ETLA-Platform/frontend/src/components/UserEditModal.tsx'
    Imported via '@/components/ui/card' from file 'C:/GIT_Repo/Projects/ETLA/ETLA-Platform/frontend/src/components/UserInviteModal-supabase.tsx'
    Imported via '@/components/ui/card' from file 'C:/GIT_Repo/Projects/ETLA/ETLA-Platform/frontend/src/components/UserInviteModal.tsx'
    Imported via '@/components/ui/card' from file 'C:/GIT_Repo/Projects/ETLA/ETLA-Platform/frontend/src/components/UserSwitcher.tsx'
    Imported via '@/components/ui/card' from file 'C:/GIT_Repo/Projects/ETLA/ETLA-Platform/frontend/src/components/ats/CandidatesManagement.tsx'
    Imported via '@/components/ui/card' from file 'C:/GIT_Repo/Projects/ETLA/ETLA-Platform/frontend/src/components/ats/PipelineKanban.tsx'
    Imported via '@/components/ui/card' from file 'C:/GIT_Repo/Projects/ETLA/ETLA-Platform/frontend/src/components/questionnaires/QuestionnaireBuilder.tsx'
    Imported via '@/components/ui/card' from file 'C:/GIT_Repo/Projects/ETLA/ETLA-Platform/frontend/src/components/reporting/EmployeeDocuments.tsx'
    Imported via '@/components/ui/card' from file 'C:/GIT_Repo/Projects/ETLA/ETLA-Platform/frontend/src/components/reporting/EnhancedEmployeeDocuments.tsx'
    Imported via '@/components/ui/card' from file 'C:/GIT_Repo/Projects/ETLA/ETLA-Platform/frontend/src/components/reporting/EnhancedTaxRecords.tsx'
    Imported via '@/components/ui/card' from file 'C:/GIT_Repo/Projects/ETLA/ETLA-Platform/frontend/src/components/reporting/EnhancedTimecardGrid.tsx'
    Imported via '@/components/ui/card' from file 'C:/GIT_Repo/Projects/ETLA/ETLA-Platform/frontend/src/components/reporting/SimpleTimecardGrid.tsx'
    Imported via '@/components/ui/card' from file 'C:/GIT_Repo/Projects/ETLA/ETLA-Platform/frontend/src/components/reporting/TimecardGrid.tsx'
    Matched by include pattern '**/*.tsx' in 'C:/GIT_Repo/Projects/ETLA/ETLA-Platform/frontend/tsconfig.json'
src/app/work-requests/[id]/page-nextjs15-fixed.tsx(6,24): error TS1149: File name 'C:/GIT_Repo/Projects/ETLA/ETLA-Platform/frontend/src/components/ui/Button.tsx' differs from already included file name 'C:/GIT_Repo/Projects/ETLA/ETLA-Platform/frontend/src/components/ui/button.tsx' only in casing.
  The file is in the program because:
    Imported via "@/components/ui/button" from file 'C:/GIT_Repo/Projects/ETLA/ETLA-Platform/frontend/src/app/accept-invite/page.tsx'
    Imported via "@/components/ui/button" from file 'C:/GIT_Repo/Projects/ETLA/ETLA-Platform/frontend/src/components/RBACTestPanel.tsx'
    Imported via '@/components/ui/button' from file 'C:/GIT_Repo/Projects/ETLA/ETLA-Platform/frontend/src/app/admin/access-control/AccessControlClient.tsx'
    Imported via '@/components/ui/button' from file 'C:/GIT_Repo/Projects/ETLA/ETLA-Platform/frontend/src/components/rbac/RolesPermissionsTab.tsx'
    Imported via '@/components/ui/button' from file 'C:/GIT_Repo/Projects/ETLA/ETLA-Platform/frontend/src/components/layout/DashboardLayout.tsx'
    Imported via "@/components/ui/button" from file 'C:/GIT_Repo/Projects/ETLA/ETLA-Platform/frontend/src/app/admin/tenant-management/TenantManagementClient.tsx'
    Imported via '@/components/ui/button' from file 'C:/GIT_Repo/Projects/ETLA/ETLA-Platform/frontend/src/components/admin/TimecardRecalculationTool.tsx'
    Imported via '@/components/ui/button' from file 'C:/GIT_Repo/Projects/ETLA/ETLA-Platform/frontend/src/app/audit/page.tsx'
    Imported via '@/components/ui/button' from file 'C:/GIT_Repo/Projects/ETLA/ETLA-Platform/frontend/src/app/benefits/page.tsx'
    Imported via '@/components/ui/button' from file 'C:/GIT_Repo/Projects/ETLA/ETLA-Platform/frontend/src/app/client/dashboard/page.tsx'
    Imported via '@/components/ui/button' from file 'C:/GIT_Repo/Projects/ETLA/ETLA-Platform/frontend/src/app/employees/page.tsx'
    Imported via '@/components/ui/button' from file 'C:/GIT_Repo/Projects/ETLA/ETLA-Platform/frontend/src/app/hr-analytics/page.tsx'
    Imported via "@/components/ui/button" from file 'C:/GIT_Repo/Projects/ETLA/ETLA-Platform/frontend/src/app/job-details/page.tsx'
    Imported via '@/components/ui/button' from file 'C:/GIT_Repo/Projects/ETLA/ETLA-Platform/frontend/src/app/jobs/page.tsx'
    Imported via '@/components/ui/button' from file 'C:/GIT_Repo/Projects/ETLA/ETLA-Platform/frontend/src/app/jobs-enhanced/page.tsx'
    Imported via '@/components/ui/button' from file 'C:/GIT_Repo/Projects/ETLA/ETLA-Platform/frontend/src/app/login/page.tsx'
    Imported via '@/components/ui/button' from file 'C:/GIT_Repo/Projects/ETLA/ETLA-Platform/frontend/src/app/payroll/page.tsx'
    Imported via '@/components/ui/button' from file 'C:/GIT_Repo/Projects/ETLA/ETLA-Platform/frontend/src/app/profile/page.tsx'
    Imported via '@/components/ui/button' from file 'C:/GIT_Repo/Projects/ETLA/ETLA-Platform/frontend/src/app/project-management/page-auth-stable.tsx'
    Imported via '@/components/ui/button' from file 'C:/GIT_Repo/Projects/ETLA/ETLA-Platform/frontend/src/components/WorkRequestApprovalModal.tsx'
    Imported via '@/components/ui/button' from file 'C:/GIT_Repo/Projects/ETLA/ETLA-Platform/frontend/src/components/MissingCustomerModal.tsx'
    Imported via '@/components/ui/button' from file 'C:/GIT_Repo/Projects/ETLA/ETLA-Platform/frontend/src/app/project-management/page-cleaned.tsx'
    Imported via '@/components/ui/button' from file 'C:/GIT_Repo/Projects/ETLA/ETLA-Platform/frontend/src/app/project-management/page-complete-pmbok.tsx'
    Imported via '@/components/ui/button' from file 'C:/GIT_Repo/Projects/ETLA/ETLA-Platform/frontend/src/app/project-management/page-complete-working.tsx'
    Imported via '@/components/ui/button' from file 'C:/GIT_Repo/Projects/ETLA/ETLA-Platform/frontend/src/app/project-management/page-database-aligned.tsx'
    Imported via '@/components/ui/button' from file 'C:/GIT_Repo/Projects/ETLA/ETLA-Platform/frontend/src/app/project-management/page-enhanced-with-approval.tsx'
    Imported via '@/components/ui/button' from file 'C:/GIT_Repo/Projects/ETLA/ETLA-Platform/frontend/src/app/project-management/page-enhanced.tsx'
    Imported via '@/components/ui/button' from file 'C:/GIT_Repo/Projects/ETLA/ETLA-Platform/frontend/src/app/project-management/page-fixed-imports.tsx'
    Imported via '@/components/ui/button' from file 'C:/GIT_Repo/Projects/ETLA/ETLA-Platform/frontend/src/app/project-management/page-fixed.tsx'
    Imported via '@/components/ui/button' from file 'C:/GIT_Repo/Projects/ETLA/ETLA-Platform/frontend/src/app/project-management/page-full-pmbok.tsx'
    Imported via '@/components/ui/button' from file 'C:/GIT_Repo/Projects/ETLA/ETLA-Platform/frontend/src/app/project-management/page-minimal-fields.tsx'
    Imported via '@/components/ui/button' from file 'C:/GIT_Repo/Projects/ETLA/ETLA-Platform/frontend/src/app/project-management/page-query-fixed.tsx'
    Imported via '@/components/ui/button' from file 'C:/GIT_Repo/Projects/ETLA/ETLA-Platform/frontend/src/app/project-management/page-schema-compatible.tsx'
    Imported via '@/components/ui/button' from file 'C:/GIT_Repo/Projects/ETLA/ETLA-Platform/frontend/src/app/project-management/page-with-customer-fix.tsx'
    Imported via '@/components/ui/button' from file 'C:/GIT_Repo/Projects/ETLA/ETLA-Platform/frontend/src/app/project-management/page-with-views.tsx'
    Imported via '@/components/ui/Button' from file 'C:/GIT_Repo/Projects/ETLA/ETLA-Platform/frontend/src/app/project-management/projects/[id]/page.tsx'
    Imported via '@/components/ui/Button' from file 'C:/GIT_Repo/Projects/ETLA/ETLA-Platform/frontend/src/app/project-management/requests/[id]/page.tsx'
    Imported via '@/components/ui/button' from file 'C:/GIT_Repo/Projects/ETLA/ETLA-Platform/frontend/src/app/project-management/resources/page.tsx'
    Imported via '@/components/ui/button' from file 'C:/GIT_Repo/Projects/ETLA/ETLA-Platform/frontend/src/app/project-management/schedule/page.tsx'
    Imported via '@/components/ui/button' from file 'C:/GIT_Repo/Projects/ETLA/ETLA-Platform/frontend/src/app/projects/page.tsx'
    Imported via '@/components/ui/button' from file 'C:/GIT_Repo/Projects/ETLA/ETLA-Platform/frontend/src/app/questionnaires/page.tsx'
    Imported via '@/components/ui/button' from file 'C:/GIT_Repo/Projects/ETLA/ETLA-Platform/frontend/src/app/questionnaires/active/page.tsx'
    Imported via '@/components/ui/button' from file 'C:/GIT_Repo/Projects/ETLA/ETLA-Platform/frontend/src/app/questionnaires/analytics/page.tsx'
    Imported via '@/components/ui/Button' from file 'C:/GIT_Repo/Projects/ETLA/ETLA-Platform/frontend/src/app/questionnaires/analytics/[id]/page.tsx'
    Imported via '@/components/ui/button' from file 'C:/GIT_Repo/Projects/ETLA/ETLA-Platform/frontend/src/app/questionnaires/builder/page.tsx'
    Imported via '@/components/ui/Button' from file 'C:/GIT_Repo/Projects/ETLA/ETLA-Platform/frontend/src/app/questionnaires/respond/[id]/page.tsx'
    Imported via "@/components/ui/button" from file 'C:/GIT_Repo/Projects/ETLA/ETLA-Platform/frontend/src/app/reporting/ReportingClient.tsx'
    Imported via '@/components/ui/button' from file 'C:/GIT_Repo/Projects/ETLA/ETLA-Platform/frontend/src/app/reporting/page-enhanced-views.tsx'
    Imported via '@/components/ui/button' from file 'C:/GIT_Repo/Projects/ETLA/ETLA-Platform/frontend/src/components/dashboard/ComprehensiveDashboard.tsx'
    Imported via '@/components/ui/button' from file 'C:/GIT_Repo/Projects/ETLA/ETLA-Platform/frontend/src/app/reporting/page-enhanced.tsx'
    Imported via '@/components/ui/button' from file 'C:/GIT_Repo/Projects/ETLA/ETLA-Platform/frontend/src/app/reporting/page-sticky-header.tsx'
    Imported via '@/components/ui/button' from file 'C:/GIT_Repo/Projects/ETLA/ETLA-Platform/frontend/src/app/reporting/page-with-search-indicators.tsx'
    Imported via '@/components/ui/button' from file 'C:/GIT_Repo/Projects/ETLA/ETLA-Platform/frontend/src/components/reporting/EnhancedTaxRecordsWithLocalTax.tsx'
    Imported via '@/components/ui/button' from file 'C:/GIT_Repo/Projects/ETLA/ETLA-Platform/frontend/src/components/timecard/TimecardDailyReport.tsx'
    Imported via '@/components/ui/button' from file 'C:/GIT_Repo/Projects/ETLA/ETLA-Platform/frontend/src/components/timecard/CorrectionModal.tsx'
    Imported via '@/components/ui/button' from file 'C:/GIT_Repo/Projects/ETLA/ETLA-Platform/frontend/src/app/reset-password/page.tsx'
    Imported via '@/components/ui/button' from file 'C:/GIT_Repo/Projects/ETLA/ETLA-Platform/frontend/src/app/settings/page.tsx'
    Imported via '@/components/ui/button' from file 'C:/GIT_Repo/Projects/ETLA/ETLA-Platform/frontend/src/app/talent/page.tsx'
    Imported via '@/components/ui/button' from file 'C:/GIT_Repo/Projects/ETLA/ETLA-Platform/frontend/src/app/talent/candidates/page.tsx'
    Imported via '@/components/ui/button' from file 'C:/GIT_Repo/Projects/ETLA/ETLA-Platform/frontend/src/app/talent/interviews/page.tsx'
    Imported via '@/components/ui/button' from file 'C:/GIT_Repo/Projects/ETLA/ETLA-Platform/frontend/src/app/talent/jobs/page.tsx'
    Imported via '@/components/ui/button' from file 'C:/GIT_Repo/Projects/ETLA/ETLA-Platform/frontend/src/app/talent/offers/page.tsx'
    Imported via '@/components/ui/button' from file 'C:/GIT_Repo/Projects/ETLA/ETLA-Platform/frontend/src/app/talent/pipeline/page.tsx'
    Imported via '@/components/ui/button' from file 'C:/GIT_Repo/Projects/ETLA/ETLA-Platform/frontend/src/app/upload/page.tsx'
    Imported via '@/components/ui/button' from file 'C:/GIT_Repo/Projects/ETLA/ETLA-Platform/frontend/src/app/validation/page.tsx'
    Imported via '@/components/ui/button' from file 'C:/GIT_Repo/Projects/ETLA/ETLA-Platform/frontend/src/app/validation-rules/page.tsx'
    Imported via "@/components/ui/button" from file 'C:/GIT_Repo/Projects/ETLA/ETLA-Platform/frontend/src/app/work-requests/page-broken.tsx'
    Imported via '@/components/ui/button' from file 'C:/GIT_Repo/Projects/ETLA/ETLA-Platform/frontend/src/components/TenantSelector.tsx'
    Imported via '@/components/ui/button' from file 'C:/GIT_Repo/Projects/ETLA/ETLA-Platform/frontend/src/app/work-requests/page-cleaned.tsx'
    Imported via '@/components/ui/button' from file 'C:/GIT_Repo/Projects/ETLA/ETLA-Platform/frontend/src/app/work-requests/page-schema-fixed.tsx'
    Imported via '@/components/ui/button' from file 'C:/GIT_Repo/Projects/ETLA/ETLA-Platform/frontend/src/app/work-requests/page-with-modals.tsx'
    Imported via '@/components/ui/button' from file 'C:/GIT_Repo/Projects/ETLA/ETLA-Platform/frontend/src/app/work-requests/page.tsx'
    Imported via '@/components/ui/Button' from file 'C:/GIT_Repo/Projects/ETLA/ETLA-Platform/frontend/src/app/work-requests/[id]/page-fixed.tsx'
    Imported via '@/components/ui/Button' from file 'C:/GIT_Repo/Projects/ETLA/ETLA-Platform/frontend/src/app/work-requests/[id]/page-integrated.tsx'
    Imported via '@/components/ui/Button' from file 'C:/GIT_Repo/Projects/ETLA/ETLA-Platform/frontend/src/app/work-requests/[id]/page-nextjs15-fixed.tsx'
    Imported via '@/components/ui/Button' from file 'C:/GIT_Repo/Projects/ETLA/ETLA-Platform/frontend/src/app/work-requests/[id]/page.tsx'
    Imported via '@/components/ui/Button' from file 'C:/GIT_Repo/Projects/ETLA/ETLA-Platform/frontend/src/app/work-requests/[id]/edit/page.tsx'
    Imported via '@/components/ui/button' from file 'C:/GIT_Repo/Projects/ETLA/ETLA-Platform/frontend/src/app/work-requests/new/page.tsx'
    Imported via '@/components/ui/button' from file 'C:/GIT_Repo/Projects/ETLA/ETLA-Platform/frontend/src/components/MFASetup.tsx'
    Imported via '@/components/ui/button' from file 'C:/GIT_Repo/Projects/ETLA/ETLA-Platform/frontend/src/components/MFAVerification.tsx'
    Imported via '@/components/ui/button' from file 'C:/GIT_Repo/Projects/ETLA/ETLA-Platform/frontend/src/components/PasswordResetModal.tsx'
    Imported via '@/components/ui/button' from file 'C:/GIT_Repo/Projects/ETLA/ETLA-Platform/frontend/src/components/UserCleanupModal.tsx'
    Imported via '@/components/ui/button' from file 'C:/GIT_Repo/Projects/ETLA/ETLA-Platform/frontend/src/components/UserCreationModal-supabase.tsx'
    Imported via '@/components/ui/button' from file 'C:/GIT_Repo/Projects/ETLA/ETLA-Platform/frontend/src/components/UserCreationModal.tsx'
    Imported via '@/components/ui/button' from file 'C:/GIT_Repo/Projects/ETLA/ETLA-Platform/frontend/src/components/UserEditModal.tsx'
    Imported via '@/components/ui/button' from file 'C:/GIT_Repo/Projects/ETLA/ETLA-Platform/frontend/src/components/UserInviteModal-supabase.tsx'
    Imported via '@/components/ui/button' from file 'C:/GIT_Repo/Projects/ETLA/ETLA-Platform/frontend/src/components/UserInviteModal.tsx'
    Imported via '@/components/ui/button' from file 'C:/GIT_Repo/Projects/ETLA/ETLA-Platform/frontend/src/components/UserSwitcher.tsx'
    Imported via '@/components/ui/button' from file 'C:/GIT_Repo/Projects/ETLA/ETLA-Platform/frontend/src/components/ats/CandidatesManagement.tsx'
    Imported via '@/components/ui/button' from file 'C:/GIT_Repo/Projects/ETLA/ETLA-Platform/frontend/src/components/ats/PipelineKanban.tsx'
    Imported via '@/components/ui/button' from file 'C:/GIT_Repo/Projects/ETLA/ETLA-Platform/frontend/src/components/questionnaires/QuestionnaireBuilder.tsx'
    Imported via '@/components/ui/button' from file 'C:/GIT_Repo/Projects/ETLA/ETLA-Platform/frontend/src/components/reporting/EmployeeDocuments.tsx'
    Imported via '@/components/ui/button' from file 'C:/GIT_Repo/Projects/ETLA/ETLA-Platform/frontend/src/components/reporting/EnhancedEmployeeDocuments.tsx'
    Imported via '@/components/ui/button' from file 'C:/GIT_Repo/Projects/ETLA/ETLA-Platform/frontend/src/components/reporting/EnhancedTaxRecords.tsx'
    Imported via '@/components/ui/button' from file 'C:/GIT_Repo/Projects/ETLA/ETLA-Platform/frontend/src/components/reporting/EnhancedTimecardGrid.tsx'
    Imported via '@/components/ui/button' from file 'C:/GIT_Repo/Projects/ETLA/ETLA-Platform/frontend/src/components/reporting/SimpleTimecardGrid.tsx'
    Imported via '@/components/ui/button' from file 'C:/GIT_Repo/Projects/ETLA/ETLA-Platform/frontend/src/components/reporting/TimecardGrid.tsx'
    Matched by include pattern '**/*.tsx' in 'C:/GIT_Repo/Projects/ETLA/ETLA-Platform/frontend/tsconfig.json'
    Imported via '@/components/ui/button' from file 'C:/GIT_Repo/Projects/ETLA/ETLA-Platform/frontend/src/components/work-requests/WorkRequestForm.tsx'
src/app/work-requests/[id]/page-nextjs15-fixed.tsx(7,75): error TS1149: File name 'C:/GIT_Repo/Projects/ETLA/ETLA-Platform/frontend/src/components/ui/Card.tsx' differs from already included file name 'C:/GIT_Repo/Projects/ETLA/ETLA-Platform/frontend/src/components/ui/card.tsx' only in casing.
  The file is in the program because:
    Imported via "@/components/ui/card" from file 'C:/GIT_Repo/Projects/ETLA/ETLA-Platform/frontend/src/app/accept-invite/page.tsx'
    Imported via "@/components/ui/card" from file 'C:/GIT_Repo/Projects/ETLA/ETLA-Platform/frontend/src/components/RBACTestPanel.tsx'
    Imported via '@/components/ui/card' from file 'C:/GIT_Repo/Projects/ETLA/ETLA-Platform/frontend/src/app/admin/access-control/AccessControlClient.tsx'
    Imported via '@/components/ui/card' from file 'C:/GIT_Repo/Projects/ETLA/ETLA-Platform/frontend/src/components/rbac/RolesPermissionsTab.tsx'
    Imported via "@/components/ui/card" from file 'C:/GIT_Repo/Projects/ETLA/ETLA-Platform/frontend/src/app/admin/tenant-management/TenantManagementClient.tsx'
    Imported via '@/components/ui/card' from file 'C:/GIT_Repo/Projects/ETLA/ETLA-Platform/frontend/src/components/admin/TimecardRecalculationTool.tsx'
    Imported via '@/components/ui/card' from file 'C:/GIT_Repo/Projects/ETLA/ETLA-Platform/frontend/src/app/audit/page.tsx'
    Imported via '@/components/ui/card' from file 'C:/GIT_Repo/Projects/ETLA/ETLA-Platform/frontend/src/app/benefits/page.tsx'
    Imported via '@/components/ui/card' from file 'C:/GIT_Repo/Projects/ETLA/ETLA-Platform/frontend/src/app/employees/page.tsx'
    Imported via '@/components/ui/card' from file 'C:/GIT_Repo/Projects/ETLA/ETLA-Platform/frontend/src/app/hr-analytics/page.tsx'
    Imported via "@/components/ui/card" from file 'C:/GIT_Repo/Projects/ETLA/ETLA-Platform/frontend/src/app/job-details/page.tsx'
    Imported via '@/components/ui/card' from file 'C:/GIT_Repo/Projects/ETLA/ETLA-Platform/frontend/src/app/jobs/page.tsx'
    Imported via '@/components/ui/card' from file 'C:/GIT_Repo/Projects/ETLA/ETLA-Platform/frontend/src/app/jobs-enhanced/page.tsx'
    Imported via '@/components/ui/card' from file 'C:/GIT_Repo/Projects/ETLA/ETLA-Platform/frontend/src/app/login/page.tsx'
    Imported via '@/components/ui/card' from file 'C:/GIT_Repo/Projects/ETLA/ETLA-Platform/frontend/src/app/payroll/page.tsx'
    Imported via '@/components/ui/card' from file 'C:/GIT_Repo/Projects/ETLA/ETLA-Platform/frontend/src/app/profile/page.tsx'
    Imported via '@/components/ui/card' from file 'C:/GIT_Repo/Projects/ETLA/ETLA-Platform/frontend/src/app/project-management/page-auth-stable.tsx'
    Imported via '@/components/ui/card' from file 'C:/GIT_Repo/Projects/ETLA/ETLA-Platform/frontend/src/components/WorkRequestApprovalModal.tsx'
    Imported via '@/components/ui/card' from file 'C:/GIT_Repo/Projects/ETLA/ETLA-Platform/frontend/src/components/MissingCustomerModal.tsx'
    Imported via '@/components/ui/card' from file 'C:/GIT_Repo/Projects/ETLA/ETLA-Platform/frontend/src/app/project-management/page-cleaned.tsx'
    Imported via '@/components/ui/card' from file 'C:/GIT_Repo/Projects/ETLA/ETLA-Platform/frontend/src/app/project-management/page-complete-pmbok.tsx'
    Imported via '@/components/ui/card' from file 'C:/GIT_Repo/Projects/ETLA/ETLA-Platform/frontend/src/app/project-management/page-complete-working.tsx'
    Imported via '@/components/ui/card' from file 'C:/GIT_Repo/Projects/ETLA/ETLA-Platform/frontend/src/app/project-management/page-database-aligned.tsx'
    Imported via '@/components/ui/card' from file 'C:/GIT_Repo/Projects/ETLA/ETLA-Platform/frontend/src/app/project-management/page-enhanced-with-approval.tsx'
    Imported via '@/components/ui/card' from file 'C:/GIT_Repo/Projects/ETLA/ETLA-Platform/frontend/src/app/project-management/page-enhanced.tsx'
    Imported via '@/components/ui/card' from file 'C:/GIT_Repo/Projects/ETLA/ETLA-Platform/frontend/src/app/project-management/page-fixed-imports.tsx'
    Imported via '@/components/ui/card' from file 'C:/GIT_Repo/Projects/ETLA/ETLA-Platform/frontend/src/app/project-management/page-fixed.tsx'
    Imported via '@/components/ui/card' from file 'C:/GIT_Repo/Projects/ETLA/ETLA-Platform/frontend/src/app/project-management/page-full-pmbok.tsx'
    Imported via '@/components/ui/card' from file 'C:/GIT_Repo/Projects/ETLA/ETLA-Platform/frontend/src/app/project-management/page-minimal-fields.tsx'
    Imported via '@/components/ui/card' from file 'C:/GIT_Repo/Projects/ETLA/ETLA-Platform/frontend/src/app/project-management/page-query-fixed.tsx'
    Imported via '@/components/ui/card' from file 'C:/GIT_Repo/Projects/ETLA/ETLA-Platform/frontend/src/app/project-management/page-schema-compatible.tsx'
    Imported via '@/components/ui/card' from file 'C:/GIT_Repo/Projects/ETLA/ETLA-Platform/frontend/src/app/project-management/page-with-customer-fix.tsx'
    Imported via '@/components/ui/card' from file 'C:/GIT_Repo/Projects/ETLA/ETLA-Platform/frontend/src/app/project-management/page-with-views.tsx'
    Imported via '@/components/ui/card' from file 'C:/GIT_Repo/Projects/ETLA/ETLA-Platform/frontend/src/app/questionnaires/page.tsx'
    Imported via '@/components/ui/card' from file 'C:/GIT_Repo/Projects/ETLA/ETLA-Platform/frontend/src/app/questionnaires/active/page.tsx'
    Imported via '@/components/ui/card' from file 'C:/GIT_Repo/Projects/ETLA/ETLA-Platform/frontend/src/app/questionnaires/analytics/page.tsx'
    Imported via '@/components/ui/Card' from file 'C:/GIT_Repo/Projects/ETLA/ETLA-Platform/frontend/src/app/questionnaires/analytics/[id]/page.tsx'
    Imported via '@/components/ui/card' from file 'C:/GIT_Repo/Projects/ETLA/ETLA-Platform/frontend/src/app/questionnaires/builder/page.tsx'
    Imported via '@/components/ui/Card' from file 'C:/GIT_Repo/Projects/ETLA/ETLA-Platform/frontend/src/app/questionnaires/respond/[id]/page.tsx'
    Imported via "@/components/ui/card" from file 'C:/GIT_Repo/Projects/ETLA/ETLA-Platform/frontend/src/app/rbac-test/page.tsx'
    Imported via "@/components/ui/card" from file 'C:/GIT_Repo/Projects/ETLA/ETLA-Platform/frontend/src/app/reporting/ReportingClient.tsx'
    Imported via '@/components/ui/card' from file 'C:/GIT_Repo/Projects/ETLA/ETLA-Platform/frontend/src/app/reporting/page-enhanced-views.tsx'
    Imported via '@/components/ui/card' from file 'C:/GIT_Repo/Projects/ETLA/ETLA-Platform/frontend/src/components/dashboard/ComprehensiveDashboard.tsx'
    Imported via '@/components/ui/card' from file 'C:/GIT_Repo/Projects/ETLA/ETLA-Platform/frontend/src/app/reporting/page-enhanced.tsx'
    Imported via '@/components/ui/card' from file 'C:/GIT_Repo/Projects/ETLA/ETLA-Platform/frontend/src/app/reporting/page-sticky-header.tsx'
    Imported via '@/components/ui/card' from file 'C:/GIT_Repo/Projects/ETLA/ETLA-Platform/frontend/src/app/reporting/page-with-search-indicators.tsx'
    Imported via '@/components/ui/card' from file 'C:/GIT_Repo/Projects/ETLA/ETLA-Platform/frontend/src/components/reporting/EnhancedTaxRecordsWithLocalTax.tsx'
    Imported via '@/components/ui/card' from file 'C:/GIT_Repo/Projects/ETLA/ETLA-Platform/frontend/src/components/timecard/TimecardDailyReport.tsx'
    Imported via '@/components/ui/card' from file 'C:/GIT_Repo/Projects/ETLA/ETLA-Platform/frontend/src/components/timecard/CorrectionModal.tsx'
    Imported via '@/components/ui/card' from file 'C:/GIT_Repo/Projects/ETLA/ETLA-Platform/frontend/src/app/reset-password/page.tsx'
    Imported via '@/components/ui/card' from file 'C:/GIT_Repo/Projects/ETLA/ETLA-Platform/frontend/src/app/settings/page.tsx'
    Imported via '@/components/ui/card' from file 'C:/GIT_Repo/Projects/ETLA/ETLA-Platform/frontend/src/app/talent/page.tsx'
    Imported via '@/components/ui/card' from file 'C:/GIT_Repo/Projects/ETLA/ETLA-Platform/frontend/src/app/talent/candidates/page.tsx'
    Imported via '@/components/ui/card' from file 'C:/GIT_Repo/Projects/ETLA/ETLA-Platform/frontend/src/app/talent/interviews/page.tsx'
    Imported via '@/components/ui/card' from file 'C:/GIT_Repo/Projects/ETLA/ETLA-Platform/frontend/src/app/talent/jobs/page.tsx'
    Imported via '@/components/ui/card' from file 'C:/GIT_Repo/Projects/ETLA/ETLA-Platform/frontend/src/app/talent/offers/page.tsx'
    Imported via '@/components/ui/card' from file 'C:/GIT_Repo/Projects/ETLA/ETLA-Platform/frontend/src/app/talent/pipeline/page.tsx'
    Imported via '@/components/ui/card' from file 'C:/GIT_Repo/Projects/ETLA/ETLA-Platform/frontend/src/app/upload/page.tsx'
    Imported via '@/components/ui/card' from file 'C:/GIT_Repo/Projects/ETLA/ETLA-Platform/frontend/src/app/validation/page.tsx'
    Imported via '@/components/ui/card' from file 'C:/GIT_Repo/Projects/ETLA/ETLA-Platform/frontend/src/app/validation-rules/page.tsx'
    Imported via "@/components/ui/card" from file 'C:/GIT_Repo/Projects/ETLA/ETLA-Platform/frontend/src/app/work-requests/page-broken.tsx'
    Imported via '@/components/ui/card' from file 'C:/GIT_Repo/Projects/ETLA/ETLA-Platform/frontend/src/app/work-requests/page-cleaned.tsx'
    Imported via '@/components/ui/card' from file 'C:/GIT_Repo/Projects/ETLA/ETLA-Platform/frontend/src/app/work-requests/page-schema-fixed.tsx'
    Imported via '@/components/ui/card' from file 'C:/GIT_Repo/Projects/ETLA/ETLA-Platform/frontend/src/app/work-requests/page-with-modals.tsx'
    Imported via '@/components/ui/Card' from file 'C:/GIT_Repo/Projects/ETLA/ETLA-Platform/frontend/src/app/work-requests/[id]/page-fixed.tsx'
    Imported via '@/components/ui/Card' from file 'C:/GIT_Repo/Projects/ETLA/ETLA-Platform/frontend/src/app/work-requests/[id]/page-integrated.tsx'
    Imported via '@/components/ui/Card' from file 'C:/GIT_Repo/Projects/ETLA/ETLA-Platform/frontend/src/app/work-requests/[id]/page-nextjs15-fixed.tsx'
    Imported via '@/components/ui/Card' from file 'C:/GIT_Repo/Projects/ETLA/ETLA-Platform/frontend/src/app/work-requests/[id]/page.tsx'
    Imported via '@/components/ui/card' from file 'C:/GIT_Repo/Projects/ETLA/ETLA-Platform/frontend/src/components/MFASetup.tsx'
    Imported via '@/components/ui/card' from file 'C:/GIT_Repo/Projects/ETLA/ETLA-Platform/frontend/src/components/MFAVerification.tsx'
    Imported via '@/components/ui/card' from file 'C:/GIT_Repo/Projects/ETLA/ETLA-Platform/frontend/src/components/PasswordResetModal.tsx'
    Imported via '@/components/ui/card' from file 'C:/GIT_Repo/Projects/ETLA/ETLA-Platform/frontend/src/components/UserCleanupModal.tsx'
    Imported via '@/components/ui/card' from file 'C:/GIT_Repo/Projects/ETLA/ETLA-Platform/frontend/src/components/UserCreationModal-supabase.tsx'
    Imported via '@/components/ui/card' from file 'C:/GIT_Repo/Projects/ETLA/ETLA-Platform/frontend/src/components/UserCreationModal.tsx'
    Imported via '@/components/ui/card' from file 'C:/GIT_Repo/Projects/ETLA/ETLA-Platform/frontend/src/components/UserEditModal.tsx'
    Imported via '@/components/ui/card' from file 'C:/GIT_Repo/Projects/ETLA/ETLA-Platform/frontend/src/components/UserInviteModal-supabase.tsx'
    Imported via '@/components/ui/card' from file 'C:/GIT_Repo/Projects/ETLA/ETLA-Platform/frontend/src/components/UserInviteModal.tsx'
    Imported via '@/components/ui/card' from file 'C:/GIT_Repo/Projects/ETLA/ETLA-Platform/frontend/src/components/UserSwitcher.tsx'
    Imported via '@/components/ui/card' from file 'C:/GIT_Repo/Projects/ETLA/ETLA-Platform/frontend/src/components/ats/CandidatesManagement.tsx'
    Imported via '@/components/ui/card' from file 'C:/GIT_Repo/Projects/ETLA/ETLA-Platform/frontend/src/components/ats/PipelineKanban.tsx'
    Imported via '@/components/ui/card' from file 'C:/GIT_Repo/Projects/ETLA/ETLA-Platform/frontend/src/components/questionnaires/QuestionnaireBuilder.tsx'
    Imported via '@/components/ui/card' from file 'C:/GIT_Repo/Projects/ETLA/ETLA-Platform/frontend/src/components/reporting/EmployeeDocuments.tsx'
    Imported via '@/components/ui/card' from file 'C:/GIT_Repo/Projects/ETLA/ETLA-Platform/frontend/src/components/reporting/EnhancedEmployeeDocuments.tsx'
    Imported via '@/components/ui/card' from file 'C:/GIT_Repo/Projects/ETLA/ETLA-Platform/frontend/src/components/reporting/EnhancedTaxRecords.tsx'
    Imported via '@/components/ui/card' from file 'C:/GIT_Repo/Projects/ETLA/ETLA-Platform/frontend/src/components/reporting/EnhancedTimecardGrid.tsx'
    Imported via '@/components/ui/card' from file 'C:/GIT_Repo/Projects/ETLA/ETLA-Platform/frontend/src/components/reporting/SimpleTimecardGrid.tsx'
    Imported via '@/components/ui/card' from file 'C:/GIT_Repo/Projects/ETLA/ETLA-Platform/frontend/src/components/reporting/TimecardGrid.tsx'
    Matched by include pattern '**/*.tsx' in 'C:/GIT_Repo/Projects/ETLA/ETLA-Platform/frontend/tsconfig.json'
src/app/work-requests/[id]/page.tsx(6,24): error TS1149: File name 'C:/GIT_Repo/Projects/ETLA/ETLA-Platform/frontend/src/components/ui/Button.tsx' differs from already included file name 'C:/GIT_Repo/Projects/ETLA/ETLA-Platform/frontend/src/components/ui/button.tsx' only in casing.
  The file is in the program because:
    Imported via "@/components/ui/button" from file 'C:/GIT_Repo/Projects/ETLA/ETLA-Platform/frontend/src/app/accept-invite/page.tsx'
    Imported via "@/components/ui/button" from file 'C:/GIT_Repo/Projects/ETLA/ETLA-Platform/frontend/src/components/RBACTestPanel.tsx'
    Imported via '@/components/ui/button' from file 'C:/GIT_Repo/Projects/ETLA/ETLA-Platform/frontend/src/app/admin/access-control/AccessControlClient.tsx'
    Imported via '@/components/ui/button' from file 'C:/GIT_Repo/Projects/ETLA/ETLA-Platform/frontend/src/components/rbac/RolesPermissionsTab.tsx'
    Imported via '@/components/ui/button' from file 'C:/GIT_Repo/Projects/ETLA/ETLA-Platform/frontend/src/components/layout/DashboardLayout.tsx'
    Imported via "@/components/ui/button" from file 'C:/GIT_Repo/Projects/ETLA/ETLA-Platform/frontend/src/app/admin/tenant-management/TenantManagementClient.tsx'
    Imported via '@/components/ui/button' from file 'C:/GIT_Repo/Projects/ETLA/ETLA-Platform/frontend/src/components/admin/TimecardRecalculationTool.tsx'
    Imported via '@/components/ui/button' from file 'C:/GIT_Repo/Projects/ETLA/ETLA-Platform/frontend/src/app/audit/page.tsx'
    Imported via '@/components/ui/button' from file 'C:/GIT_Repo/Projects/ETLA/ETLA-Platform/frontend/src/app/benefits/page.tsx'
    Imported via '@/components/ui/button' from file 'C:/GIT_Repo/Projects/ETLA/ETLA-Platform/frontend/src/app/client/dashboard/page.tsx'
    Imported via '@/components/ui/button' from file 'C:/GIT_Repo/Projects/ETLA/ETLA-Platform/frontend/src/app/employees/page.tsx'
    Imported via '@/components/ui/button' from file 'C:/GIT_Repo/Projects/ETLA/ETLA-Platform/frontend/src/app/hr-analytics/page.tsx'
    Imported via "@/components/ui/button" from file 'C:/GIT_Repo/Projects/ETLA/ETLA-Platform/frontend/src/app/job-details/page.tsx'
    Imported via '@/components/ui/button' from file 'C:/GIT_Repo/Projects/ETLA/ETLA-Platform/frontend/src/app/jobs/page.tsx'
    Imported via '@/components/ui/button' from file 'C:/GIT_Repo/Projects/ETLA/ETLA-Platform/frontend/src/app/jobs-enhanced/page.tsx'
    Imported via '@/components/ui/button' from file 'C:/GIT_Repo/Projects/ETLA/ETLA-Platform/frontend/src/app/login/page.tsx'
    Imported via '@/components/ui/button' from file 'C:/GIT_Repo/Projects/ETLA/ETLA-Platform/frontend/src/app/payroll/page.tsx'
    Imported via '@/components/ui/button' from file 'C:/GIT_Repo/Projects/ETLA/ETLA-Platform/frontend/src/app/profile/page.tsx'
    Imported via '@/components/ui/button' from file 'C:/GIT_Repo/Projects/ETLA/ETLA-Platform/frontend/src/app/project-management/page-auth-stable.tsx'
    Imported via '@/components/ui/button' from file 'C:/GIT_Repo/Projects/ETLA/ETLA-Platform/frontend/src/components/WorkRequestApprovalModal.tsx'
    Imported via '@/components/ui/button' from file 'C:/GIT_Repo/Projects/ETLA/ETLA-Platform/frontend/src/components/MissingCustomerModal.tsx'
    Imported via '@/components/ui/button' from file 'C:/GIT_Repo/Projects/ETLA/ETLA-Platform/frontend/src/app/project-management/page-cleaned.tsx'
    Imported via '@/components/ui/button' from file 'C:/GIT_Repo/Projects/ETLA/ETLA-Platform/frontend/src/app/project-management/page-complete-pmbok.tsx'
    Imported via '@/components/ui/button' from file 'C:/GIT_Repo/Projects/ETLA/ETLA-Platform/frontend/src/app/project-management/page-complete-working.tsx'
    Imported via '@/components/ui/button' from file 'C:/GIT_Repo/Projects/ETLA/ETLA-Platform/frontend/src/app/project-management/page-database-aligned.tsx'
    Imported via '@/components/ui/button' from file 'C:/GIT_Repo/Projects/ETLA/ETLA-Platform/frontend/src/app/project-management/page-enhanced-with-approval.tsx'
    Imported via '@/components/ui/button' from file 'C:/GIT_Repo/Projects/ETLA/ETLA-Platform/frontend/src/app/project-management/page-enhanced.tsx'
    Imported via '@/components/ui/button' from file 'C:/GIT_Repo/Projects/ETLA/ETLA-Platform/frontend/src/app/project-management/page-fixed-imports.tsx'
    Imported via '@/components/ui/button' from file 'C:/GIT_Repo/Projects/ETLA/ETLA-Platform/frontend/src/app/project-management/page-fixed.tsx'
    Imported via '@/components/ui/button' from file 'C:/GIT_Repo/Projects/ETLA/ETLA-Platform/frontend/src/app/project-management/page-full-pmbok.tsx'
    Imported via '@/components/ui/button' from file 'C:/GIT_Repo/Projects/ETLA/ETLA-Platform/frontend/src/app/project-management/page-minimal-fields.tsx'
    Imported via '@/components/ui/button' from file 'C:/GIT_Repo/Projects/ETLA/ETLA-Platform/frontend/src/app/project-management/page-query-fixed.tsx'
    Imported via '@/components/ui/button' from file 'C:/GIT_Repo/Projects/ETLA/ETLA-Platform/frontend/src/app/project-management/page-schema-compatible.tsx'
    Imported via '@/components/ui/button' from file 'C:/GIT_Repo/Projects/ETLA/ETLA-Platform/frontend/src/app/project-management/page-with-customer-fix.tsx'
    Imported via '@/components/ui/button' from file 'C:/GIT_Repo/Projects/ETLA/ETLA-Platform/frontend/src/app/project-management/page-with-views.tsx'
    Imported via '@/components/ui/Button' from file 'C:/GIT_Repo/Projects/ETLA/ETLA-Platform/frontend/src/app/project-management/projects/[id]/page.tsx'
    Imported via '@/components/ui/Button' from file 'C:/GIT_Repo/Projects/ETLA/ETLA-Platform/frontend/src/app/project-management/requests/[id]/page.tsx'
    Imported via '@/components/ui/button' from file 'C:/GIT_Repo/Projects/ETLA/ETLA-Platform/frontend/src/app/project-management/resources/page.tsx'
    Imported via '@/components/ui/button' from file 'C:/GIT_Repo/Projects/ETLA/ETLA-Platform/frontend/src/app/project-management/schedule/page.tsx'
    Imported via '@/components/ui/button' from file 'C:/GIT_Repo/Projects/ETLA/ETLA-Platform/frontend/src/app/projects/page.tsx'
    Imported via '@/components/ui/button' from file 'C:/GIT_Repo/Projects/ETLA/ETLA-Platform/frontend/src/app/questionnaires/page.tsx'
    Imported via '@/components/ui/button' from file 'C:/GIT_Repo/Projects/ETLA/ETLA-Platform/frontend/src/app/questionnaires/active/page.tsx'
    Imported via '@/components/ui/button' from file 'C:/GIT_Repo/Projects/ETLA/ETLA-Platform/frontend/src/app/questionnaires/analytics/page.tsx'
    Imported via '@/components/ui/Button' from file 'C:/GIT_Repo/Projects/ETLA/ETLA-Platform/frontend/src/app/questionnaires/analytics/[id]/page.tsx'
    Imported via '@/components/ui/button' from file 'C:/GIT_Repo/Projects/ETLA/ETLA-Platform/frontend/src/app/questionnaires/builder/page.tsx'
    Imported via '@/components/ui/Button' from file 'C:/GIT_Repo/Projects/ETLA/ETLA-Platform/frontend/src/app/questionnaires/respond/[id]/page.tsx'
    Imported via "@/components/ui/button" from file 'C:/GIT_Repo/Projects/ETLA/ETLA-Platform/frontend/src/app/reporting/ReportingClient.tsx'
    Imported via '@/components/ui/button' from file 'C:/GIT_Repo/Projects/ETLA/ETLA-Platform/frontend/src/app/reporting/page-enhanced-views.tsx'
    Imported via '@/components/ui/button' from file 'C:/GIT_Repo/Projects/ETLA/ETLA-Platform/frontend/src/components/dashboard/ComprehensiveDashboard.tsx'
    Imported via '@/components/ui/button' from file 'C:/GIT_Repo/Projects/ETLA/ETLA-Platform/frontend/src/app/reporting/page-enhanced.tsx'
    Imported via '@/components/ui/button' from file 'C:/GIT_Repo/Projects/ETLA/ETLA-Platform/frontend/src/app/reporting/page-sticky-header.tsx'
    Imported via '@/components/ui/button' from file 'C:/GIT_Repo/Projects/ETLA/ETLA-Platform/frontend/src/app/reporting/page-with-search-indicators.tsx'
    Imported via '@/components/ui/button' from file 'C:/GIT_Repo/Projects/ETLA/ETLA-Platform/frontend/src/components/reporting/EnhancedTaxRecordsWithLocalTax.tsx'
    Imported via '@/components/ui/button' from file 'C:/GIT_Repo/Projects/ETLA/ETLA-Platform/frontend/src/components/timecard/TimecardDailyReport.tsx'
    Imported via '@/components/ui/button' from file 'C:/GIT_Repo/Projects/ETLA/ETLA-Platform/frontend/src/components/timecard/CorrectionModal.tsx'
    Imported via '@/components/ui/button' from file 'C:/GIT_Repo/Projects/ETLA/ETLA-Platform/frontend/src/app/reset-password/page.tsx'
    Imported via '@/components/ui/button' from file 'C:/GIT_Repo/Projects/ETLA/ETLA-Platform/frontend/src/app/settings/page.tsx'
    Imported via '@/components/ui/button' from file 'C:/GIT_Repo/Projects/ETLA/ETLA-Platform/frontend/src/app/talent/page.tsx'
    Imported via '@/components/ui/button' from file 'C:/GIT_Repo/Projects/ETLA/ETLA-Platform/frontend/src/app/talent/candidates/page.tsx'
    Imported via '@/components/ui/button' from file 'C:/GIT_Repo/Projects/ETLA/ETLA-Platform/frontend/src/app/talent/interviews/page.tsx'
    Imported via '@/components/ui/button' from file 'C:/GIT_Repo/Projects/ETLA/ETLA-Platform/frontend/src/app/talent/jobs/page.tsx'
    Imported via '@/components/ui/button' from file 'C:/GIT_Repo/Projects/ETLA/ETLA-Platform/frontend/src/app/talent/offers/page.tsx'
    Imported via '@/components/ui/button' from file 'C:/GIT_Repo/Projects/ETLA/ETLA-Platform/frontend/src/app/talent/pipeline/page.tsx'
    Imported via '@/components/ui/button' from file 'C:/GIT_Repo/Projects/ETLA/ETLA-Platform/frontend/src/app/upload/page.tsx'
    Imported via '@/components/ui/button' from file 'C:/GIT_Repo/Projects/ETLA/ETLA-Platform/frontend/src/app/validation/page.tsx'
    Imported via '@/components/ui/button' from file 'C:/GIT_Repo/Projects/ETLA/ETLA-Platform/frontend/src/app/validation-rules/page.tsx'
    Imported via "@/components/ui/button" from file 'C:/GIT_Repo/Projects/ETLA/ETLA-Platform/frontend/src/app/work-requests/page-broken.tsx'
    Imported via '@/components/ui/button' from file 'C:/GIT_Repo/Projects/ETLA/ETLA-Platform/frontend/src/components/TenantSelector.tsx'
    Imported via '@/components/ui/button' from file 'C:/GIT_Repo/Projects/ETLA/ETLA-Platform/frontend/src/app/work-requests/page-cleaned.tsx'
    Imported via '@/components/ui/button' from file 'C:/GIT_Repo/Projects/ETLA/ETLA-Platform/frontend/src/app/work-requests/page-schema-fixed.tsx'
    Imported via '@/components/ui/button' from file 'C:/GIT_Repo/Projects/ETLA/ETLA-Platform/frontend/src/app/work-requests/page-with-modals.tsx'
    Imported via '@/components/ui/button' from file 'C:/GIT_Repo/Projects/ETLA/ETLA-Platform/frontend/src/app/work-requests/page.tsx'
    Imported via '@/components/ui/Button' from file 'C:/GIT_Repo/Projects/ETLA/ETLA-Platform/frontend/src/app/work-requests/[id]/page-fixed.tsx'
    Imported via '@/components/ui/Button' from file 'C:/GIT_Repo/Projects/ETLA/ETLA-Platform/frontend/src/app/work-requests/[id]/page-integrated.tsx'
    Imported via '@/components/ui/Button' from file 'C:/GIT_Repo/Projects/ETLA/ETLA-Platform/frontend/src/app/work-requests/[id]/page-nextjs15-fixed.tsx'
    Imported via '@/components/ui/Button' from file 'C:/GIT_Repo/Projects/ETLA/ETLA-Platform/frontend/src/app/work-requests/[id]/page.tsx'
    Imported via '@/components/ui/Button' from file 'C:/GIT_Repo/Projects/ETLA/ETLA-Platform/frontend/src/app/work-requests/[id]/edit/page.tsx'
    Imported via '@/components/ui/button' from file 'C:/GIT_Repo/Projects/ETLA/ETLA-Platform/frontend/src/app/work-requests/new/page.tsx'
    Imported via '@/components/ui/button' from file 'C:/GIT_Repo/Projects/ETLA/ETLA-Platform/frontend/src/components/MFASetup.tsx'
    Imported via '@/components/ui/button' from file 'C:/GIT_Repo/Projects/ETLA/ETLA-Platform/frontend/src/components/MFAVerification.tsx'
    Imported via '@/components/ui/button' from file 'C:/GIT_Repo/Projects/ETLA/ETLA-Platform/frontend/src/components/PasswordResetModal.tsx'
    Imported via '@/components/ui/button' from file 'C:/GIT_Repo/Projects/ETLA/ETLA-Platform/frontend/src/components/UserCleanupModal.tsx'
    Imported via '@/components/ui/button' from file 'C:/GIT_Repo/Projects/ETLA/ETLA-Platform/frontend/src/components/UserCreationModal-supabase.tsx'
    Imported via '@/components/ui/button' from file 'C:/GIT_Repo/Projects/ETLA/ETLA-Platform/frontend/src/components/UserCreationModal.tsx'
    Imported via '@/components/ui/button' from file 'C:/GIT_Repo/Projects/ETLA/ETLA-Platform/frontend/src/components/UserEditModal.tsx'
    Imported via '@/components/ui/button' from file 'C:/GIT_Repo/Projects/ETLA/ETLA-Platform/frontend/src/components/UserInviteModal-supabase.tsx'
    Imported via '@/components/ui/button' from file 'C:/GIT_Repo/Projects/ETLA/ETLA-Platform/frontend/src/components/UserInviteModal.tsx'
    Imported via '@/components/ui/button' from file 'C:/GIT_Repo/Projects/ETLA/ETLA-Platform/frontend/src/components/UserSwitcher.tsx'
    Imported via '@/components/ui/button' from file 'C:/GIT_Repo/Projects/ETLA/ETLA-Platform/frontend/src/components/ats/CandidatesManagement.tsx'
    Imported via '@/components/ui/button' from file 'C:/GIT_Repo/Projects/ETLA/ETLA-Platform/frontend/src/components/ats/PipelineKanban.tsx'
    Imported via '@/components/ui/button' from file 'C:/GIT_Repo/Projects/ETLA/ETLA-Platform/frontend/src/components/questionnaires/QuestionnaireBuilder.tsx'
    Imported via '@/components/ui/button' from file 'C:/GIT_Repo/Projects/ETLA/ETLA-Platform/frontend/src/components/reporting/EmployeeDocuments.tsx'
    Imported via '@/components/ui/button' from file 'C:/GIT_Repo/Projects/ETLA/ETLA-Platform/frontend/src/components/reporting/EnhancedEmployeeDocuments.tsx'
    Imported via '@/components/ui/button' from file 'C:/GIT_Repo/Projects/ETLA/ETLA-Platform/frontend/src/components/reporting/EnhancedTaxRecords.tsx'
    Imported via '@/components/ui/button' from file 'C:/GIT_Repo/Projects/ETLA/ETLA-Platform/frontend/src/components/reporting/EnhancedTimecardGrid.tsx'
    Imported via '@/components/ui/button' from file 'C:/GIT_Repo/Projects/ETLA/ETLA-Platform/frontend/src/components/reporting/SimpleTimecardGrid.tsx'
    Imported via '@/components/ui/button' from file 'C:/GIT_Repo/Projects/ETLA/ETLA-Platform/frontend/src/components/reporting/TimecardGrid.tsx'
    Matched by include pattern '**/*.tsx' in 'C:/GIT_Repo/Projects/ETLA/ETLA-Platform/frontend/tsconfig.json'
    Imported via '@/components/ui/button' from file 'C:/GIT_Repo/Projects/ETLA/ETLA-Platform/frontend/src/components/work-requests/WorkRequestForm.tsx'
src/app/work-requests/[id]/page.tsx(7,75): error TS1149: File name 'C:/GIT_Repo/Projects/ETLA/ETLA-Platform/frontend/src/components/ui/Card.tsx' differs from already included file name 'C:/GIT_Repo/Projects/ETLA/ETLA-Platform/frontend/src/components/ui/card.tsx' only in casing.
  The file is in the program because:
    Imported via "@/components/ui/card" from file 'C:/GIT_Repo/Projects/ETLA/ETLA-Platform/frontend/src/app/accept-invite/page.tsx'
    Imported via "@/components/ui/card" from file 'C:/GIT_Repo/Projects/ETLA/ETLA-Platform/frontend/src/components/RBACTestPanel.tsx'
    Imported via '@/components/ui/card' from file 'C:/GIT_Repo/Projects/ETLA/ETLA-Platform/frontend/src/app/admin/access-control/AccessControlClient.tsx'
    Imported via '@/components/ui/card' from file 'C:/GIT_Repo/Projects/ETLA/ETLA-Platform/frontend/src/components/rbac/RolesPermissionsTab.tsx'
    Imported via "@/components/ui/card" from file 'C:/GIT_Repo/Projects/ETLA/ETLA-Platform/frontend/src/app/admin/tenant-management/TenantManagementClient.tsx'
    Imported via '@/components/ui/card' from file 'C:/GIT_Repo/Projects/ETLA/ETLA-Platform/frontend/src/components/admin/TimecardRecalculationTool.tsx'
    Imported via '@/components/ui/card' from file 'C:/GIT_Repo/Projects/ETLA/ETLA-Platform/frontend/src/app/audit/page.tsx'
    Imported via '@/components/ui/card' from file 'C:/GIT_Repo/Projects/ETLA/ETLA-Platform/frontend/src/app/benefits/page.tsx'
    Imported via '@/components/ui/card' from file 'C:/GIT_Repo/Projects/ETLA/ETLA-Platform/frontend/src/app/employees/page.tsx'
    Imported via '@/components/ui/card' from file 'C:/GIT_Repo/Projects/ETLA/ETLA-Platform/frontend/src/app/hr-analytics/page.tsx'
    Imported via "@/components/ui/card" from file 'C:/GIT_Repo/Projects/ETLA/ETLA-Platform/frontend/src/app/job-details/page.tsx'
    Imported via '@/components/ui/card' from file 'C:/GIT_Repo/Projects/ETLA/ETLA-Platform/frontend/src/app/jobs/page.tsx'
    Imported via '@/components/ui/card' from file 'C:/GIT_Repo/Projects/ETLA/ETLA-Platform/frontend/src/app/jobs-enhanced/page.tsx'
    Imported via '@/components/ui/card' from file 'C:/GIT_Repo/Projects/ETLA/ETLA-Platform/frontend/src/app/login/page.tsx'
    Imported via '@/components/ui/card' from file 'C:/GIT_Repo/Projects/ETLA/ETLA-Platform/frontend/src/app/payroll/page.tsx'
    Imported via '@/components/ui/card' from file 'C:/GIT_Repo/Projects/ETLA/ETLA-Platform/frontend/src/app/profile/page.tsx'
    Imported via '@/components/ui/card' from file 'C:/GIT_Repo/Projects/ETLA/ETLA-Platform/frontend/src/app/project-management/page-auth-stable.tsx'
    Imported via '@/components/ui/card' from file 'C:/GIT_Repo/Projects/ETLA/ETLA-Platform/frontend/src/components/WorkRequestApprovalModal.tsx'
    Imported via '@/components/ui/card' from file 'C:/GIT_Repo/Projects/ETLA/ETLA-Platform/frontend/src/components/MissingCustomerModal.tsx'
    Imported via '@/components/ui/card' from file 'C:/GIT_Repo/Projects/ETLA/ETLA-Platform/frontend/src/app/project-management/page-cleaned.tsx'
    Imported via '@/components/ui/card' from file 'C:/GIT_Repo/Projects/ETLA/ETLA-Platform/frontend/src/app/project-management/page-complete-pmbok.tsx'
    Imported via '@/components/ui/card' from file 'C:/GIT_Repo/Projects/ETLA/ETLA-Platform/frontend/src/app/project-management/page-complete-working.tsx'
    Imported via '@/components/ui/card' from file 'C:/GIT_Repo/Projects/ETLA/ETLA-Platform/frontend/src/app/project-management/page-database-aligned.tsx'
    Imported via '@/components/ui/card' from file 'C:/GIT_Repo/Projects/ETLA/ETLA-Platform/frontend/src/app/project-management/page-enhanced-with-approval.tsx'
    Imported via '@/components/ui/card' from file 'C:/GIT_Repo/Projects/ETLA/ETLA-Platform/frontend/src/app/project-management/page-enhanced.tsx'
    Imported via '@/components/ui/card' from file 'C:/GIT_Repo/Projects/ETLA/ETLA-Platform/frontend/src/app/project-management/page-fixed-imports.tsx'
    Imported via '@/components/ui/card' from file 'C:/GIT_Repo/Projects/ETLA/ETLA-Platform/frontend/src/app/project-management/page-fixed.tsx'
    Imported via '@/components/ui/card' from file 'C:/GIT_Repo/Projects/ETLA/ETLA-Platform/frontend/src/app/project-management/page-full-pmbok.tsx'
    Imported via '@/components/ui/card' from file 'C:/GIT_Repo/Projects/ETLA/ETLA-Platform/frontend/src/app/project-management/page-minimal-fields.tsx'
    Imported via '@/components/ui/card' from file 'C:/GIT_Repo/Projects/ETLA/ETLA-Platform/frontend/src/app/project-management/page-query-fixed.tsx'
    Imported via '@/components/ui/card' from file 'C:/GIT_Repo/Projects/ETLA/ETLA-Platform/frontend/src/app/project-management/page-schema-compatible.tsx'
    Imported via '@/components/ui/card' from file 'C:/GIT_Repo/Projects/ETLA/ETLA-Platform/frontend/src/app/project-management/page-with-customer-fix.tsx'
    Imported via '@/components/ui/card' from file 'C:/GIT_Repo/Projects/ETLA/ETLA-Platform/frontend/src/app/project-management/page-with-views.tsx'
    Imported via '@/components/ui/card' from file 'C:/GIT_Repo/Projects/ETLA/ETLA-Platform/frontend/src/app/questionnaires/page.tsx'
    Imported via '@/components/ui/card' from file 'C:/GIT_Repo/Projects/ETLA/ETLA-Platform/frontend/src/app/questionnaires/active/page.tsx'
    Imported via '@/components/ui/card' from file 'C:/GIT_Repo/Projects/ETLA/ETLA-Platform/frontend/src/app/questionnaires/analytics/page.tsx'
    Imported via '@/components/ui/Card' from file 'C:/GIT_Repo/Projects/ETLA/ETLA-Platform/frontend/src/app/questionnaires/analytics/[id]/page.tsx'
    Imported via '@/components/ui/card' from file 'C:/GIT_Repo/Projects/ETLA/ETLA-Platform/frontend/src/app/questionnaires/builder/page.tsx'
    Imported via '@/components/ui/Card' from file 'C:/GIT_Repo/Projects/ETLA/ETLA-Platform/frontend/src/app/questionnaires/respond/[id]/page.tsx'
    Imported via "@/components/ui/card" from file 'C:/GIT_Repo/Projects/ETLA/ETLA-Platform/frontend/src/app/rbac-test/page.tsx'
    Imported via "@/components/ui/card" from file 'C:/GIT_Repo/Projects/ETLA/ETLA-Platform/frontend/src/app/reporting/ReportingClient.tsx'
    Imported via '@/components/ui/card' from file 'C:/GIT_Repo/Projects/ETLA/ETLA-Platform/frontend/src/app/reporting/page-enhanced-views.tsx'
    Imported via '@/components/ui/card' from file 'C:/GIT_Repo/Projects/ETLA/ETLA-Platform/frontend/src/components/dashboard/ComprehensiveDashboard.tsx'
    Imported via '@/components/ui/card' from file 'C:/GIT_Repo/Projects/ETLA/ETLA-Platform/frontend/src/app/reporting/page-enhanced.tsx'
    Imported via '@/components/ui/card' from file 'C:/GIT_Repo/Projects/ETLA/ETLA-Platform/frontend/src/app/reporting/page-sticky-header.tsx'
    Imported via '@/components/ui/card' from file 'C:/GIT_Repo/Projects/ETLA/ETLA-Platform/frontend/src/app/reporting/page-with-search-indicators.tsx'
    Imported via '@/components/ui/card' from file 'C:/GIT_Repo/Projects/ETLA/ETLA-Platform/frontend/src/components/reporting/EnhancedTaxRecordsWithLocalTax.tsx'
    Imported via '@/components/ui/card' from file 'C:/GIT_Repo/Projects/ETLA/ETLA-Platform/frontend/src/components/timecard/TimecardDailyReport.tsx'
    Imported via '@/components/ui/card' from file 'C:/GIT_Repo/Projects/ETLA/ETLA-Platform/frontend/src/components/timecard/CorrectionModal.tsx'
    Imported via '@/components/ui/card' from file 'C:/GIT_Repo/Projects/ETLA/ETLA-Platform/frontend/src/app/reset-password/page.tsx'
    Imported via '@/components/ui/card' from file 'C:/GIT_Repo/Projects/ETLA/ETLA-Platform/frontend/src/app/settings/page.tsx'
    Imported via '@/components/ui/card' from file 'C:/GIT_Repo/Projects/ETLA/ETLA-Platform/frontend/src/app/talent/page.tsx'
    Imported via '@/components/ui/card' from file 'C:/GIT_Repo/Projects/ETLA/ETLA-Platform/frontend/src/app/talent/candidates/page.tsx'
    Imported via '@/components/ui/card' from file 'C:/GIT_Repo/Projects/ETLA/ETLA-Platform/frontend/src/app/talent/interviews/page.tsx'
    Imported via '@/components/ui/card' from file 'C:/GIT_Repo/Projects/ETLA/ETLA-Platform/frontend/src/app/talent/jobs/page.tsx'
    Imported via '@/components/ui/card' from file 'C:/GIT_Repo/Projects/ETLA/ETLA-Platform/frontend/src/app/talent/offers/page.tsx'
    Imported via '@/components/ui/card' from file 'C:/GIT_Repo/Projects/ETLA/ETLA-Platform/frontend/src/app/talent/pipeline/page.tsx'
    Imported via '@/components/ui/card' from file 'C:/GIT_Repo/Projects/ETLA/ETLA-Platform/frontend/src/app/upload/page.tsx'
    Imported via '@/components/ui/card' from file 'C:/GIT_Repo/Projects/ETLA/ETLA-Platform/frontend/src/app/validation/page.tsx'
    Imported via '@/components/ui/card' from file 'C:/GIT_Repo/Projects/ETLA/ETLA-Platform/frontend/src/app/validation-rules/page.tsx'
    Imported via "@/components/ui/card" from file 'C:/GIT_Repo/Projects/ETLA/ETLA-Platform/frontend/src/app/work-requests/page-broken.tsx'
    Imported via '@/components/ui/card' from file 'C:/GIT_Repo/Projects/ETLA/ETLA-Platform/frontend/src/app/work-requests/page-cleaned.tsx'
    Imported via '@/components/ui/card' from file 'C:/GIT_Repo/Projects/ETLA/ETLA-Platform/frontend/src/app/work-requests/page-schema-fixed.tsx'
    Imported via '@/components/ui/card' from file 'C:/GIT_Repo/Projects/ETLA/ETLA-Platform/frontend/src/app/work-requests/page-with-modals.tsx'
    Imported via '@/components/ui/Card' from file 'C:/GIT_Repo/Projects/ETLA/ETLA-Platform/frontend/src/app/work-requests/[id]/page-fixed.tsx'
    Imported via '@/components/ui/Card' from file 'C:/GIT_Repo/Projects/ETLA/ETLA-Platform/frontend/src/app/work-requests/[id]/page-integrated.tsx'
    Imported via '@/components/ui/Card' from file 'C:/GIT_Repo/Projects/ETLA/ETLA-Platform/frontend/src/app/work-requests/[id]/page-nextjs15-fixed.tsx'
    Imported via '@/components/ui/Card' from file 'C:/GIT_Repo/Projects/ETLA/ETLA-Platform/frontend/src/app/work-requests/[id]/page.tsx'
    Imported via '@/components/ui/card' from file 'C:/GIT_Repo/Projects/ETLA/ETLA-Platform/frontend/src/components/MFASetup.tsx'
    Imported via '@/components/ui/card' from file 'C:/GIT_Repo/Projects/ETLA/ETLA-Platform/frontend/src/components/MFAVerification.tsx'
    Imported via '@/components/ui/card' from file 'C:/GIT_Repo/Projects/ETLA/ETLA-Platform/frontend/src/components/PasswordResetModal.tsx'
    Imported via '@/components/ui/card' from file 'C:/GIT_Repo/Projects/ETLA/ETLA-Platform/frontend/src/components/UserCleanupModal.tsx'
    Imported via '@/components/ui/card' from file 'C:/GIT_Repo/Projects/ETLA/ETLA-Platform/frontend/src/components/UserCreationModal-supabase.tsx'
    Imported via '@/components/ui/card' from file 'C:/GIT_Repo/Projects/ETLA/ETLA-Platform/frontend/src/components/UserCreationModal.tsx'
    Imported via '@/components/ui/card' from file 'C:/GIT_Repo/Projects/ETLA/ETLA-Platform/frontend/src/components/UserEditModal.tsx'
    Imported via '@/components/ui/card' from file 'C:/GIT_Repo/Projects/ETLA/ETLA-Platform/frontend/src/components/UserInviteModal-supabase.tsx'
    Imported via '@/components/ui/card' from file 'C:/GIT_Repo/Projects/ETLA/ETLA-Platform/frontend/src/components/UserInviteModal.tsx'
    Imported via '@/components/ui/card' from file 'C:/GIT_Repo/Projects/ETLA/ETLA-Platform/frontend/src/components/UserSwitcher.tsx'
    Imported via '@/components/ui/card' from file 'C:/GIT_Repo/Projects/ETLA/ETLA-Platform/frontend/src/components/ats/CandidatesManagement.tsx'
    Imported via '@/components/ui/card' from file 'C:/GIT_Repo/Projects/ETLA/ETLA-Platform/frontend/src/components/ats/PipelineKanban.tsx'
    Imported via '@/components/ui/card' from file 'C:/GIT_Repo/Projects/ETLA/ETLA-Platform/frontend/src/components/questionnaires/QuestionnaireBuilder.tsx'
    Imported via '@/components/ui/card' from file 'C:/GIT_Repo/Projects/ETLA/ETLA-Platform/frontend/src/components/reporting/EmployeeDocuments.tsx'
    Imported via '@/components/ui/card' from file 'C:/GIT_Repo/Projects/ETLA/ETLA-Platform/frontend/src/components/reporting/EnhancedEmployeeDocuments.tsx'
    Imported via '@/components/ui/card' from file 'C:/GIT_Repo/Projects/ETLA/ETLA-Platform/frontend/src/components/reporting/EnhancedTaxRecords.tsx'
    Imported via '@/components/ui/card' from file 'C:/GIT_Repo/Projects/ETLA/ETLA-Platform/frontend/src/components/reporting/EnhancedTimecardGrid.tsx'
    Imported via '@/components/ui/card' from file 'C:/GIT_Repo/Projects/ETLA/ETLA-Platform/frontend/src/components/reporting/SimpleTimecardGrid.tsx'
    Imported via '@/components/ui/card' from file 'C:/GIT_Repo/Projects/ETLA/ETLA-Platform/frontend/src/components/reporting/TimecardGrid.tsx'
    Matched by include pattern '**/*.tsx' in 'C:/GIT_Repo/Projects/ETLA/ETLA-Platform/frontend/tsconfig.json'
src/app/work-requests/page-broken.tsx(36,21): error TS2614: Module '"@/contexts/TenantContext"' has no exported member 'useCurrentTenantId'. Did you mean to use 'import useCurrentTenantId from "@/contexts/TenantContext"' instead?
src/app/work-requests/page-broken.tsx(400,17): error TS2339: Property 'tenantUser' does not exist on type 'AuthContextType'.
src/app/work-requests/page-cleaned.tsx(10,10): error TS2305: Module '"@/lib/supabase"' has no exported member 'supabase'.
src/app/work-requests/page-cleaned.tsx(96,26): error TS2339: Property 'id' does not exist on type 'string'.
src/app/work-requests/page-cleaned.tsx(106,71): error TS2339: Property 'id' does not exist on type 'string'.
src/app/work-requests/page-cleaned.tsx(106,90): error TS2339: Property 'name' does not exist on type 'string'.
src/app/work-requests/page-cleaned.tsx(112,41): error TS2339: Property 'id' does not exist on type 'string'.
src/app/work-requests/page-cleaned.tsx(150,26): error TS2339: Property 'id' does not exist on type 'string'.
src/app/work-requests/page-cleaned.tsx(155,35): error TS2339: Property 'id' does not exist on type 'string'.
src/app/work-requests/page-cleaned.tsx(260,23): error TS2339: Property 'id' does not exist on type 'string'.
src/app/work-requests/page-cleaned.tsx(458,83): error TS2339: Property 'name' does not exist on type 'string'.
src/app/work-requests/page-schema-fixed.tsx(10,10): error TS2305: Module '"@/lib/supabase"' has no exported member 'supabase'.
src/app/work-requests/page-schema-fixed.tsx(338,26): error TS2339: Property 'id' does not exist on type 'string'.
src/app/work-requests/page-schema-fixed.tsx(348,71): error TS2339: Property 'id' does not exist on type 'string'.
src/app/work-requests/page-schema-fixed.tsx(348,90): error TS2339: Property 'name' does not exist on type 'string'.
src/app/work-requests/page-schema-fixed.tsx(354,41): error TS2339: Property 'id' does not exist on type 'string'.
src/app/work-requests/page-schema-fixed.tsx(392,26): error TS2339: Property 'id' does not exist on type 'string'.
src/app/work-requests/page-schema-fixed.tsx(409,35): error TS2339: Property 'id' does not exist on type 'string'.
src/app/work-requests/page-schema-fixed.tsx(410,37): error TS2339: Property 'id' does not exist on type 'string'.
src/app/work-requests/page-schema-fixed.tsx(532,23): error TS2339: Property 'id' does not exist on type 'string'.
src/app/work-requests/page-schema-fixed.tsx(739,83): error TS2339: Property 'name' does not exist on type 'string'.
src/app/work-requests/page-with-modals.tsx(10,10): error TS2305: Module '"@/lib/supabase"' has no exported member 'supabase'.
src/app/work-requests/page-with-modals.tsx(324,26): error TS2339: Property 'id' does not exist on type 'string'.
src/app/work-requests/page-with-modals.tsx(334,71): error TS2339: Property 'id' does not exist on type 'string'.
src/app/work-requests/page-with-modals.tsx(334,90): error TS2339: Property 'name' does not exist on type 'string'.
src/app/work-requests/page-with-modals.tsx(340,41): error TS2339: Property 'id' does not exist on type 'string'.
src/app/work-requests/page-with-modals.tsx(378,26): error TS2339: Property 'id' does not exist on type 'string'.
src/app/work-requests/page-with-modals.tsx(386,35): error TS2339: Property 'id' does not exist on type 'string'.
src/app/work-requests/page-with-modals.tsx(387,37): error TS2339: Property 'id' does not exist on type 'string'.
src/app/work-requests/page-with-modals.tsx(498,23): error TS2339: Property 'id' does not exist on type 'string'.
src/app/work-requests/page-with-modals.tsx(696,83): error TS2339: Property 'name' does not exist on type 'string'.
src/components/admin/TimecardRecalculationTool.tsx(72,39): error TS2339: Property 'id' does not exist on type 'string'.
src/components/auth/RoleGuard.tsx(12,11): error TS2339: Property 'hasRole' does not exist on type '{ hasPermission: (feature: Feature, permission: Permission) => boolean; checkPermission: (arg1: string | undefined, arg2?: any) => boolean; checkAnyPermission: (feature: Feature, permissions: Permission[]) => boolean; ... 29 more ...; ROLES: { ...; }; }'.
src/components/dashboard/ComprehensiveDashboard.tsx(9,10): error TS2305: Module '"@/lib/supabase"' has no exported member 'supabase'.
src/components/dashboard/ComprehensiveDashboard.tsx(89,5): error TS2339: Property 'availableTenants' does not exist on type 'TenantContextType'.
src/components/dashboard/ComprehensiveDashboard.tsx(90,5): error TS2339: Property 'isMultiTenant' does not exist on type 'TenantContextType'.
src/components/dashboard/ComprehensiveDashboard.tsx(91,5): error TS2339: Property 'isDemoMode' does not exist on type 'TenantContextType'.
src/components/dashboard/ComprehensiveDashboard.tsx(92,5): error TS2339: Property 'Loading' does not exist on type 'TenantContextType'.
src/components/dashboard/ComprehensiveDashboard.tsx(99,32): error TS2304: Cannot find name 'useCallback'.
src/components/dashboard/ComprehensiveDashboard.tsx(109,40): error TS7006: Parameter 't' implicitly has an 'any' type.
src/components/dashboard/ComprehensiveDashboard.tsx(111,35): error TS2339: Property 'id' does not exist on type 'string'.
src/components/layout/DashboardLayout.tsx(72,18): error TS2304: Cannot find name 'useRouter'.
src/components/layout/DashboardLayout.tsx(73,20): error TS2304: Cannot find name 'usePathname'.
src/components/layout/DashboardLayout.tsx(76,27): error TS2304: Cannot find name 'NavigationGroup'.
src/components/layout/DashboardLayout.tsx(339,36): error TS2304: Cannot find name 'toggleGroupExpansion'.
src/components/layout/DashboardLayout.tsx(352,41): error TS7006: Parameter 'item' implicitly has an 'any' type.
src/components/MFASetup.tsx(7,10): error TS2305: Module '"@/lib/supabase"' has no exported member 'supabase'.
src/components/MFAVerification.tsx(7,10): error TS2305: Module '"@/lib/supabase"' has no exported member 'supabase'.
src/components/RBACTestPanel.tsx(25,17): error TS2339: Property 'currentUserRole' does not exist on type 'AuthContextType'.
src/components/RBACTestPanel.tsx(25,40): error TS2339: Property 'currentTenantId' does not exist on type 'AuthContextType'.
src/components/RBACTestPanel.tsx(43,25): error TS2304: Cannot find name 'DEFAULT_ROLE_PERMISSIONS'.
src/components/RBACTestPanel.tsx(43,71): error TS2304: Cannot find name 'DEFAULT_ROLE_PERMISSIONS'.
src/components/RBACTestPanel.tsx(44,10): error TS7006: Parameter 'p' implicitly has an 'any' type.
src/components/RBACTestPanel.tsx(230,49): error TS2339: Property 'TENANT_UPDATE' does not exist on type '{ readonly JOB_MANAGE: "edit"; readonly CANDIDATE_READ: "view"; readonly INTERVIEW_MANAGE: "edit"; readonly OFFER_MANAGE: "edit"; readonly DATA_PROCESS: "process"; readonly DATA_ANALYZE: "analyze"; ... 35 more ...; readonly ANALYZE: "analyze"; }'.
src/components/RBACTestPanel.tsx(235,48): error TS2339: Property 'TENANT_UPDATE' does not exist on type '{ readonly JOB_MANAGE: "edit"; readonly CANDIDATE_READ: "view"; readonly INTERVIEW_MANAGE: "edit"; readonly OFFER_MANAGE: "edit"; readonly DATA_PROCESS: "process"; readonly DATA_ANALYZE: "analyze"; ... 35 more ...; readonly ANALYZE: "analyze"; }'.
src/components/reporting/EmployeeDocuments.tsx(13,10): error TS2305: Module '"@/lib/supabase"' has no exported member 'supabase'.
src/components/reporting/EmployeeDocuments.tsx(117,47): error TS2448: Block-scoped variable 'loadDocuments' used before its declaration.
src/components/reporting/EmployeeDocuments.tsx(119,25): error TS2304: Cannot find name 'useCallback'.
src/components/reporting/EnhancedEmployeeDocuments.tsx(13,10): error TS2305: Module '"@/lib/supabase"' has no exported member 'supabase'.
src/components/TenantDisplay.tsx(14,11): error TS2339: Property 'availableTenants' does not exist on type 'TenantContextType'.
src/components/TenantDisplay.tsx(17,54): error TS2339: Property 'id' does not exist on type 'string'.
src/components/TenantDisplay.tsx(63,11): error TS2339: Property 'availableTenants' does not exist on type 'TenantContextType'.
src/components/TenantDisplay.tsx(65,54): error TS2339: Property 'id' does not exist on type 'string'.
src/components/TenantSelector.tsx(9,5): error TS2339: Property 'setSelectedTenant' does not exist on type 'TenantContextType'.
src/components/TenantSelector.tsx(10,5): error TS2339: Property 'availableTenants' does not exist on type 'TenantContextType'.
src/components/TenantSelector.tsx(11,5): error TS2339: Property 'canSelectTenant' does not exist on type 'TenantContextType'.
src/components/TenantSelector.tsx(12,5): error TS2339: Property 'isDemoMode' does not exist on type 'TenantContextType'.
src/components/TenantSelector.tsx(37,30): error TS2339: Property 'name' does not exist on type 'string'.
src/components/TenantSelector.tsx(68,34): error TS2339: Property 'id' does not exist on type 'string'.
src/components/timecard/TimecardDailyReport.tsx(102,39): error TS2339: Property 'id' does not exist on type 'string'.
src/components/UserCreationModal-supabase.tsx(7,10): error TS2305: Module '"@/lib/supabase"' has no exported member 'supabase'.
src/components/UserInviteModal-supabase.tsx(7,10): error TS2305: Module '"@/lib/supabase"' has no exported member 'supabase'.
src/components/UserInviteModal.tsx(7,10): error TS2305: Module '"@/lib/supabase"' has no exported member 'userManagement'.
src/components/UserInviteModal.tsx(7,26): error TS2305: Module '"@/lib/supabase"' has no exported member 'supabase'.
src/components/UserInviteModal.tsx(7,41): error TS2305: Module '"@/lib/supabase"' has no exported member 'UserInvitationData'.
src/components/UserSwitcher.tsx(106,15): error TS2339: Property 'error' does not exist on type 'void'.
src/contexts/AuthContext-enhanced.tsx(5,10): error TS2305: Module '"@/lib/supabase"' has no exported member 'supabase'.
src/contexts/AuthContext-stable.tsx(310,23): error TS2304: Cannot find name 'useCallback'.
src/contexts/AuthContext.tsx(59,21): error TS2552: Cannot find name 'AuthChangeEvent'. Did you mean 'HashChangeEvent'?
src/contexts/AuthContext.tsx(59,50): error TS2304: Cannot find name 'Session'.
src/contexts/AuthContext.tsx(65,13): error TS2552: Cannot find name 'setSession'. Did you mean 'newSession'?
src/contexts/AuthContext.tsx(71,17): error TS2304: Cannot find name 'loadTenantUser'.
src/contexts/AuthContext.tsx(80,15): error TS2552: Cannot find name 'setTenantUser'. Did you mean 'setTenant'?
src/contexts/AuthContext.tsx(85,13): error TS2552: Cannot find name 'setSession'. Did you mean 'newSession'?
src/contexts/AuthContext.tsx(86,13): error TS2552: Cannot find name 'setTenantUser'. Did you mean 'setTenant'?
src/contexts/AuthContext.tsx(92,24): error TS2304: Cannot find name 'initTimeout'.
src/contexts/AuthContext.tsx(94,11): error TS2304: Cannot find name 'setIsStable'.
src/contexts/AuthContext.tsx(95,11): error TS2304: Cannot find name 'updateServiceAuthContext'.
src/contexts/TenantContext.tsx(5,15): error TS2305: Module '"@/types"' has no exported member 'TenantUser'.
src/hooks/useAuthStable-compatible.tsx(29,22): error TS2339: Property 'isStable' does not exist on type 'AuthContextType'.
src/hooks/useAuthStable-compatible.tsx(37,23): error TS2339: Property 'isStable' does not exist on type 'AuthContextType'.
src/hooks/useAuthStable-compatible.tsx(59,20): error TS2339: Property 'isStable' does not exist on type 'AuthContextType'.
src/hooks/useAuthStable.tsx(17,14): error TS2339: Property 'isStable' does not exist on type 'AuthContextType'.
src/hooks/useAuthStable.tsx(26,21): error TS2339: Property 'isStable' does not exist on type 'AuthContextType'.
src/hooks/useAuthStable.tsx(31,23): error TS2339: Property 'isStable' does not exist on type 'AuthContextType'.
src/hooks/useAuthStable.tsx(36,19): error TS2339: Property 'isStable' does not exist on type 'AuthContextType'.
src/hooks/useAuthStable.tsx(51,19): error TS2339: Property 'isStable' does not exist on type 'AuthContextType'.
src/hooks/useAuthStable.tsx(52,24): error TS2339: Property 'isStable' does not exist on type 'AuthContextType'.
src/hooks/useAuthStable.tsx(71,19): error TS2339: Property 'isStable' does not exist on type 'AuthContextType'.
src/hooks/usePermissions.ts(26,14): error TS2741: Property 'tenant_admin' is missing in type '{ host_admin: { role: "host_admin"; permissions: { feature: "migration-workbench" | "file-upload" | "data-validation" | "employee-data-processing" | "project-management" | "work-requests" | ... 23 more ... | "talent-offers"; permission: "manage"; }[]; }; program_manager: { ...; }; client_admin: { ...; }; client_user...' but required in type 'RolePermissionsMatrix'.
src/hooks/usePermissions.ts(98,17): error TS2339: Property 'tenantUser' does not exist on type 'AuthContextType'.
src/lib/supabase/server.ts(13,24): error TS2339: Property 'get' does not exist on type 'Promise<ReadonlyRequestCookies>'.
src/lib/supabase/server.ts(17,17): error TS2339: Property 'set' does not exist on type 'Promise<ReadonlyRequestCookies>'.
src/lib/supabase/server.ts(21,17): error TS2339: Property 'set' does not exist on type 'Promise<ReadonlyRequestCookies>'.
